Component: ARM Compiler 6.16 Tool: armlink [5dfeaa00]

==============================================================================

Section Cross References

    startup_stm32f427xx.o(STACK) refers (Special) to heapauxi.o(.text) for __use_two_region_memory
    startup_stm32f427xx.o(HEAP) refers (Special) to heapauxi.o(.text) for __use_two_region_memory
    startup_stm32f427xx.o(RESET) refers (Special) to heapauxi.o(.text) for __use_two_region_memory
    startup_stm32f427xx.o(RESET) refers to startup_stm32f427xx.o(STACK) for __initial_sp
    startup_stm32f427xx.o(RESET) refers to startup_stm32f427xx.o(.text) for Reset_Handler
    startup_stm32f427xx.o(RESET) refers to stm32f4xx_it.o(.text.NMI_Handler) for NMI_Handler
    startup_stm32f427xx.o(RESET) refers to stm32f4xx_it.o(.text.HardFault_Handler) for HardFault_Handler
    startup_stm32f427xx.o(RESET) refers to stm32f4xx_it.o(.text.MemManage_Handler) for MemManage_Handler
    startup_stm32f427xx.o(RESET) refers to stm32f4xx_it.o(.text.BusFault_Handler) for BusFault_Handler
    startup_stm32f427xx.o(RESET) refers to stm32f4xx_it.o(.text.UsageFault_Handler) for UsageFault_Handler
    startup_stm32f427xx.o(RESET) refers to port.o(.text.SVC_Handler) for SVC_Handler
    startup_stm32f427xx.o(RESET) refers to stm32f4xx_it.o(.text.DebugMon_Handler) for DebugMon_Handler
    startup_stm32f427xx.o(RESET) refers to port.o(.text.PendSV_Handler) for PendSV_Handler
    startup_stm32f427xx.o(RESET) refers to port.o(.text.SysTick_Handler) for SysTick_Handler
    startup_stm32f427xx.o(RESET) refers to stm32f4xx_it.o(.text.CAN1_RX0_IRQHandler) for CAN1_RX0_IRQHandler
    startup_stm32f427xx.o(RESET) refers to stm32f4xx_it.o(.text.TIM1_UP_TIM10_IRQHandler) for TIM1_UP_TIM10_IRQHandler
    startup_stm32f427xx.o(RESET) refers to interruptservice.o(.text.TIM2_IRQHandler) for TIM2_IRQHandler
    startup_stm32f427xx.o(RESET) refers to interruptservice.o(.text.USART1_IRQHandler) for USART1_IRQHandler
    startup_stm32f427xx.o(RESET) refers to stm32f4xx_it.o(.text.DMA2_Stream1_IRQHandler) for DMA2_Stream1_IRQHandler
    startup_stm32f427xx.o(RESET) refers to stm32f4xx_it.o(.text.DMA2_Stream2_IRQHandler) for DMA2_Stream2_IRQHandler
    startup_stm32f427xx.o(RESET) refers to stm32f4xx_it.o(.text.CAN2_RX0_IRQHandler) for CAN2_RX0_IRQHandler
    startup_stm32f427xx.o(RESET) refers to interruptservice.o(.text.USART6_IRQHandler) for USART6_IRQHandler
    startup_stm32f427xx.o(.text) refers (Special) to heapauxi.o(.text) for __use_two_region_memory
    startup_stm32f427xx.o(.text) refers to system_stm32f4xx.o(.text.SystemInit) for SystemInit
    startup_stm32f427xx.o(.text) refers to __main.o(!!!main) for __main
    startup_stm32f427xx.o(.text) refers to startup_stm32f427xx.o(HEAP) for Heap_Mem
    startup_stm32f427xx.o(.text) refers to startup_stm32f427xx.o(STACK) for Stack_Mem
    main.o(.text.main) refers to stm32f4xx_hal.o(.text.HAL_Init) for HAL_Init
    main.o(.text.main) refers to main.o(.text.SystemClock_Config) for SystemClock_Config
    main.o(.text.main) refers to gpio.o(.text.MX_GPIO_Init) for MX_GPIO_Init
    main.o(.text.main) refers to dma.o(.text.MX_DMA_Init) for MX_DMA_Init
    main.o(.text.main) refers to can.o(.text.MX_CAN1_Init) for MX_CAN1_Init
    main.o(.text.main) refers to can.o(.text.MX_CAN2_Init) for MX_CAN2_Init
    main.o(.text.main) refers to usart.o(.text.MX_USART1_UART_Init) for MX_USART1_UART_Init
    main.o(.text.main) refers to tim.o(.text.MX_TIM2_Init) for MX_TIM2_Init
    main.o(.text.main) refers to tim.o(.text.MX_TIM3_Init) for MX_TIM3_Init
    main.o(.text.main) refers to usart.o(.text.MX_USART6_UART_Init) for MX_USART6_UART_Init
    main.o(.text.main) refers to remote.o(.text.remote_control_init) for remote_control_init
    main.o(.text.main) refers to referee.o(.text.RefereeInit) for RefereeInit
    main.o(.text.main) refers to bsp_can.o(.text.can_filter_init) for can_filter_init
    main.o(.text.main) refers to tim.o(.bss.htim2) for htim2
    main.o(.text.main) refers to stm32f4xx_hal_tim.o(.text.HAL_TIM_Base_Start_IT) for HAL_TIM_Base_Start_IT
    main.o(.text.main) refers to freertos.o(.text.MX_FREERTOS_Init) for MX_FREERTOS_Init
    main.o(.text.main) refers to cmsis_os.o(.text.osKernelStart) for osKernelStart
    main.o(.ARM.exidx.text.main) refers to main.o(.text.main) for [Anonymous Symbol]
    main.o(.text.SystemClock_Config) refers to rt_memclr_w.o(.text) for __aeabi_memclr4
    main.o(.text.SystemClock_Config) refers to stm32f4xx_hal_rcc.o(.text.HAL_RCC_OscConfig) for HAL_RCC_OscConfig
    main.o(.text.SystemClock_Config) refers to stm32f4xx_hal_pwr_ex.o(.text.HAL_PWREx_EnableOverDrive) for HAL_PWREx_EnableOverDrive
    main.o(.text.SystemClock_Config) refers to stm32f4xx_hal_rcc.o(.text.HAL_RCC_ClockConfig) for HAL_RCC_ClockConfig
    main.o(.text.SystemClock_Config) refers to main.o(.text.Error_Handler) for Error_Handler
    main.o(.ARM.exidx.text.SystemClock_Config) refers to main.o(.text.SystemClock_Config) for [Anonymous Symbol]
[...]
    HAL_GetTick                              0x080022f5   Thumb Code    12  stm32f4xx_hal.o(.text.HAL_GetTick)
    HAL_IncTick                              0x08002301   Thumb Code    26  stm32f4xx_hal.o(.text.HAL_IncTick)
    HAL_Init                                 0x0800231d   Thumb Code    54  stm32f4xx_hal.o(.text.HAL_Init)
    HAL_InitTick                             0x08002355   Thumb Code   164  stm32f4xx_hal_timebase_tim.o(.text.HAL_InitTick)
    HAL_MspInit                              0x080023f9   Thumb Code    70  stm32f4xx_hal_msp.o(.text.HAL_MspInit)
    HAL_NVIC_EnableIRQ                       0x08002441   Thumb Code     8  stm32f4xx_hal_cortex.o(.text.HAL_NVIC_EnableIRQ)
    HAL_NVIC_SetPriority                     0x08002449   Thumb Code    30  stm32f4xx_hal_cortex.o(.text.HAL_NVIC_SetPriority)
    HAL_NVIC_SetPriorityGrouping             0x08002469   Thumb Code     8  stm32f4xx_hal_cortex.o(.text.HAL_NVIC_SetPriorityGrouping)
    HAL_PWREx_EnableOverDrive                0x08002471   Thumb Code   122  stm32f4xx_hal_pwr_ex.o(.text.HAL_PWREx_EnableOverDrive)
    HAL_RCC_ClockConfig                      0x080024ed   Thumb Code   352  stm32f4xx_hal_rcc.o(.text.HAL_RCC_ClockConfig)
    HAL_RCC_GetClockConfig                   0x0800264d   Thumb Code    62  stm32f4xx_hal_rcc.o(.text.HAL_RCC_GetClockConfig)
    HAL_RCC_GetHCLKFreq                      0x0800268d   Thumb Code    12  stm32f4xx_hal_rcc.o(.text.HAL_RCC_GetHCLKFreq)
    HAL_RCC_GetPCLK1Freq                     0x08002699   Thumb Code    34  stm32f4xx_hal_rcc.o(.text.HAL_RCC_GetPCLK1Freq)
    HAL_RCC_GetPCLK2Freq                     0x080026bd   Thumb Code    34  stm32f4xx_hal_rcc.o(.text.HAL_RCC_GetPCLK2Freq)
    HAL_RCC_GetSysClockFreq                  0x080026e1   Thumb Code   104  stm32f4xx_hal_rcc.o(.text.HAL_RCC_GetSysClockFreq)
    HAL_RCC_OscConfig                        0x08002749   Thumb Code   840  stm32f4xx_hal_rcc.o(.text.HAL_RCC_OscConfig)
    HAL_TIMEx_BreakCallback                  0x08002a91   Thumb Code     2  stm32f4xx_hal_tim_ex.o(.text.HAL_TIMEx_BreakCallback)
    HAL_TIMEx_CommutCallback                 0x08002a95   Thumb Code     2  stm32f4xx_hal_tim_ex.o(.text.HAL_TIMEx_CommutCallback)
    HAL_TIMEx_MasterConfigSynchronization    0x08002a99   Thumb Code   184  stm32f4xx_hal_tim_ex.o(.text.HAL_TIMEx_MasterConfigSynchronization)
    HAL_TIM_Base_Init                        0x08002b51   Thumb Code    90  stm32f4xx_hal_tim.o(.text.HAL_TIM_Base_Init)
    HAL_TIM_Base_MspInit                     0x08002bad   Thumb Code   108  tim.o(.text.HAL_TIM_Base_MspInit)
    HAL_TIM_Base_Start_IT                    0x08002c19   Thumb Code   168  stm32f4xx_hal_tim.o(.text.HAL_TIM_Base_Start_IT)
    HAL_TIM_ConfigClockSource                0x08002cc1   Thumb Code   222  stm32f4xx_hal_tim.o(.text.HAL_TIM_ConfigClockSource)
    HAL_TIM_IC_CaptureCallback               0x08002da1   Thumb Code     2  stm32f4xx_hal_tim.o(.text.HAL_TIM_IC_CaptureCallback)
    HAL_TIM_IRQHandler                       0x08002da5   Thumb Code   362  stm32f4xx_hal_tim.o(.text.HAL_TIM_IRQHandler)
    HAL_TIM_OC_DelayElapsedCallback          0x08002f11   Thumb Code     2  stm32f4xx_hal_tim.o(.text.HAL_TIM_OC_DelayElapsedCallback)
    HAL_TIM_PWM_ConfigChannel                0x08002f15   Thumb Code   152  stm32f4xx_hal_tim.o(.text.HAL_TIM_PWM_ConfigChannel)
    HAL_TIM_PWM_Init                         0x08002fad   Thumb Code    90  stm32f4xx_hal_tim.o(.text.HAL_TIM_PWM_Init)
    HAL_TIM_PWM_MspInit                      0x08003009   Thumb Code     2  stm32f4xx_hal_tim.o(.text.HAL_TIM_PWM_MspInit)
    HAL_TIM_PWM_PulseFinishedCallback        0x0800300d   Thumb Code     2  stm32f4xx_hal_tim.o(.text.HAL_TIM_PWM_PulseFinishedCallback)
    HAL_TIM_PWM_Stop                         0x08003011   Thumb Code   130  stm32f4xx_hal_tim.o(.text.HAL_TIM_PWM_Stop)
    HAL_TIM_PeriodElapsedCallback            0x08003095   Thumb Code    20  main.o(.text.HAL_TIM_PeriodElapsedCallback)
    HAL_TIM_TriggerCallback                  0x080030a9   Thumb Code     2  stm32f4xx_hal_tim.o(.text.HAL_TIM_TriggerCallback)
    HAL_UARTEx_RxEventCallback               0x080030ad   Thumb Code     2  stm32f4xx_hal_uart.o(.text.HAL_UARTEx_RxEventCallback)
    HAL_UART_DMAStop                         0x080030b1   Thumb Code   120  stm32f4xx_hal_uart.o(.text.HAL_UART_DMAStop)
    HAL_UART_ErrorCallback                   0x08003129   Thumb Code     2  stm32f4xx_hal_uart.o(.text.HAL_UART_ErrorCallback)
    HAL_UART_Init                            0x0800312d   Thumb Code    94  stm32f4xx_hal_uart.o(.text.HAL_UART_Init)
    HAL_UART_MspInit                         0x0800318d   Thumb Code   442  usart.o(.text.HAL_UART_MspInit)
    HAL_UART_Receive_DMA                     0x08003349   Thumb Code    56  stm32f4xx_hal_uart.o(.text.HAL_UART_Receive_DMA)
    HAL_UART_RxCpltCallback                  0x08003381   Thumb Code     2  stm32f4xx_hal_uart.o(.text.HAL_UART_RxCpltCallback)
    HAL_UART_RxHalfCpltCallback              0x08003385   Thumb Code     2  stm32f4xx_hal_uart.o(.text.HAL_UART_RxHalfCpltCallback)
    HandleChassisDownside                    0x08003389   Thumb Code    24  remote.o(.text.HandleChassisDownside)
    HandleChassisLeftside                    0x080033a1   Thumb Code    24  remote.o(.text.HandleChassisLeftside)
    HandleChassisRightside                   0x080033b9   Thumb Code    24  remote.o(.text.HandleChassisRightside)
    HandleChassisUpside                      0x080033d1   Thumb Code    24  remote.o(.text.HandleChassisUpside)
    HandleDial                               0x080033e9   Thumb Code    24  remote.o(.text.HandleDial)
    HandleGimbalDownside                     0x08003401   Thumb Code    24  remote.o(.text.HandleGimbalDownside)
    HandleGimbalLeftside                     0x08003419   Thumb Code    24  remote.o(.text.HandleGimbalLeftside)
    HandleGimbalRightside                    0x08003431   Thumb Code    24  remote.o(.text.HandleGimbalRightside)
    HandleGimbalUpside                       0x08003449   Thumb Code    24  remote.o(.text.HandleGimbalUpside)
    HardFault_Handler                        0x08003461   Thumb Code     2  stm32f4xx_it.o(.text.HardFault_Handler)
    LauchThread                              0x08003465   Thumb Code    94  lauchthread.o(.text.LauchThread)
    MX_CAN1_Init                             0x080034c5   Thumb Code    60  can.o(.text.MX_CAN1_Init)
    MX_CAN2_Init                             0x08003501   Thumb Code    60  can.o(.text.MX_CAN2_Init)
    MX_DMA_Init                              0x0800353d   Thumb Code    70  dma.o(.text.MX_DMA_Init)
    MX_FREERTOS_Init                         0x08003585   Thumb Code   160  freertos.o(.text.MX_FREERTOS_Init)
    MX_GPIO_Init                             0x08003625   Thumb Code   548  gpio.o(.text.MX_GPIO_Init)
    MX_TIM2_Init                             0x08003849   Thumb Code   120  tim.o(.text.MX_TIM2_Init)
    MX_TIM3_Init                             0x080038c1   Thumb Code   196  tim.o(.text.MX_TIM3_Init)
    MX_USART1_UART_Init                      0x08003985   Thumb Code    66  usart.o(.text.MX_USART1_UART_Init)
    MX_USART6_UART_Init                      0x080039c9   Thumb Code    56  usart.o(.text.MX_USART6_UART_Init)
    MemManage_Handler                        0x08003a01   Thumb Code     2  stm32f4xx_it.o(.text.MemManage_Handler)
    MotorAlgorithmUpdate                     0x08003a05   Thumb Code  1024  lauchthread.o(.text.MotorAlgorithmUpdate)
    MotorMeasureUpdate                       0x08003e05   Thumb Code    96  lauchthread.o(.text.MotorMeasureUpdate)
    MotorProcess                             0x08003e65   Thumb Code   342  motor.o(.text.MotorProcess)
    NMI_Handler                              0x08003fbd   Thumb Code     2  stm32f4xx_it.o(.text.NMI_Handler)
    PID_calc                                 0x08003fed   Thumb Code   540  pid.o(.text.PID_calc)
    PID_init                                 0x08004209   Thumb Code    52  pid.o(.text.PID_init)
    PendSV_Handler                           0x08004241   Thumb Code   100  port.o(.text.PendSV_Handler)
    PitchAngleEncoderOfflineCounterUpdate    0x080042a5   Thumb Code    14  interruptservice.o(.text.PitchAngleEncoderOfflineCounterUpdate)
    PitchMotorOfflineCounterUpdate           0x080042b5   Thumb Code    14  interruptservice.o(.text.PitchMotorOfflineCounterUpdate)
    RefereeInit                              0x080042c5   Thumb Code    18  referee.o(.text.RefereeInit)
    RefereeOfflineCounterUpdate              0x080042d9   Thumb Code    14  interruptservice.o(.text.RefereeOfflineCounterUpdate)
    RemoteChannalLeftX                       0x080042e9   Thumb Code    36  remote.o(.text.RemoteChannalLeftX)
    RemoteDial                               0x0800430d   Thumb Code    36  remote.o(.text.RemoteDial)
    RemoteOfflineCounterUpdate               0x08004331   Thumb Code    14  interruptservice.o(.text.RemoteOfflineCounterUpdate)
    SVC_Handler                              0x08004341   Thumb Code    36  port.o(.text.SVC_Handler)
    ShootCommandUpdate                       0x08004365   Thumb Code  1124  lauchthread.o(.text.ShootCommandUpdate)
    ShootDiffCompensate                      0x080047c9   Thumb Code   348  lauchthread.o(.text.ShootDiffCompensate)
    ShootMotorControl                        0x08004925   Thumb Code   106  motor.o(.text.ShootMotorControl)
    ShootMotorMeasureUpdate                  0x08004991   Thumb Code    66  motor.o(.text.ShootMotorMeasureUpdate)
    ShootMotorOfflineCounterUpdate           0x080049d5   Thumb Code    18  interruptservice.o(.text.ShootMotorOfflineCounterUpdate)
    StartDefaultTask                         0x080049e9   Thumb Code     8  freertos.o(.text.StartDefaultTask)
    SysTick_Handler                          0x080049f1   Thumb Code    46  port.o(.text.SysTick_Handler)
    SystemClock_Config                       0x08004a21   Thumb Code   174  main.o(.text.SystemClock_Config)
    SystemInit                               0x08004ad1   Thumb Code    18  system_stm32f4xx.o(.text.SystemInit)
    TIM1_UP_TIM10_IRQHandler                 0x08004ae5   Thumb Code    16  stm32f4xx_it.o(.text.TIM1_UP_TIM10_IRQHandler)
    TIM2_IRQHandler                          0x08004af5   Thumb Code    20  interruptservice.o(.text.TIM2_IRQHandler)
    TIM_Base_SetConfig                       0x08004b09   Thumb Code   292  stm32f4xx_hal_tim.o(.text.TIM_Base_SetConfig)
    TIM_CCxChannelCmd                        0x08004c2d   Thumb Code    36  stm32f4xx_hal_tim.o(.text.TIM_CCxChannelCmd)
    TIM_ETR_SetConfig                        0x08004c51   Thumb Code    22  stm32f4xx_hal_tim.o(.text.TIM_ETR_SetConfig)
    TIM_OC2_SetConfig                        0x08004cdd   Thumb Code   106  stm32f4xx_hal_tim.o(.text.TIM_OC2_SetConfig)
    TimerTaskLoop1000Hz                      0x08004e49   Thumb Code    26  interruptservice.o(.text.TimerTaskLoop1000Hz)
    UART_Start_Receive_DMA                   0x08005095   Thumb Code   154  stm32f4xx_hal_uart.o(.text.UART_Start_Receive_DMA)
    USART1_IRQHandler                        0x08005131   Thumb Code   112  interruptservice.o(.text.USART1_IRQHandler)
    USART6_IRQHandler                        0x080051a1   Thumb Code   102  interruptservice.o(.text.USART6_IRQHandler)
    UsageFault_Handler                       0x08005209   Thumb Code     2  stm32f4xx_it.o(.text.UsageFault_Handler)
    YawAngleEncoderOfflineCounterUpdate      0x0800520d   Thumb Code    14  interruptservice.o(.text.YawAngleEncoderOfflineCounterUpdate)
    YawMotorOfflineCounterUpdate             0x0800521d   Thumb Code    14  interruptservice.o(.text.YawMotorOfflineCounterUpdate)
    can_filter_init                          0x080052a1   Thumb Code    98  bsp_can.o(.text.can_filter_init)
    cascade_PID_calc                         0x08005305   Thumb Code    70  pid.o(.text.cascade_PID_calc)
    cascade_PID_init                         0x0800534d   Thumb Code   128  pid.o(.text.cascade_PID_init)
    choose_shortest_path                     0x080053cd   Thumb Code    78  user_lib.o(.text.choose_shortest_path)
    fal                                      0x0800541d   Thumb Code   196  user_lib.o(.text.fal)
    fp32NormalizedLimit                      0x080054e1   Thumb Code    44  remote.o(.text.fp32NormalizedLimit)
    fst                                      0x0800550d   Thumb Code   216  adrc.o(.text.fst)
    get_remote_control_point                 0x080055e5   Thumb Code    10  remote.o(.text.get_remote_control_point)
    in_range                                 0x080055f1   Thumb Code    34  user_lib.o(.text.in_range)
    intNormalizedLimit                       0x08005615   Thumb Code    12  remote.o(.text.intNormalizedLimit)
    is_zero                                  0x08005621   Thumb Code    28  user_lib.o(.text.is_zero)
    main                                     0x0800563d   Thumb Code    74  main.o(.text.main)
    osDelay                                  0x08005695   Thumb Code    16  cmsis_os.o(.text.osDelay)
    osKernelStart                            0x080056a5   Thumb Code    10  cmsis_os.o(.text.osKernelStart)
    osThreadCreate                           0x080056b1   Thumb Code   110  cmsis_os.o(.text.osThreadCreate)
    pvPortMalloc                             0x08005b75   Thumb Code   330  heap_4.o(.text.pvPortMalloc)
    pxPortInitialiseStack                    0x08005cc1   Thumb Code    40  port.o(.text.pxPortInitialiseStack)
    remote_control_init                      0x08005ce9   Thumb Code    18  remote.o(.text.remote_control_init)
    sbus_to_rc                               0x08005cfd   Thumb Code   322  remote.o(.text.sbus_to_rc)
    sign                                     0x08005e41   Thumb Code    36  user_lib.o(.text.sign)
    usart1_rx_dma_init                       0x08005e65   Thumb Code    36  bsp_usart.o(.text.usart1_rx_dma_init)
    usart6_rx_dma_init                       0x08005e89   Thumb Code    36  bsp_usart.o(.text.usart6_rx_dma_init)
    uxListRemove                             0x08005ead   Thumb Code    36  list.o(.text.uxListRemove)
    vApplicationGetIdleTaskMemory            0x08005ed1   Thumb Code    26  freertos.o(.text.vApplicationGetIdleTaskMemory)
    vListInitialise                          0x08005eed   Thumb Code    22  list.o(.text.vListInitialise)
    vListInitialiseItem                      0x08005f05   Thumb Code     6  list.o(.text.vListInitialiseItem)
    vListInsert                              0x08005f0d   Thumb Code    58  list.o(.text.vListInsert)
    vListInsertEnd                           0x08005f49   Thumb Code    28  list.o(.text.vListInsertEnd)
    vPortEnterCritical                       0x08005f79   Thumb Code    70  port.o(.text.vPortEnterCritical)
    vPortExitCritical                        0x08005fc1   Thumb Code    46  port.o(.text.vPortExitCritical)
    vPortFree                                0x08005ff1   Thumb Code   138  heap_4.o(.text.vPortFree)
    vPortSetupTimerInterrupt                 0x0800607d   Thumb Code    52  port.o(.text.vPortSetupTimerInterrupt)
    vTaskDelay                               0x080060b1   Thumb Code    84  tasks.o(.text.vTaskDelay)
    vTaskStartScheduler                      0x08006105   Thumb Code   120  tasks.o(.text.vTaskStartScheduler)
    vTaskSuspendAll                          0x08006185   Thumb Code    16  tasks.o(.text.vTaskSuspendAll)
    vTaskSwitchContext                       0x08006195   Thumb Code   134  tasks.o(.text.vTaskSwitchContext)
    xPortStartScheduler                      0x0800621d   Thumb Code   274  port.o(.text.xPortStartScheduler)
    xTaskCreate                              0x08006331   Thumb Code   102  tasks.o(.text.xTaskCreate)
    xTaskCreateStatic                        0x08006399   Thumb Code   118  tasks.o(.text.xTaskCreateStatic)
    xTaskIncrementTick                       0x08006411   Thumb Code   356  tasks.o(.text.xTaskIncrementTick)
    xTaskResumeAll                           0x08006575   Thumb Code   280  tasks.o(.text.xTaskResumeAll)
    __ARM_fpclassify                         0x0800668d   Thumb Code    48  fpclassify.o(i.__ARM_fpclassify)
    __hardfp_pow                             0x080066c1   Thumb Code  3088  pow.o(i.__hardfp_pow)
    __hardfp_sqrt                            0x08007321   Thumb Code   122  sqrt.o(i.__hardfp_sqrt)
    __kernel_poly                            0x0800739b   Thumb Code   248  poly.o(i.__kernel_poly)
    __mathlib_dbl_divzero                    0x08007499   Thumb Code    28  dunder.o(i.__mathlib_dbl_divzero)
    __mathlib_dbl_infnan2                    0x080074c9   Thumb Code    20  dunder.o(i.__mathlib_dbl_infnan2)
    __mathlib_dbl_invalid                    0x080074e1   Thumb Code    24  dunder.o(i.__mathlib_dbl_invalid)
    __mathlib_dbl_overflow                   0x08007501   Thumb Code    24  dunder.o(i.__mathlib_dbl_overflow)
    __mathlib_dbl_underflow                  0x08007521   Thumb Code    24  dunder.o(i.__mathlib_dbl_underflow)
    fabs                                     0x08007541   Thumb Code    24  fabs.o(i.fabs)
    sqrt                                     0x08007559   Thumb Code   110  sqrt.o(i.sqrt)
    __aeabi_dneg                             0x080075c7   Thumb Code     0  basic.o(x$fpl$basic)
    _dneg                                    0x080075c7   Thumb Code     6  basic.o(x$fpl$basic)
    __aeabi_fneg                             0x080075cd   Thumb Code     0  basic.o(x$fpl$basic)
    _fneg                                    0x080075cd   Thumb Code     6  basic.o(x$fpl$basic)
    _dabs                                    0x080075d3   Thumb Code     6  basic.o(x$fpl$basic)
    _fabs                                    0x080075d9   Thumb Code     6  basic.o(x$fpl$basic)
    __aeabi_d2f                              0x080075e1   Thumb Code     0  d2f.o(x$fpl$d2f)
    _d2f                                     0x080075e1   Thumb Code    98  d2f.o(x$fpl$d2f)
    __aeabi_dadd                             0x08007645   Thumb Code     0  daddsub_clz.o(x$fpl$dadd)
    _dadd                                    0x08007645   Thumb Code   332  daddsub_clz.o(x$fpl$dadd)
    __fpl_dcheck_NaN1                        0x08007795   Thumb Code    10  dcheck1.o(x$fpl$dcheck1)
    __fpl_dcmp_Inf                           0x080077a5   Thumb Code    24  dcmpi.o(x$fpl$dcmpinf)
    __aeabi_ddiv                             0x080077bd   Thumb Code     0  ddiv.o(x$fpl$ddiv)
    _ddiv                                    0x080077bd   Thumb Code   556  ddiv.o(x$fpl$ddiv)
    __aeabi_i2d                              0x08007a71   Thumb Code     0  dflt_clz.o(x$fpl$dflt)
    _dflt                                    0x08007a71   Thumb Code    46  dflt_clz.o(x$fpl$dflt)
    __aeabi_cdcmple                          0x08007aa1   Thumb Code     0  dleqf.o(x$fpl$dleqf)
    _dcmple                                  0x08007aa1   Thumb Code   120  dleqf.o(x$fpl$dleqf)
    __fpl_dcmple_InfNaN                      0x08007b03   Thumb Code     0  dleqf.o(x$fpl$dleqf)
    __aeabi_dmul                             0x08007b19   Thumb Code     0  dmul.o(x$fpl$dmul)
    _dmul                                    0x08007b19   Thumb Code   332  dmul.o(x$fpl$dmul)
    __fpl_dnaninf                            0x08007c6d   Thumb Code   156  dnaninf.o(x$fpl$dnaninf)
    __fpl_dretinf                            0x08007d09   Thumb Code    12  dretinf.o(x$fpl$dretinf)
    __aeabi_cdrcmple                         0x08007d15   Thumb Code     0  drleqf.o(x$fpl$drleqf)
    _drcmple                                 0x08007d15   Thumb Code   108  drleqf.o(x$fpl$drleqf)
    __aeabi_drsub                            0x08007d81   Thumb Code     0  daddsub_clz.o(x$fpl$drsb)
    _drsb                                    0x08007d81   Thumb Code    22  daddsub_clz.o(x$fpl$drsb)
    _dsqrt                                   0x08007d99   Thumb Code   404  dsqrt_umaal.o(x$fpl$dsqrt)
    __aeabi_dsub                             0x08007f31   Thumb Code     0  daddsub_clz.o(x$fpl$dsub)
    _dsub                                    0x08007f31   Thumb Code   472  daddsub_clz.o(x$fpl$dsub)
    __aeabi_f2d                              0x0800810d   Thumb Code     0  f2d.o(x$fpl$f2d)
    _f2d                                     0x0800810d   Thumb Code    86  f2d.o(x$fpl$f2d)
    __fpl_fnaninf                            0x08008163   Thumb Code   140  fnaninf.o(x$fpl$fnaninf)
    _fp_init                                 0x080081ef   Thumb Code    26  fpinit.o(x$fpl$fpinit)
    __fplib_config_fpu_vfp                   0x08008207   Thumb Code     0  fpinit.o(x$fpl$fpinit)
    __fplib_config_pureend_doubles           0x08008207   Thumb Code     0  fpinit.o(x$fpl$fpinit)
    __fpl_fretinf                            0x08008209   Thumb Code    10  fretinf.o(x$fpl$fretinf)
    __fpl_return_NaN                         0x08008213   Thumb Code   100  retnan.o(x$fpl$retnan)
    __ARM_scalbn                             0x08008277   Thumb Code    92  scalbn.o(x$fpl$scalbn)
    __fpl_cmpreturn                          0x080082d3   Thumb Code    48  trapv.o(x$fpl$trapveneer)
    __I$use$fp                               0x08008302   Number         0  usenofp.o(x$fpl$usenofp)
    __mathlib_zero                           0x08008390   Data           8  qnan.o(.constdata)
    AHBPrescTable                            0x080083ec   Data          16  system_stm32f4xx.o(.rodata.AHBPrescTable)
    APBPrescTable                            0x080083fc   Data           8  system_stm32f4xx.o(.rodata.APBPrescTable)
    Region$$Table$$Base                      0x08008424   Number         0  anon$$obj.o(Region$$Table)
    Region$$Table$$Limit                     0x08008444   Number         0  anon$$obj.o(Region$$Table)
    ADRC_SHOOT_DEFAULT                       0x20000000   Data          48  lauchthread.o(.data.ADRC_SHOOT_DEFAULT)
    CHAIN_OPERATE                            0x20000030   Data          12  lauchthread.o(.data.CHAIN_OPERATE)
    PITCH_ANGLE_OPERATE                      0x2000003c   Data          12  lauchthread.o(.data.PITCH_ANGLE_OPERATE)
    PITCH_SPEED_OPERATE                      0x20000048   Data          12  lauchthread.o(.data.PITCH_SPEED_OPERATE)
    RACK_LAUCH_TIME                          0x20000054   Data          16  lauchthread.o(.data.RACK_LAUCH_TIME)
    SystemCoreClock                          0x20000064   Data           4  system_stm32f4xx.o(.data.SystemCoreClock)
    YAW_ANGLE_OPERATE                        0x20000068   Data          12  lauchthread.o(.data.YAW_ANGLE_OPERATE)
    YAW_SPEED_OPERATE                        0x20000074   Data          12  lauchthread.o(.data.YAW_SPEED_OPERATE)
    uwTickFreq                               0x20000080   Data           1  stm32f4xx_hal.o(.data.uwTickFreq)
    uwTickPrio                               0x20000084   Data           4  stm32f4xx_hal.o(.data.uwTickPrio)
    __libspace_start                         0x20000090   Data          96  libspace.o(.bss)
    CHAIN_MATCH_SPEED                        0x200000f0   Data           4  lauchthread.o(.bss.CHAIN_MATCH_SPEED)
    __temporary_stack_top$libspace           0x200000f0   Data           0  libspace.o(.bss)
    DART_RACK_AIM_SHOOT                      0x200000f6   Data           1  lauchthread.o(.bss.DART_RACK_AIM_SHOOT)
    DART_RACK_CHAIN_START_TIME               0x200000f8   Data           4  lauchthread.o(.bss.DART_RACK_CHAIN_START_TIME)
    DART_RACK_CLIENT_CMD                     0x200000fc   Data           1  lauchthread.o(.bss.DART_RACK_CLIENT_CMD)
    DART_RACK_FINISH_FLAG                    0x200000fd   Data           1  lauchthread.o(.bss.DART_RACK_FINISH_FLAG)
    DART_RACK_NUM_COUNT                      0x200000fe   Data           1  lauchthread.o(.bss.DART_RACK_NUM_COUNT)
    DART_RACK_SHELTER_TIME_COUNT             0x20000100   Data           4  lauchthread.o(.bss.DART_RACK_SHELTER_TIME_COUNT)
    DRSlast                                  0x20000104   Data           1  lauchthread.o(.bss.DRSlast)
    DRSthis                                  0x20000105   Data           1  lauchthread.o(.bss.DRSthis)
    DartRack                                 0x20000108   Data        2120  lauchthread.o(.bss.DartRack)
    DebugLightThreadHandle                   0x20000950   Data           4  freertos.o(.bss.DebugLightThreadHandle)
    FRICTION_CMD_TEMP                        0x20000954   Data           4  lauchthread.o(.bss.FRICTION_CMD_TEMP)
    FRICTION_COARSE_INIT_FLAG                0x20000958   Data           1  lauchthread.o(.bss.FRICTION_COARSE_INIT_FLAG)
    FRICTION_COARSE_TUNE_FLAG                0x20000959   Data           1  lauchthread.o(.bss.FRICTION_COARSE_TUNE_FLAG)
    KeyFormerChannal                         0x20000960   Data           2  remote.o(.bss.KeyFormerChannal)
    KeyJumpChannal                           0x20000962   Data           2  remote.o(.bss.KeyJumpChannal)
    LAUCH_CMD_FLAG                           0x20000964   Data           1  lauchthread.o(.bss.LAUCH_CMD_FLAG)
    LauchThreadHandle                        0x20000968   Data           4  freertos.o(.bss.LauchThreadHandle)
    Offline                                  0x2000097c   Data          11  lauchthread.o(.bss.Offline)
    OfflineCounter                           0x20000994   Data          44  interruptservice.o(.bss.OfflineCounter)
    OfflineMonitor                           0x200009c0   Data          11  interruptservice.o(.bss.OfflineMonitor)
    Referee                                  0x200009d4   Data           6  lauchthread.o(.bss.Referee)
    RefereeInformation                       0x200009da   Data           6  referee.o(.bss.RefereeInformation)
    Remote                                   0x200009e0   Data          24  lauchthread.o(.bss.Remote)
    SHOOT_MATCH_FIRST_SPEED                  0x200009f8   Data           4  lauchthread.o(.bss.SHOOT_MATCH_FIRST_SPEED)
    SHOOT_MATCH_SECOND_SPEED                 0x200009fc   Data           4  lauchthread.o(.bss.SHOOT_MATCH_SECOND_SPEED)
    SystemTimer                              0x20000a28   Data           4  interruptservice.o(.bss.SystemTimer)
    YAW_BASE_ANGLE                           0x20000a2c   Data           4  lauchthread.o(.bss.YAW_BASE_ANGLE)
    YAW_CMD_TEMP                             0x20000a30   Data           4  lauchthread.o(.bss.YAW_CMD_TEMP)
    YAW_TARGET_ANGLE                         0x20000a34   Data           4  lauchthread.o(.bss.YAW_TARGET_ANGLE)
    YAW_TOWER_ANGLE                          0x20000a38   Data           4  lauchthread.o(.bss.YAW_TOWER_ANGLE)
    cmd_id                                   0x20000a5c   Data           2  referee.o(.bss.cmd_id)
    defaultTaskHandle                        0x20000a60   Data           4  freertos.o(.bss.defaultTaskHandle)
    hcan1                                    0x20000a64   Data          40  can.o(.bss.hcan1)
    hcan2                                    0x20000a8c   Data          40  can.o(.bss.hcan2)
    hdma_usart1_rx                           0x20000ab4   Data          96  usart.o(.bss.hdma_usart1_rx)
    hdma_usart6_rx                           0x20000b14   Data          96  usart.o(.bss.hdma_usart6_rx)
    htim1                                    0x20000b74   Data          72  stm32f4xx_hal_timebase_tim.o(.bss.htim1)
    htim2                                    0x20000bbc   Data          72  tim.o(.bss.htim2)
    htim3                                    0x20000c04   Data          72  tim.o(.bss.htim3)
    huart1                                   0x20000c4c   Data          68  usart.o(.bss.huart1)
    huart6                                   0x20000c90   Data          68  usart.o(.bss.huart6)
    pxCurrentTCB                             0x20000cd4   Data           4  tasks.o(.bss.pxCurrentTCB)
    rc_ctrl                                  0x20000d70   Data          24  remote.o(.bss.rc_ctrl)
    referee_rx_buf                           0x20000d88   Data          80  referee.o(.bss.referee_rx_buf)
    referee_rx_len                           0x20000dd8   Data           1  interruptservice.o(.bss.referee_rx_len)
    rx_header                                0x20000ddc   Data          28  interruptservice.o(.bss.rx_header)
    rx_len                                   0x20000df8   Data           1  interruptservice.o(.bss.rx_len)
    sbus_rx_buf                              0x20000df9   Data          36  remote.o(.bss.sbus_rx_buf)
    uwTick                                   0x20004a30   Data           4  stm32f4xx_hal.o(.bss.uwTick)



==============================================================================

Memory Map of the image

  Image Entry point : 0x080001ad

  Load Region LR_IROM1 (Base: 0x08000000, Size: 0x000084d8, Max: 0x00200000, ABSOLUTE)

    Execution Region ER_IROM1 (Exec base: 0x08000000, Load base: 0x08000000, Size: 0x00008444, Max: 0x00200000, ABSOLUTE)

    Exec Addr    Load Addr    Size         Type   Attr      Idx    E Section Name        Object

    0x08000000   0x08000000   0x000001ac   Data   RO            3    RESET               startup_stm32f427xx.o
    0x080001ac   0x080001ac   0x00000008   Code   RO         3675  * !!!main             c_w.l(__main.o)
    0x080001b4   0x080001b4   0x00000034   Code   RO         4014    !!!scatter          c_w.l(__scatter.o)
    0x080001e8   0x080001e8   0x0000001a   Code   RO         4016    !!handler_copy      c_w.l(__scatter_copy.o)
    0x08000202   0x08000202   0x00000002   PAD
    0x08000204   0x08000204   0x0000001c   Code   RO         4018    !!handler_zi        c_w.l(__scatter_zi.o)
    0x08000220   0x08000220   0x00000002   Code   RO         3877    .ARM.Collect$$libinit$$00000000  c_w.l(libinit.o)
    0x08000222   0x08000222   0x00000004   Code   RO         3888    .ARM.Collect$$libinit$$00000001  c_w.l(libinit2.o)
    0x08000226   0x08000226   0x00000000   Code   RO         3891    .ARM.Collect$$libinit$$00000004  c_w.l(libinit2.o)
    0x08000226   0x08000226   0x00000000   Code   RO         3894    .ARM.Collect$$libinit$$0000000A  c_w.l(libinit2.o)
    0x08000226   0x08000226   0x00000000   Code   RO         3896    .ARM.Collect$$libinit$$0000000C  c_w.l(libinit2.o)
    0x08000226   0x08000226   0x00000000   Code   RO         3898    .ARM.Collect$$libinit$$0000000E  c_w.l(libinit2.o)
    0x08000226   0x08000226   0x00000000   Code   RO         3901    .ARM.Collect$$libinit$$00000011  c_w.l(libinit2.o)
    0x08000226   0x08000226   0x00000000   Code   RO         3903    .ARM.Collect$$libinit$$00000013  c_w.l(libinit2.o)
    0x08000226   0x08000226   0x00000000   Code   RO         3905    .ARM.Collect$$libinit$$00000015  c_w.l(libinit2.o)
    0x08000226   0x08000226   0x00000000   Code   RO         3907    .ARM.Collect$$libinit$$00000017  c_w.l(libinit2.o)
    0x08000226   0x08000226   0x00000000   Code   RO         3909    .ARM.Collect$$libinit$$00000019  c_w.l(libinit2.o)
    0x08000226   0x08000226   0x00000000   Code   RO         3911    .ARM.Collect$$libinit$$0000001B  c_w.l(libinit2.o)
    0x08000226   0x08000226   0x00000000   Code   RO         3913    .ARM.Collect$$libinit$$0000001D  c_w.l(libinit2.o)
    0x08000226   0x08000226   0x00000000   Code   RO         3915    .ARM.Collect$$libinit$$0000001F  c_w.l(libinit2.o)
    0x08000226   0x08000226   0x00000000   Code   RO         3917    .ARM.Collect$$libinit$$00000021  c_w.l(libinit2.o)
    0x08000226   0x08000226   0x00000000   Code   RO         3919    .ARM.Collect$$libinit$$00000023  c_w.l(libinit2.o)
    0x08000226   0x08000226   0x00000000   Code   RO         3921    .ARM.Collect$$libinit$$00000025  c_w.l(libinit2.o)
    0x08000226   0x08000226   0x00000000   Code   RO         3925    .ARM.Collect$$libinit$$0000002C  c_w.l(libinit2.o)
    0x08000226   0x08000226   0x00000000   Code   RO         3927    .ARM.Collect$$libinit$$0000002E  c_w.l(libinit2.o)
    0x08000226   0x08000226   0x00000000   Code   RO         3929    .ARM.Collect$$libinit$$00000030  c_w.l(libinit2.o)
    0x08000226   0x08000226   0x00000000   Code   RO         3931    .ARM.Collect$$libinit$$00000032  c_w.l(libinit2.o)
    0x08000226   0x08000226   0x00000002   Code   RO         3932    .ARM.Collect$$libinit$$00000033  c_w.l(libinit2.o)
    0x08000228   0x08000228   0x00000002   Code   RO         3969    .ARM.Collect$$libshutdown$$00000000  c_w.l(libshutdown.o)
    0x0800022a   0x0800022a   0x00000000   Code   RO         3997    .ARM.Collect$$libshutdown$$00000002  c_w.l(libshutdown2.o)
    0x0800022a   0x0800022a   0x00000000   Code   RO         3999    .ARM.Collect$$libshutdown$$00000004  c_w.l(libshutdown2.o)
    0x0800022a   0x0800022a   0x00000000   Code   RO         4002    .ARM.Collect$$libshutdown$$00000007  c_w.l(libshutdown2.o)
    0x0800022a   0x0800022a   0x00000000   Code   RO         4005    .ARM.Collect$$libshutdown$$0000000A  c_w.l(libshutdown2.o)
    0x0800022a   0x0800022a   0x00000000   Code   RO         4007    .ARM.Collect$$libshutdown$$0000000C  c_w.l(libshutdown2.o)
    0x0800022a   0x0800022a   0x00000000   Code   RO         4010    .ARM.Collect$$libshutdown$$0000000F  c_w.l(libshutdown2.o)
    0x0800022a   0x0800022a   0x00000002   Code   RO         4011    .ARM.Collect$$libshutdown$$00000010  c_w.l(libshutdown2.o)
    0x0800022c   0x0800022c   0x00000000   Code   RO         3762    .ARM.Collect$$rtentry$$00000000  c_w.l(__rtentry.o)
    0x0800022c   0x0800022c   0x00000000   Code   RO         3836    .ARM.Collect$$rtentry$$00000002  c_w.l(__rtentry2.o)
    0x0800022c   0x0800022c   0x00000006   Code   RO         3848    .ARM.Collect$$rtentry$$00000004  c_w.l(__rtentry4.o)
    0x08000232   0x08000232   0x00000000   Code   RO         3838    .ARM.Collect$$rtentry$$00000009  c_w.l(__rtentry2.o)
    0x08000232   0x08000232   0x00000004   Code   RO         3839    .ARM.Collect$$rtentry$$0000000A  c_w.l(__rtentry2.o)
    0x08000236   0x08000236   0x00000000   Code   RO         3841    .ARM.Collect$$rtentry$$0000000C  c_w.l(__rtentry2.o)
    0x08000236   0x08000236   0x00000008   Code   RO         3842    .ARM.Collect$$rtentry$$0000000D  c_w.l(__rtentry2.o)
    0x0800023e   0x0800023e   0x00000002   Code   RO         3880    .ARM.Collect$$rtexit$$00000000  c_w.l(rtexit.o)
    0x08000240   0x08000240   0x00000000   Code   RO         3940    .ARM.Collect$$rtexit$$00000002  c_w.l(rtexit2.o)
    0x08000240   0x08000240   0x00000004   Code   RO         3941    .ARM.Collect$$rtexit$$00000003  c_w.l(rtexit2.o)
    0x08000244   0x08000244   0x00000006   Code   RO         3942    .ARM.Collect$$rtexit$$00000004  c_w.l(rtexit2.o)
    0x0800024a   0x0800024a   0x00000002   PAD
    0x0800024c   0x0800024c   0x00000040   Code   RO            4    .text               startup_stm32f427xx.o
    0x0800028c   0x0800028c   0x000000f0   Code   RO         3659    .text               c_w.l(lludivv7m.o)
    0x0800037c   0x0800037c   0x0000008a   Code   RO         3663    .text               c_w.l(rt_memcpy_v6.o)
    0x08000406   0x08000406   0x00000064   Code   RO         3665    .text               c_w.l(rt_memcpy_w.o)
    0x0800046a   0x0800046a   0x0000004e   Code   RO         3671    .text               c_w.l(rt_memclr_w.o)
    0x080004b8   0x080004b8   0x00000006   Code   RO         3673    .text               c_w.l(heapauxi.o)
    0x080004be   0x080004be   0x00000016   Code   RO         3767    .text               c_w.l(_rserrno.o)
    0x080004d4   0x080004d4   0x00000008   Code   RO         3855    .text               c_w.l(rt_errno_addr_intlibspace.o)
    0x080004dc   0x080004dc   0x00000008   Code   RO         3861    .text               c_w.l(libspace.o)
    0x080004e4   0x080004e4   0x0000004a   Code   RO         3864    .text               c_w.l(sys_stackheap_outer.o)
    0x0800052e   0x0800052e   0x00000012   Code   RO         3866    .text               c_w.l(exit.o)
    0x08000540   0x08000540   0x0000000c   Code   RO         3935    .text               c_w.l(sys_exit.o)
    0x0800054c   0x0800054c   0x00000002   Code   RO         3958    .text               c_w.l(use_no_semi.o)
    0x0800054e   0x0800054e   0x00000000   Code   RO         3960    .text               c_w.l(indicate_semi.o)
    0x0800054e   0x0800054e   0x00000002   PAD
    0x08000550   0x08000550   0x00000190   Code   RO         1738    .text.ADRC_calc     adrc.o
    0x080006e0   0x080006e0   0x000000c0   Code   RO         1732    .text.ADRC_init     adrc.o
    0x080007a0   0x080007a0   0x000000fc   Code   RO         1840    .text.AngleEncoderMeasureUpdate  motor.o
    0x0800089c   0x0800089c   0x00000002   Code   RO          132    .text.BusFault_Handler  stm32f4xx_it.o
    0x0800089e   0x0800089e   0x00000002   PAD
    0x080008a0   0x080008a0   0x00000010   Code   RO          138    .text.CAN1_RX0_IRQHandler  stm32f4xx_it.o
    0x080008b0   0x080008b0   0x00000010   Code   RO          146    .text.CAN2_RX0_IRQHandler  stm32f4xx_it.o
    0x080008c0   0x080008c0   0x00000030   Code   RO         1832    .text.CalAngle      motor.o
    0x080008f0   0x080008f0   0x0000000e   Code   RO         1985    .text.ChainMotorOfflineCounterUpdate  interruptservice.o
    0x080008fe   0x080008fe   0x00000002   PAD
    0x08000900   0x08000900   0x00000012   Code   RO         1882    .text.CheakKeyPress  remote.o
    0x08000912   0x08000912   0x00000002   PAD
    0x08000914   0x08000914   0x0000004e   Code   RO         2003    .text.CommuniteOfflineCounterUpdate  interruptservice.o
    0x08000962   0x08000962   0x00000002   PAD
    0x08000964   0x08000964   0x0000009a   Code   RO         2005    .text.CommuniteOfflineStateUpdate  interruptservice.o
    0x080009fe   0x080009fe   0x00000002   PAD
    0x08000a00   0x08000a00   0x00000010   Code   RO          142    .text.DMA2_Stream1_IRQHandler  stm32f4xx_it.o
    0x08000a10   0x08000a10   0x00000010   Code   RO          144    .text.DMA2_Stream2_IRQHandler  stm32f4xx_it.o
    0x08000a20   0x08000a20   0x0000003c   Code   RO          463    .text.DMA_CalcBaseAndBitshift  stm32f4xx_hal_dma.o
    0x08000a5c   0x08000a5c   0x00000050   Code   RO          461    .text.DMA_CheckFifoParam  stm32f4xx_hal_dma.o
    0x08000aac   0x08000aac   0x00000030   Code   RO          469    .text.DMA_SetConfig  stm32f4xx_hal_dma.o
    0x08000adc   0x08000adc   0x00000020   Code   RO         1963    .text.DartClientCmdUpdate  referee.o
    0x08000afc   0x08000afc   0x00000026   Code   RO         1961    .text.DartRackGetMessage  referee.o
    0x08000b22   0x08000b22   0x00000002   PAD
    0x08000b24   0x08000b24   0x000000ce   Code   RO         2027    .text.DartRackInit  lauchthread.o
    0x08000bf2   0x08000bf2   0x00000002   PAD
    0x08000bf4   0x08000bf4   0x00000038   Code   RO         2043    .text.DartRackShoot  lauchthread.o
    0x08000c2c   0x08000c2c   0x000001a8   Code   RO         2029    .text.DartRackStateMachineUpdate  lauchthread.o
    0x08000dd4   0x08000dd4   0x000000e6   Code   RO         2096    .text.DebugLightShow  debuglight.o
    0x08000eba   0x08000eba   0x00000002   PAD
    0x08000ebc   0x08000ebc   0x0000001a   Code   RO         2094    .text.DebugLightThread  debuglight.o
    0x08000ed6   0x08000ed6   0x00000002   PAD
    0x08000ed8   0x08000ed8   0x00000002   Code   RO          136    .text.DebugMon_Handler  stm32f4xx_it.o
    0x08000eda   0x08000eda   0x00000002   PAD
    0x08000edc   0x08000edc   0x0000001a   Code   RO         2009    .text.DeviceOfflineMonitorUpdate  interruptservice.o
    0x08000ef6   0x08000ef6   0x00000002   PAD
    0x08000ef8   0x08000ef8   0x00000014   Code   RO         2033    .text.EncoderMeasureUpdate  lauchthread.o
    0x08000f0c   0x08000f0c   0x0000000a   Code   RO           15    .text.Error_Handler  main.o
    0x08000f16   0x08000f16   0x00000002   PAD
    0x08000f18   0x08000f18   0x00000012   Code   RO         1965    .text.GetRefereeInformation  referee.o
    0x08000f2a   0x08000f2a   0x00000002   PAD
    0x08000f2c   0x08000f2c   0x0000000c   Code   RO         1999    .text.GetSystemTimer  interruptservice.o
    0x08000f38   0x08000f38   0x00000608   Code   RO         2037    .text.GimbalCommandUpdate  lauchthread.o
    0x08001540   0x08001540   0x00000060   Code   RO         1836    .text.GimbalMotorControl  motor.o
    0x080015a0   0x080015a0   0x00000060   Code   RO         1842    .text.GimbalMotorMeasureUpdate  motor.o
    0x08001600   0x08001600   0x00000026   Code   RO          213    .text.HAL_CAN_ActivateNotification  stm32f4xx_hal_can.o
    0x08001626   0x08001626   0x00000002   PAD
    0x08001628   0x08001628   0x000000a4   Code   RO          199    .text.HAL_CAN_AddTxMessage  stm32f4xx_hal_can.o
    0x080016cc   0x080016cc   0x000000de   Code   RO          189    .text.HAL_CAN_ConfigFilter  stm32f4xx_hal_can.o
    0x080017aa   0x080017aa   0x00000002   PAD
    0x080017ac   0x080017ac   0x00000002   Code   RO          243    .text.HAL_CAN_ErrorCallback  stm32f4xx_hal_can.o
    0x080017ae   0x080017ae   0x00000002   PAD
    0x080017b0   0x080017b0   0x0000011c   Code   RO          209    .text.HAL_CAN_GetRxMessage  stm32f4xx_hal_can.o
    0x080018cc   0x080018cc   0x0000023a   Code   RO          217    .text.HAL_CAN_IRQHandler  stm32f4xx_hal_can.o
    0x08001b06   0x08001b06   0x00000002   PAD
    0x08001b08   0x08001b08   0x000000f4   Code   RO          179    .text.HAL_CAN_Init  stm32f4xx_hal_can.o
    0x08001bfc   0x08001bfc   0x00000120   Code   RO           64    .text.HAL_CAN_MspInit  can.o
    0x08001d1c   0x08001d1c   0x00000002   Code   RO          231    .text.HAL_CAN_RxFifo0FullCallback  stm32f4xx_hal_can.o
    0x08001d1e   0x08001d1e   0x00000002   PAD
    0x08001d20   0x08001d20   0x00000066   Code   RO         1977    .text.HAL_CAN_RxFifo0MsgPendingCallback  interruptservice.o
    0x08001d86   0x08001d86   0x00000002   PAD
    0x08001d88   0x08001d88   0x00000002   Code   RO          235    .text.HAL_CAN_RxFifo1FullCallback  stm32f4xx_hal_can.o
    0x08001d8a   0x08001d8a   0x00000002   PAD
    0x08001d8c   0x08001d8c   0x00000002   Code   RO          237    .text.HAL_CAN_RxFifo1MsgPendingCallback  stm32f4xx_hal_can.o
    0x08001d8e   0x08001d8e   0x00000002   PAD
    0x08001d90   0x08001d90   0x00000002   Code   RO          239    .text.HAL_CAN_SleepCallback  stm32f4xx_hal_can.o
    0x08001d92   0x08001d92   0x00000002   PAD
    0x08001d94   0x08001d94   0x0000005a   Code   RO          191    .text.HAL_CAN_Start  stm32f4xx_hal_can.o
    0x08001dee   0x08001dee   0x00000002   PAD
    0x08001df0   0x08001df0   0x00000002   Code   RO          221    .text.HAL_CAN_TxMailbox0AbortCallback  stm32f4xx_hal_can.o
    0x08001df2   0x08001df2   0x00000002   PAD
    0x08001df4   0x08001df4   0x00000002   Code   RO          219    .text.HAL_CAN_TxMailbox0CompleteCallback  stm32f4xx_hal_can.o
    0x08001df6   0x08001df6   0x00000002   PAD
    0x08001df8   0x08001df8   0x00000002   Code   RO          225    .text.HAL_CAN_TxMailbox1AbortCallback  stm32f4xx_hal_can.o
    0x08001dfa   0x08001dfa   0x00000002   PAD
    0x08001dfc   0x08001dfc   0x00000002   Code   RO          223    .text.HAL_CAN_TxMailbox1CompleteCallback  stm32f4xx_hal_can.o
    0x08001dfe   0x08001dfe   0x00000002   PAD
    0x08001e00   0x08001e00   0x00000002   Code   RO          229    .text.HAL_CAN_TxMailbox2AbortCallback  stm32f4xx_hal_can.o
    0x08001e02   0x08001e02   0x00000002   PAD
    0x08001e04   0x08001e04   0x00000002   Code   RO          227    .text.HAL_CAN_TxMailbox2CompleteCallback  stm32f4xx_hal_can.o
    0x08001e06   0x08001e06   0x00000002   PAD
    0x08001e08   0x08001e08   0x00000002   Code   RO          241    .text.HAL_CAN_WakeUpFromRxMsgCallback  stm32f4xx_hal_can.o
    0x08001e0a   0x08001e0a   0x00000002   PAD
    0x08001e0c   0x08001e0c   0x00000080   Code   RO          473    .text.HAL_DMA_Abort  stm32f4xx_hal_dma.o
    0x08001e8c   0x08001e8c   0x0000018c   Code   RO          479    .text.HAL_DMA_IRQHandler  stm32f4xx_hal_dma.o
    0x08002018   0x08002018   0x000000ce   Code   RO          459    .text.HAL_DMA_Init  stm32f4xx_hal_dma.o
    0x080020e6   0x080020e6   0x00000002   PAD
    0x080020e8   0x080020e8   0x00000062   Code   RO          471    .text.HAL_DMA_Start_IT  stm32f4xx_hal_dma.o
    0x0800214a   0x0800214a   0x00000002   PAD
    0x0800214c   0x0800214c   0x0000019a   Code   RO          419    .text.HAL_GPIO_Init  stm32f4xx_hal_gpio.o
    0x080022e6   0x080022e6   0x00000002   PAD
    0x080022e8   0x080022e8   0x0000000a   Code   RO          425    .text.HAL_GPIO_WritePin  stm32f4xx_hal_gpio.o
    0x080022f2   0x080022f2   0x00000002   PAD
    0x080022f4   0x080022f4   0x0000000c   Code   RO          649    .text.HAL_GetTick   stm32f4xx_hal.o
    0x08002300   0x08002300   0x0000001a   Code   RO          647    .text.HAL_IncTick   stm32f4xx_hal.o
    0x0800231a   0x0800231a   0x00000002   PAD
    0x0800231c   0x0800231c   0x00000036   Code   RO          637    .text.HAL_Init      stm32f4xx_hal.o
    0x08002352   0x08002352   0x00000002   PAD
    0x08002354   0x08002354   0x000000a4   Code   RO          164    .text.HAL_InitTick  stm32f4xx_hal_timebase_tim.o
    0x080023f8   0x080023f8   0x00000046   Code   RO          155    .text.HAL_MspInit   stm32f4xx_hal_msp.o
    0x0800243e   0x0800243e   0x00000002   PAD
    0x08002440   0x08002440   0x00000008   Code   RO          577    .text.HAL_NVIC_EnableIRQ  stm32f4xx_hal_cortex.o
    0x08002448   0x08002448   0x0000001e   Code   RO          569    .text.HAL_NVIC_SetPriority  stm32f4xx_hal_cortex.o
    0x08002466   0x08002466   0x00000002   PAD
    0x08002468   0x08002468   0x00000008   Code   RO          565    .text.HAL_NVIC_SetPriorityGrouping  stm32f4xx_hal_cortex.o
    0x08002470   0x08002470   0x0000007a   Code   RO          551    .text.HAL_PWREx_EnableOverDrive  stm32f4xx_hal_pwr_ex.o
    0x080024ea   0x080024ea   0x00000002   PAD
    0x080024ec   0x080024ec   0x00000160   Code   RO          263    .text.HAL_RCC_ClockConfig  stm32f4xx_hal_rcc.o
    0x0800264c   0x0800264c   0x0000003e   Code   RO          281    .text.HAL_RCC_GetClockConfig  stm32f4xx_hal_rcc.o
    0x0800268a   0x0800268a   0x00000002   PAD
    0x0800268c   0x0800268c   0x0000000c   Code   RO          273    .text.HAL_RCC_GetHCLKFreq  stm32f4xx_hal_rcc.o
    0x08002698   0x08002698   0x00000022   Code   RO          275    .text.HAL_RCC_GetPCLK1Freq  stm32f4xx_hal_rcc.o
    0x080026ba   0x080026ba   0x00000002   PAD
    0x080026bc   0x080026bc   0x00000022   Code   RO          277    .text.HAL_RCC_GetPCLK2Freq  stm32f4xx_hal_rcc.o
    0x080026de   0x080026de   0x00000002   PAD
    0x080026e0   0x080026e0   0x00000068   Code   RO          265    .text.HAL_RCC_GetSysClockFreq  stm32f4xx_hal_rcc.o
    0x08002748   0x08002748   0x00000348   Code   RO          261    .text.HAL_RCC_OscConfig  stm32f4xx_hal_rcc.o
    0x08002a90   0x08002a90   0x00000002   Code   RO         1056    .text.HAL_TIMEx_BreakCallback  stm32f4xx_hal_tim_ex.o
    0x08002a92   0x08002a92   0x00000002   PAD
    0x08002a94   0x08002a94   0x00000002   Code   RO         1052    .text.HAL_TIMEx_CommutCallback  stm32f4xx_hal_tim_ex.o
    0x08002a96   0x08002a96   0x00000002   PAD
    0x08002a98   0x08002a98   0x000000b8   Code   RO         1046    .text.HAL_TIMEx_MasterConfigSynchronization  stm32f4xx_hal_tim_ex.o
    0x08002b50   0x08002b50   0x0000005a   Code   RO          732    .text.HAL_TIM_Base_Init  stm32f4xx_hal_tim.o
    0x08002baa   0x08002baa   0x00000002   PAD
    0x08002bac   0x08002bac   0x0000006c   Code   RO           92    .text.HAL_TIM_Base_MspInit  tim.o
    0x08002c18   0x08002c18   0x000000a8   Code   RO          746    .text.HAL_TIM_Base_Start_IT  stm32f4xx_hal_tim.o
    0x08002cc0   0x08002cc0   0x000000de   Code   RO          924    .text.HAL_TIM_ConfigClockSource  stm32f4xx_hal_tim.o
    0x08002d9e   0x08002d9e   0x00000002   PAD
    0x08002da0   0x08002da0   0x00000002   Code   RO          868    .text.HAL_TIM_IC_CaptureCallback  stm32f4xx_hal_tim.o
    0x08002da2   0x08002da2   0x00000002   PAD
    0x08002da4   0x08002da4   0x0000016a   Code   RO          866    .text.HAL_TIM_IRQHandler  stm32f4xx_hal_tim.o
    0x08002f0e   0x08002f0e   0x00000002   PAD
    0x08002f10   0x08002f10   0x00000002   Code   RO          870    .text.HAL_TIM_OC_DelayElapsedCallback  stm32f4xx_hal_tim.o
    0x08002f12   0x08002f12   0x00000002   PAD
    0x08002f14   0x08002f14   0x00000098   Code   RO          898    .text.HAL_TIM_PWM_ConfigChannel  stm32f4xx_hal_tim.o
    0x08002fac   0x08002fac   0x0000005a   Code   RO          786    .text.HAL_TIM_PWM_Init  stm32f4xx_hal_tim.o
    0x08003006   0x08003006   0x00000002   PAD
    0x08003008   0x08003008   0x00000002   Code   RO          788    .text.HAL_TIM_PWM_MspInit  stm32f4xx_hal_tim.o
    0x0800300a   0x0800300a   0x00000002   PAD
    0x0800300c   0x0800300c   0x00000002   Code   RO          872    .text.HAL_TIM_PWM_PulseFinishedCallback  stm32f4xx_hal_tim.o
    0x0800300e   0x0800300e   0x00000002   PAD
    0x08003010   0x08003010   0x00000082   Code   RO          796    .text.HAL_TIM_PWM_Stop  stm32f4xx_hal_tim.o
    0x08003092   0x08003092   0x00000002   PAD
    0x08003094   0x08003094   0x00000014   Code   RO           17    .text.HAL_TIM_PeriodElapsedCallback  main.o
    0x080030a8   0x080030a8   0x00000002   Code   RO          876    .text.HAL_TIM_TriggerCallback  stm32f4xx_hal_tim.o
    0x080030aa   0x080030aa   0x00000002   PAD
    0x080030ac   0x080030ac   0x00000002   Code   RO         1160    .text.HAL_UARTEx_RxEventCallback  stm32f4xx_hal_uart.o
    0x080030ae   0x080030ae   0x00000002   PAD
    0x080030b0   0x080030b0   0x00000078   Code   RO         1114    .text.HAL_UART_DMAStop  stm32f4xx_hal_uart.o
    0x08003128   0x08003128   0x00000002   Code   RO         1158    .text.HAL_UART_ErrorCallback  stm32f4xx_hal_uart.o
    0x0800312a   0x0800312a   0x00000002   PAD
    0x0800312c   0x0800312c   0x0000005e   Code   RO         1070    .text.HAL_UART_Init  stm32f4xx_hal_uart.o
    0x0800318a   0x0800318a   0x00000002   PAD
    0x0800318c   0x0800318c   0x000001ba   Code   RO          110    .text.HAL_UART_MspInit  usart.o
    0x08003346   0x08003346   0x00000002   PAD
    0x08003348   0x08003348   0x00000038   Code   RO         1106    .text.HAL_UART_Receive_DMA  stm32f4xx_hal_uart.o
    0x08003380   0x08003380   0x00000002   Code   RO         1170    .text.HAL_UART_RxCpltCallback  stm32f4xx_hal_uart.o
    0x08003382   0x08003382   0x00000002   PAD
    0x08003384   0x08003384   0x00000002   Code   RO         1172    .text.HAL_UART_RxHalfCpltCallback  stm32f4xx_hal_uart.o
    0x08003386   0x08003386   0x00000002   PAD
    0x08003388   0x08003388   0x00000018   Code   RO         1906    .text.HandleChassisDownside  remote.o
    0x080033a0   0x080033a0   0x00000018   Code   RO         1910    .text.HandleChassisLeftside  remote.o
    0x080033b8   0x080033b8   0x00000018   Code   RO         1908    .text.HandleChassisRightside  remote.o
    0x080033d0   0x080033d0   0x00000018   Code   RO         1904    .text.HandleChassisUpside  remote.o
    0x080033e8   0x080033e8   0x00000018   Code   RO         1920    .text.HandleDial    remote.o
    0x08003400   0x08003400   0x00000018   Code   RO         1914    .text.HandleGimbalDownside  remote.o
    0x08003418   0x08003418   0x00000018   Code   RO         1918    .text.HandleGimbalLeftside  remote.o
    0x08003430   0x08003430   0x00000018   Code   RO         1916    .text.HandleGimbalRightside  remote.o
    0x08003448   0x08003448   0x00000018   Code   RO         1912    .text.HandleGimbalUpside  remote.o
    0x08003460   0x08003460   0x00000002   Code   RO          128    .text.HardFault_Handler  stm32f4xx_it.o
    0x08003462   0x08003462   0x00000002   PAD
    0x08003464   0x08003464   0x0000005e   Code   RO         2025    .text.LauchThread   lauchthread.o
    0x080034c2   0x080034c2   0x00000002   PAD
    0x080034c4   0x080034c4   0x0000003c   Code   RO           60    .text.MX_CAN1_Init  can.o
    0x08003500   0x08003500   0x0000003c   Code   RO           62    .text.MX_CAN2_Init  can.o
    0x0800353c   0x0800353c   0x00000046   Code   RO           79    .text.MX_DMA_Init   dma.o
    0x08003582   0x08003582   0x00000002   PAD
    0x08003584   0x08003584   0x000000a0   Code   RO           39    .text.MX_FREERTOS_Init  freertos.o
    0x08003624   0x08003624   0x00000224   Code   RO           28    .text.MX_GPIO_Init  gpio.o
    0x08003848   0x08003848   0x00000078   Code   RO           88    .text.MX_TIM2_Init  tim.o
    0x080038c0   0x080038c0   0x000000c4   Code   RO           90    .text.MX_TIM3_Init  tim.o
    0x08003984   0x08003984   0x00000042   Code   RO          106    .text.MX_USART1_UART_Init  usart.o
    0x080039c6   0x080039c6   0x00000002   PAD
    0x080039c8   0x080039c8   0x00000038   Code   RO          108    .text.MX_USART6_UART_Init  usart.o
    0x08003a00   0x08003a00   0x00000002   Code   RO          130    .text.MemManage_Handler  stm32f4xx_it.o
    0x08003a02   0x08003a02   0x00000002   PAD
    0x08003a04   0x08003a04   0x00000400   Code   RO         2035    .text.MotorAlgorithmUpdate  lauchthread.o
    0x08003e04   0x08003e04   0x00000060   Code   RO         2031    .text.MotorMeasureUpdate  lauchthread.o
    0x08003e64   0x08003e64   0x00000156   Code   RO         1838    .text.MotorProcess  motor.o
    0x08003fba   0x08003fba   0x00000002   PAD
    0x08003fbc   0x08003fbc   0x00000002   Code   RO          126    .text.NMI_Handler   stm32f4xx_it.o
    0x08003fbe   0x08003fbe   0x00000002   PAD
    0x08003fc0   0x08003fc0   0x0000002c   Code   RO          575    .text.NVIC_EncodePriority  stm32f4xx_hal_cortex.o
    0x08003fec   0x08003fec   0x0000021c   Code   RO         1712    .text.PID_calc      pid.o
    0x08004208   0x08004208   0x00000034   Code   RO         1708    .text.PID_init      pid.o
    0x0800423c   0x0800423c   0x00000004   PAD
    0x08004240   0x08004240   0x00000064   Code   RO         1691    .text.PendSV_Handler  port.o
    0x080042a4   0x080042a4   0x0000000e   Code   RO         1989    .text.PitchAngleEncoderOfflineCounterUpdate  interruptservice.o
    0x080042b2   0x080042b2   0x00000002   PAD
    0x080042b4   0x080042b4   0x0000000e   Code   RO         1983    .text.PitchMotorOfflineCounterUpdate  interruptservice.o
    0x080042c2   0x080042c2   0x00000002   PAD
    0x080042c4   0x080042c4   0x00000012   Code   RO         1959    .text.RefereeInit   referee.o
    0x080042d6   0x080042d6   0x00000002   PAD
    0x080042d8   0x080042d8   0x0000000e   Code   RO         1997    .text.RefereeOfflineCounterUpdate  interruptservice.o
    0x080042e6   0x080042e6   0x00000002   PAD
    0x080042e8   0x080042e8   0x00000024   Code   RO         1890    .text.RemoteChannalLeftX  remote.o
    0x0800430c   0x0800430c   0x00000024   Code   RO         1894    .text.RemoteDial    remote.o
    0x08004330   0x08004330   0x0000000e   Code   RO         1993    .text.RemoteOfflineCounterUpdate  interruptservice.o
    0x0800433e   0x0800433e   0x00000002   PAD
    0x08004340   0x08004340   0x00000024   Code   RO         1675    .text.SVC_Handler   port.o
    0x08004364   0x08004364   0x00000464   Code   RO         2039    .text.ShootCommandUpdate  lauchthread.o
    0x080047c8   0x080047c8   0x0000015c   Code   RO         2041    .text.ShootDiffCompensate  lauchthread.o
    0x08004924   0x08004924   0x0000006a   Code   RO         1834    .text.ShootMotorControl  motor.o
    0x0800498e   0x0800498e   0x00000002   PAD
    0x08004990   0x08004990   0x00000042   Code   RO         1844    .text.ShootMotorMeasureUpdate  motor.o
    0x080049d2   0x080049d2   0x00000002   PAD
    0x080049d4   0x080049d4   0x00000012   Code   RO         1979    .text.ShootMotorOfflineCounterUpdate  interruptservice.o
    0x080049e6   0x080049e6   0x00000002   PAD
    0x080049e8   0x080049e8   0x00000008   Code   RO           41    .text.StartDefaultTask  freertos.o
    0x080049f0   0x080049f0   0x0000002e   Code   RO         1693    .text.SysTick_Handler  port.o
    0x08004a1e   0x08004a1e   0x00000002   PAD
    0x08004a20   0x08004a20   0x000000ae   Code   RO           13    .text.SystemClock_Config  main.o
    0x08004ace   0x08004ace   0x00000002   PAD
    0x08004ad0   0x08004ad0   0x00000012   Code   RO         1200    .text.SystemInit    system_stm32f4xx.o
    0x08004ae2   0x08004ae2   0x00000002   PAD
    0x08004ae4   0x08004ae4   0x00000010   Code   RO          140    .text.TIM1_UP_TIM10_IRQHandler  stm32f4xx_it.o
    0x08004af4   0x08004af4   0x00000014   Code   RO         2007    .text.TIM2_IRQHandler  interruptservice.o
    0x08004b08   0x08004b08   0x00000124   Code   RO          736    .text.TIM_Base_SetConfig  stm32f4xx_hal_tim.o
    0x08004c2c   0x08004c2c   0x00000024   Code   RO          770    .text.TIM_CCxChannelCmd  stm32f4xx_hal_tim.o
    0x08004c50   0x08004c50   0x00000016   Code   RO          922    .text.TIM_ETR_SetConfig  stm32f4xx_hal_tim.o
    0x08004c66   0x08004c66   0x00000002   PAD
    0x08004c68   0x08004c68   0x00000010   Code   RO          928    .text.TIM_ITRx_SetConfig  stm32f4xx_hal_tim.o
    0x08004c78   0x08004c78   0x00000064   Code   RO          880    .text.TIM_OC1_SetConfig  stm32f4xx_hal_tim.o
    0x08004cdc   0x08004cdc   0x0000006a   Code   RO          882    .text.TIM_OC2_SetConfig  stm32f4xx_hal_tim.o
    0x08004d46   0x08004d46   0x00000002   PAD
    0x08004d48   0x08004d48   0x00000068   Code   RO          884    .text.TIM_OC3_SetConfig  stm32f4xx_hal_tim.o
    0x08004db0   0x08004db0   0x0000004e   Code   RO          886    .text.TIM_OC4_SetConfig  stm32f4xx_hal_tim.o
    0x08004dfe   0x08004dfe   0x00000002   PAD
    0x08004e00   0x08004e00   0x00000022   Code   RO          926    .text.TIM_TI1_ConfigInputStage  stm32f4xx_hal_tim.o
    0x08004e22   0x08004e22   0x00000002   PAD
    0x08004e24   0x08004e24   0x00000024   Code   RO          930    .text.TIM_TI2_ConfigInputStage  stm32f4xx_hal_tim.o
    0x08004e48   0x08004e48   0x0000001a   Code   RO         2001    .text.TimerTaskLoop1000Hz  interruptservice.o
    0x08004e62   0x08004e62   0x00000002   PAD
    0x08004e64   0x08004e64   0x0000004c   Code   RO         1104    .text.UART_DMAError  stm32f4xx_hal_uart.o
    0x08004eb0   0x08004eb0   0x00000080   Code   RO         1188    .text.UART_DMAReceiveCplt  stm32f4xx_hal_uart.o
    0x08004f30   0x08004f30   0x0000001a   Code   RO         1190    .text.UART_DMARxHalfCplt  stm32f4xx_hal_uart.o
    0x08004f4a   0x08004f4a   0x00000002   PAD
    0x08004f4c   0x08004f4c   0x00000050   Code   RO         1118    .text.UART_EndRxTransfer  stm32f4xx_hal_uart.o
    0x08004f9c   0x08004f9c   0x0000001c   Code   RO         1116    .text.UART_EndTxTransfer  stm32f4xx_hal_uart.o
    0x08004fb8   0x08004fb8   0x000000dc   Code   RO         1074    .text.UART_SetConfig  stm32f4xx_hal_uart.o
    0x08005094   0x08005094   0x0000009a   Code   RO         1108    .text.UART_Start_Receive_DMA  stm32f4xx_hal_uart.o
    0x0800512e   0x0800512e   0x00000002   PAD
    0x08005130   0x08005130   0x00000070   Code   RO         1991    .text.USART1_IRQHandler  interruptservice.o
    0x080051a0   0x080051a0   0x00000066   Code   RO         1995    .text.USART6_IRQHandler  interruptservice.o
    0x08005206   0x08005206   0x00000002   PAD
    0x08005208   0x08005208   0x00000002   Code   RO          134    .text.UsageFault_Handler  stm32f4xx_it.o
    0x0800520a   0x0800520a   0x00000002   PAD
    0x0800520c   0x0800520c   0x0000000e   Code   RO         1987    .text.YawAngleEncoderOfflineCounterUpdate  interruptservice.o
    0x0800521a   0x0800521a   0x00000002   PAD
    0x0800521c   0x0800521c   0x0000000e   Code   RO         1981    .text.YawMotorOfflineCounterUpdate  interruptservice.o
    0x0800522a   0x0800522a   0x00000002   PAD
    0x0800522c   0x0800522c   0x00000020   Code   RO          579    .text.__NVIC_EnableIRQ  stm32f4xx_hal_cortex.o
    0x0800524c   0x0800524c   0x00000010   Code   RO          571    .text.__NVIC_GetPriorityGrouping  stm32f4xx_hal_cortex.o
    0x0800525c   0x0800525c   0x00000022   Code   RO          573    .text.__NVIC_SetPriority  stm32f4xx_hal_cortex.o
    0x0800527e   0x0800527e   0x00000002   PAD
    0x08005280   0x08005280   0x00000020   Code   RO          567    .text.__NVIC_SetPriorityGrouping  stm32f4xx_hal_cortex.o
    0x080052a0   0x080052a0   0x00000062   Code   RO         1802    .text.can_filter_init  bsp_can.o
    0x08005302   0x08005302   0x00000002   PAD
    0x08005304   0x08005304   0x00000046   Code   RO         1714    .text.cascade_PID_calc  pid.o
    0x0800534a   0x0800534a   0x00000002   PAD
    0x0800534c   0x0800534c   0x00000080   Code   RO         1710    .text.cascade_PID_init  pid.o
    0x080053cc   0x080053cc   0x0000004e   Code   RO         1788    .text.choose_shortest_path  user_lib.o
    0x0800541a   0x0800541a   0x00000002   PAD
    0x0800541c   0x0800541c   0x000000c4   Code   RO         1790    .text.fal           user_lib.o
    0x080054e0   0x080054e0   0x0000002c   Code   RO         1944    .text.fp32NormalizedLimit  remote.o
    0x0800550c   0x0800550c   0x000000d8   Code   RO         1728    .text.fst           adrc.o
    0x080055e4   0x080055e4   0x0000000a   Code   RO         1870    .text.get_remote_control_point  remote.o
    0x080055ee   0x080055ee   0x00000002   PAD
    0x080055f0   0x080055f0   0x00000022   Code   RO         1792    .text.in_range      user_lib.o
    0x08005612   0x08005612   0x00000002   PAD
    0x08005614   0x08005614   0x0000000c   Code   RO         1942    .text.intNormalizedLimit  remote.o
    0x08005620   0x08005620   0x0000001c   Code   RO         1782    .text.is_zero       user_lib.o
    0x0800563c   0x0800563c   0x0000004a   Code   RO           11    .text.main          main.o
    0x08005686   0x08005686   0x00000002   PAD
    0x08005688   0x08005688   0x0000000c   Code   RO         1529    .text.makeFreeRtosPriority  cmsis_os.o
    0x08005694   0x08005694   0x00000010   Code   RO         1543    .text.osDelay       cmsis_os.o
    0x080056a4   0x080056a4   0x0000000a   Code   RO         1519    .text.osKernelStart  cmsis_os.o
    0x080056ae   0x080056ae   0x00000002   PAD
    0x080056b0   0x080056b0   0x0000006e   Code   RO         1527    .text.osThreadCreate  cmsis_os.o
    0x0800571e   0x0800571e   0x00000002   PAD
    0x08005720   0x08005720   0x000000a2   Code   RO         1403    .text.prvAddCurrentTaskToDelayedList  tasks.o
    0x080057c2   0x080057c2   0x00000002   PAD
    0x080057c4   0x080057c4   0x000000ac   Code   RO         1389    .text.prvAddNewTaskToReadyList  tasks.o
    0x08005870   0x08005870   0x0000004e   Code   RO         1487    .text.prvCheckTasksWaitingTermination  tasks.o
    0x080058be   0x080058be   0x00000002   PAD
    0x080058c0   0x080058c0   0x00000036   Code   RO         1395    .text.prvDeleteTCB  tasks.o
    0x080058f6   0x080058f6   0x00000002   PAD
    0x080058f8   0x080058f8   0x00000076   Code   RO         1641    .text.prvHeapInit   heap_4.o
    0x0800596e   0x0800596e   0x00000002   PAD
    0x08005970   0x08005970   0x0000002a   Code   RO         1425    .text.prvIdleTask   tasks.o
    0x0800599a   0x0800599a   0x00000002   PAD
    0x0800599c   0x0800599c   0x00000088   Code   RO         1387    .text.prvInitialiseNewTask  tasks.o
    0x08005a24   0x08005a24   0x0000006e   Code   RO         1485    .text.prvInitialiseTaskLists  tasks.o
    0x08005a92   0x08005a92   0x00000002   PAD
    0x08005a94   0x08005a94   0x0000005a   Code   RO         1643    .text.prvInsertBlockIntoFreeList  heap_4.o
    0x08005aee   0x08005aee   0x00000002   PAD
    0x08005af0   0x08005af0   0x00000028   Code   RO         1683    .text.prvPortStartFirstTask  port.o
    0x08005b18   0x08005b18   0x00000028   Code   RO         1397    .text.prvResetNextTaskUnblockTime  tasks.o
    0x08005b40   0x08005b40   0x00000032   Code   RO         1673    .text.prvTaskExitError  port.o
    0x08005b72   0x08005b72   0x00000002   PAD
    0x08005b74   0x08005b74   0x0000014a   Code   RO         1639    .text.pvPortMalloc  heap_4.o
    0x08005cbe   0x08005cbe   0x00000002   PAD
    0x08005cc0   0x08005cc0   0x00000028   Code   RO         1671    .text.pxPortInitialiseStack  port.o
    0x08005ce8   0x08005ce8   0x00000012   Code   RO         1868    .text.remote_control_init  remote.o
    0x08005cfa   0x08005cfa   0x00000002   PAD
    0x08005cfc   0x08005cfc   0x00000142   Code   RO         1880    .text.sbus_to_rc    remote.o
    0x08005e3e   0x08005e3e   0x00000002   PAD
    0x08005e40   0x08005e40   0x00000024   Code   RO         1784    .text.sign          user_lib.o
    0x08005e64   0x08005e64   0x00000024   Code   RO         1816    .text.usart1_rx_dma_init  bsp_usart.o
    0x08005e88   0x08005e88   0x00000024   Code   RO         1822    .text.usart6_rx_dma_init  bsp_usart.o
    0x08005eac   0x08005eac   0x00000024   Code   RO         1254    .text.uxListRemove  list.o
    0x08005ed0   0x08005ed0   0x0000001a   Code   RO           37    .text.vApplicationGetIdleTaskMemory  freertos.o
    0x08005eea   0x08005eea   0x00000002   PAD
    0x08005eec   0x08005eec   0x00000016   Code   RO         1246    .text.vListInitialise  list.o
    0x08005f02   0x08005f02   0x00000002   PAD
    0x08005f04   0x08005f04   0x00000006   Code   RO         1248    .text.vListInitialiseItem  list.o
    0x08005f0a   0x08005f0a   0x00000002   PAD
    0x08005f0c   0x08005f0c   0x0000003a   Code   RO         1252    .text.vListInsert   list.o
    0x08005f46   0x08005f46   0x00000002   PAD
    0x08005f48   0x08005f48   0x0000001c   Code   RO         1250    .text.vListInsertEnd  list.o
    0x08005f64   0x08005f64   0x00000014   Code   RO         1681    .text.vPortEnableVFP  port.o
    0x08005f78   0x08005f78   0x00000046   Code   RO         1687    .text.vPortEnterCritical  port.o
    0x08005fbe   0x08005fbe   0x00000002   PAD
    0x08005fc0   0x08005fc0   0x0000002e   Code   RO         1689    .text.vPortExitCritical  port.o
    0x08005fee   0x08005fee   0x00000002   PAD
    0x08005ff0   0x08005ff0   0x0000008a   Code   RO         1645    .text.vPortFree     heap_4.o
    0x0800607a   0x0800607a   0x00000002   PAD
    0x0800607c   0x0800607c   0x00000034   Code   RO         1679    .text.vPortSetupTimerInterrupt  port.o
    0x080060b0   0x080060b0   0x00000054   Code   RO         1399    .text.vTaskDelay    tasks.o
    0x08006104   0x08006104   0x00000080   Code   RO         1423    .text.vTaskStartScheduler  tasks.o
    0x08006184   0x08006184   0x00000010   Code   RO         1401    .text.vTaskSuspendAll  tasks.o
    0x08006194   0x08006194   0x00000086   Code   RO         1415    .text.vTaskSwitchContext  tasks.o
    0x0800621a   0x0800621a   0x00000002   PAD
    0x0800621c   0x0800621c   0x00000112   Code   RO         1677    .text.xPortStartScheduler  port.o
    0x0800632e   0x0800632e   0x00000002   PAD
    0x08006330   0x08006330   0x00000066   Code   RO         1391    .text.xTaskCreate   tasks.o
    0x08006396   0x08006396   0x00000002   PAD
    0x08006398   0x08006398   0x00000076   Code   RO         1385    .text.xTaskCreateStatic  tasks.o
    0x0800640e   0x0800640e   0x00000002   PAD
    0x08006410   0x08006410   0x00000164   Code   RO         1429    .text.xTaskIncrementTick  tasks.o
    0x08006574   0x08006574   0x00000118   Code   RO         1405    .text.xTaskResumeAll  tasks.o
    0x0800668c   0x0800668c   0x00000030   Code   RO         3814    i.__ARM_fpclassify  m_wm.l(fpclassify.o)
    0x080066bc   0x080066bc   0x00000004   PAD
    0x080066c0   0x080066c0   0x00000c60   Code   RO         3730    i.__hardfp_pow      m_wm.l(pow.o)
    0x08007320   0x08007320   0x0000007a   Code   RO         3744    i.__hardfp_sqrt     m_wm.l(sqrt.o)
    0x0800739a   0x0800739a   0x000000f8   Code   RO         3832    i.__kernel_poly     m_wm.l(poly.o)
    0x08007492   0x08007492   0x00000006   PAD
    0x08007498   0x08007498   0x00000030   Code   RO         3794    i.__mathlib_dbl_divzero  m_wm.l(dunder.o)
    0x080074c8   0x080074c8   0x00000014   Code   RO         3796    i.__mathlib_dbl_infnan2  m_wm.l(dunder.o)
    0x080074dc   0x080074dc   0x00000004   PAD
    0x080074e0   0x080074e0   0x00000020   Code   RO         3797    i.__mathlib_dbl_invalid  m_wm.l(dunder.o)
    0x08007500   0x08007500   0x00000020   Code   RO         3798    i.__mathlib_dbl_overflow  m_wm.l(dunder.o)
    0x08007520   0x08007520   0x00000020   Code   RO         3800    i.__mathlib_dbl_underflow  m_wm.l(dunder.o)
    0x08007540   0x08007540   0x00000018   Code   RO         3810    i.fabs              m_wm.l(fabs.o)
    0x08007558   0x08007558   0x0000006e   Code   RO         3746    i.sqrt              m_wm.l(sqrt.o)
    0x080075c6   0x080075c6   0x00000018   Code   RO         3769    x$fpl$basic         fz_wm.l(basic.o)
    0x080075de   0x080075de   0x00000002   PAD
    0x080075e0   0x080075e0   0x00000062   Code   RO         3677    x$fpl$d2f           fz_wm.l(d2f.o)
    0x08007642   0x08007642   0x00000002   PAD
    0x08007644   0x08007644   0x00000150   Code   RO         3679    x$fpl$dadd          fz_wm.l(daddsub_clz.o)
    0x08007794   0x08007794   0x00000010   Code   RO         3857    x$fpl$dcheck1       fz_wm.l(dcheck1.o)
    0x080077a4   0x080077a4   0x00000018   Code   RO         3859    x$fpl$dcmpinf       fz_wm.l(dcmpi.o)
    0x080077bc   0x080077bc   0x000002b4   Code   RO         3688    x$fpl$ddiv          fz_wm.l(ddiv.o)
    0x08007a70   0x08007a70   0x0000002e   Code   RO         3696    x$fpl$dflt          fz_wm.l(dflt_clz.o)
    0x08007a9e   0x08007a9e   0x00000002   PAD
    0x08007aa0   0x08007aa0   0x00000078   Code   RO         3775    x$fpl$dleqf         fz_wm.l(dleqf.o)
    0x08007b18   0x08007b18   0x00000154   Code   RO         3701    x$fpl$dmul          fz_wm.l(dmul.o)
    0x08007c6c   0x08007c6c   0x0000009c   Code   RO         3777    x$fpl$dnaninf       fz_wm.l(dnaninf.o)
    0x08007d08   0x08007d08   0x0000000c   Code   RO         3779    x$fpl$dretinf       fz_wm.l(dretinf.o)
    0x08007d14   0x08007d14   0x0000006c   Code   RO         3781    x$fpl$drleqf        fz_wm.l(drleqf.o)
    0x08007d80   0x08007d80   0x00000016   Code   RO         3680    x$fpl$drsb          fz_wm.l(daddsub_clz.o)
    0x08007d96   0x08007d96   0x00000002   PAD
    0x08007d98   0x08007d98   0x00000198   Code   RO         3783    x$fpl$dsqrt         fz_wm.l(dsqrt_umaal.o)
    0x08007f30   0x08007f30   0x000001dc   Code   RO         3681    x$fpl$dsub          fz_wm.l(daddsub_clz.o)
    0x0800810c   0x0800810c   0x00000056   Code   RO         3703    x$fpl$f2d           fz_wm.l(f2d.o)
    0x08008162   0x08008162   0x0000008c   Code   RO         3785    x$fpl$fnaninf       fz_wm.l(fnaninf.o)
    0x080081ee   0x080081ee   0x0000001a   Code   RO         3952    x$fpl$fpinit        fz_wm.l(fpinit.o)
    0x08008208   0x08008208   0x0000000a   Code   RO         3787    x$fpl$fretinf       fz_wm.l(fretinf.o)
    0x08008212   0x08008212   0x00000064   Code   RO         3878    x$fpl$retnan        fz_wm.l(retnan.o)
    0x08008276   0x08008276   0x0000005c   Code   RO         3791    x$fpl$scalbn        fz_wm.l(scalbn.o)
    0x080082d2   0x080082d2   0x00000030   Code   RO         3933    x$fpl$trapveneer    fz_wm.l(trapv.o)
    0x08008302   0x08008302   0x00000000   Code   RO         3793    x$fpl$usenofp       fz_wm.l(usenofp.o)
    0x08008302   0x08008302   0x00000006   PAD
    0x08008308   0x08008308   0x00000088   Data   RO         3733    .constdata          m_wm.l(pow.o)
    0x08008390   0x08008390   0x00000008   Data   RO         3834    .constdata          m_wm.l(qnan.o)
    0x08008398   0x08008398   0x0000001c   Data   RO           50    .rodata..L__const.MX_FREERTOS_Init.os_thread_def_DebugLight  freertos.o
    0x080083b4   0x080083b4   0x0000001c   Data   RO           48    .rodata..L__const.MX_FREERTOS_Init.os_thread_def_Lauch  freertos.o
    0x080083d0   0x080083d0   0x0000001c   Data   RO           46    .rodata..L__const.MX_FREERTOS_Init.os_thread_def_defaultTask  freertos.o
    0x080083ec   0x080083ec   0x00000010   Data   RO         1205    .rodata.AHBPrescTable  system_stm32f4xx.o
    0x080083fc   0x080083fc   0x00000008   Data   RO         1206    .rodata.APBPrescTable  system_stm32f4xx.o
    0x08008404   0x08008404   0x0000001d   Data   RO           45    .rodata.str1.1      freertos.o
    0x08008421   0x08008421   0x00000003   PAD
    0x08008424   0x08008424   0x00000020   Data   RO         4013    Region$$Table       anon$$obj.o


    Execution Region RW_IRAM2 (Exec base: 0x10000000, Load base: 0x080084d8, Size: 0x00000000, Max: 0x00010000, ABSOLUTE)

    **** No section assigned to this execution region ****


    Execution Region RW_IRAM1 (Exec base: 0x20000000, Load base: 0x08008448, Size: 0x00005338, Max: 0x00030000, ABSOLUTE)

    Exec Addr    Load Addr    Size         Type   Attr      Idx    E Section Name        Object

    0x20000000   0x08008448   0x00000030   Data   RW         2056    .data.ADRC_SHOOT_DEFAULT  lauchthread.o
    0x20000030   0x08008478   0x0000000c   Data   RW         2049    .data.CHAIN_OPERATE  lauchthread.o
    0x2000003c   0x08008484   0x0000000c   Data   RW         2048    .data.PITCH_ANGLE_OPERATE  lauchthread.o
    0x20000048   0x08008490   0x0000000c   Data   RW         2047    .data.PITCH_SPEED_OPERATE  lauchthread.o
    0x20000054   0x0800849c   0x00000010   Data   RW         2060    .data.RACK_LAUCH_TIME  lauchthread.o
    0x20000064   0x080084ac   0x00000004   Data   RW         1204    .data.SystemCoreClock  system_stm32f4xx.o
    0x20000068   0x080084b0   0x0000000c   Data   RW         2046    .data.YAW_ANGLE_OPERATE  lauchthread.o
    0x20000074   0x080084bc   0x0000000c   Data   RW         2045    .data.YAW_SPEED_OPERATE  lauchthread.o
    0x20000080   0x080084c8   0x00000001   Data   RW          696    .data.uwTickFreq    stm32f4xx_hal.o
    0x20000081   0x080084c9   0x00000003   PAD
    0x20000084   0x080084cc   0x00000004   Data   RW          695    .data.uwTickPrio    stm32f4xx_hal.o
    0x20000088   0x080084d0   0x00000004   Data   RW         1699    .data.uxCriticalNesting  port.o
    0x2000008c   0x080084d4   0x00000004   PAD
    0x20000090        -       0x00000060   Zero   RW         3862    .bss                c_w.l(libspace.o)
    0x200000f0        -       0x00000004   Zero   RW         2064    .bss.CHAIN_MATCH_SPEED  lauchthread.o
    0x200000f4        -       0x00000002   Zero   RW         1855    .bss.ChainMotorMeasure.1  motor.o
    0x200000f6        -       0x00000001   Zero   RW         2078    .bss.DART_RACK_AIM_SHOOT  lauchthread.o
    0x200000f7   0x080084d4   0x00000001   PAD
    0x200000f8        -       0x00000004   Zero   RW         2080    .bss.DART_RACK_CHAIN_START_TIME  lauchthread.o
    0x200000fc        -       0x00000001   Zero   RW         2074    .bss.DART_RACK_CLIENT_CMD  lauchthread.o
    0x200000fd        -       0x00000001   Zero   RW         2081    .bss.DART_RACK_FINISH_FLAG  lauchthread.o
    0x200000fe        -       0x00000001   Zero   RW         2079    .bss.DART_RACK_NUM_COUNT  lauchthread.o
    0x200000ff   0x080084d4   0x00000001   PAD
    0x20000100        -       0x00000004   Zero   RW         2082    .bss.DART_RACK_SHELTER_TIME_COUNT  lauchthread.o
    0x20000104        -       0x00000001   Zero   RW         2070    .bss.DRSlast        lauchthread.o
    0x20000105        -       0x00000001   Zero   RW         2083    .bss.DRSthis        lauchthread.o
    0x20000106   0x080084d4   0x00000002   PAD
    0x20000108        -       0x00000848   Zero   RW         2067    .bss.DartRack       lauchthread.o
    0x20000950        -       0x00000004   Zero   RW           51    .bss.DebugLightThreadHandle  freertos.o
    0x20000954        -       0x00000004   Zero   RW         2071    .bss.FRICTION_CMD_TEMP  lauchthread.o
    0x20000958        -       0x00000001   Zero   RW         2072    .bss.FRICTION_COARSE_INIT_FLAG  lauchthread.o
    0x20000959        -       0x00000001   Zero   RW         2073    .bss.FRICTION_COARSE_TUNE_FLAG  lauchthread.o
    0x2000095a   0x080084d4   0x00000002   PAD
    0x2000095c        -       0x00000004   Zero   RW           70    .bss.HAL_RCC_CAN1_CLK_ENABLED  can.o
    0x20000960        -       0x00000002   Zero   RW         1946    .bss.KeyFormerChannal  remote.o
    0x20000962        -       0x00000002   Zero   RW         1947    .bss.KeyJumpChannal  remote.o
    0x20000964        -       0x00000001   Zero   RW         2075    .bss.LAUCH_CMD_FLAG  lauchthread.o
    0x20000965   0x080084d4   0x00000003   PAD
    0x20000968        -       0x00000004   Zero   RW           49    .bss.LauchThreadHandle  freertos.o
    0x2000096c        -       0x00000010   Zero   RW         1847    .bss.MotorSendBuffer  motor.o
    0x2000097c        -       0x0000000b   Zero   RW         2062    .bss.Offline        lauchthread.o
    0x20000987        -       0x0000000b   Zero   RW         2098    .bss.Offline        debuglight.o
    0x20000992   0x080084d4   0x00000002   PAD
    0x20000994        -       0x0000002c   Zero   RW         2015    .bss.OfflineCounter  interruptservice.o
    0x200009c0        -       0x0000000b   Zero   RW         2016    .bss.OfflineMonitor  interruptservice.o
    0x200009cb   0x080084d4   0x00000001   PAD
    0x200009cc        -       0x00000002   Zero   RW         1858    .bss.PitchAngleEncoder.0  motor.o
    0x200009ce        -       0x00000002   Zero   RW         1859    .bss.PitchAngleEncoder.1  motor.o
    0x200009d0        -       0x00000002   Zero   RW         1853    .bss.PitchMotorMeasure.0  motor.o
    0x200009d2        -       0x00000002   Zero   RW         1854    .bss.PitchMotorMeasure.1  motor.o
    0x200009d4        -       0x00000006   Zero   RW         2063    .bss.Referee        lauchthread.o
    0x200009da        -       0x00000006   Zero   RW         1969    .bss.RefereeInformation  referee.o
    0x200009e0        -       0x00000018   Zero   RW         2061    .bss.Remote         lauchthread.o
    0x200009f8        -       0x00000004   Zero   RW         2068    .bss.SHOOT_MATCH_FIRST_SPEED  lauchthread.o
    0x200009fc        -       0x00000004   Zero   RW         2069    .bss.SHOOT_MATCH_SECOND_SPEED  lauchthread.o
    0x20000a00        -       0x00000028   Zero   RW         1849    .bss.ShootMotorMeasure  motor.o
    0x20000a28        -       0x00000004   Zero   RW         2014    .bss.SystemTimer    interruptservice.o
    0x20000a2c        -       0x00000004   Zero   RW         2066    .bss.YAW_BASE_ANGLE  lauchthread.o
    0x20000a30        -       0x00000004   Zero   RW         2076    .bss.YAW_CMD_TEMP   lauchthread.o
    0x20000a34        -       0x00000004   Zero   RW         2077    .bss.YAW_TARGET_ANGLE  lauchthread.o
    0x20000a38        -       0x00000004   Zero   RW         2065    .bss.YAW_TOWER_ANGLE  lauchthread.o
    0x20000a3c        -       0x00000002   Zero   RW         1856    .bss.YawAngleEncoder.0  motor.o
    0x20000a3e        -       0x00000002   Zero   RW         1857    .bss.YawAngleEncoder.1  motor.o
    0x20000a40        -       0x00000002   Zero   RW         1851    .bss.YawMotorMeasure.0  motor.o
    0x20000a42        -       0x00000002   Zero   RW         1852    .bss.YawMotorMeasure.1  motor.o
    0x20000a44        -       0x00000018   Zero   RW         1846    .bss.can_tx_message  motor.o
    0x20000a5c        -       0x00000002   Zero   RW         1968    .bss.cmd_id         referee.o
    0x20000a5e   0x080084d4   0x00000002   PAD
    0x20000a60        -       0x00000004   Zero   RW           47    .bss.defaultTaskHandle  freertos.o
    0x20000a64        -       0x00000028   Zero   RW           68    .bss.hcan1          can.o
    0x20000a8c        -       0x00000028   Zero   RW           69    .bss.hcan2          can.o
    0x20000ab4        -       0x00000060   Zero   RW          116    .bss.hdma_usart1_rx  usart.o
    0x20000b14        -       0x00000060   Zero   RW          117    .bss.hdma_usart6_rx  usart.o
    0x20000b74        -       0x00000048   Zero   RW          170    .bss.htim1          stm32f4xx_hal_timebase_tim.o
    0x20000bbc        -       0x00000048   Zero   RW           96    .bss.htim2          tim.o
    0x20000c04        -       0x00000048   Zero   RW           97    .bss.htim3          tim.o
    0x20000c4c        -       0x00000044   Zero   RW          114    .bss.huart1         usart.o
    0x20000c90        -       0x00000044   Zero   RW          115    .bss.huart6         usart.o
    0x20000cd4        -       0x00000004   Zero   RW         1489    .bss.pxCurrentTCB   tasks.o
    0x20000cd8        -       0x00000004   Zero   RW         1505    .bss.pxDelayedTaskList  tasks.o
    0x20000cdc        -       0x00000004   Zero   RW         1655    .bss.pxEnd          heap_4.o
    0x20000ce0        -       0x00000004   Zero   RW         1506    .bss.pxOverflowDelayedTaskList  tasks.o
    0x20000ce4        -       0x0000008c   Zero   RW         1490    .bss.pxReadyTasksLists  tasks.o
    0x20000d70        -       0x00000018   Zero   RW         1950    .bss.rc_ctrl        remote.o
    0x20000d88        -       0x00000050   Zero   RW         1967    .bss.referee_rx_buf  referee.o
    0x20000dd8        -       0x00000001   Zero   RW         2013    .bss.referee_rx_len  interruptservice.o
    0x20000dd9   0x080084d4   0x00000003   PAD
    0x20000ddc        -       0x0000001c   Zero   RW         2011    .bss.rx_header      interruptservice.o
    0x20000df8        -       0x00000001   Zero   RW         2012    .bss.rx_len         interruptservice.o
    0x20000df9        -       0x00000024   Zero   RW         1949    .bss.sbus_rx_buf    remote.o
    0x20000e1d   0x080084d4   0x00000003   PAD
    0x20000e20        -       0x00000004   Zero   RW         1848    .bss.send_mail_box  motor.o
    0x20000e24        -       0x00000004   Zero   RW         1850    .bss.time_count     motor.o
    0x20000e28        -       0x00003c00   Zero   RW         1662    .bss.ucHeap         heap_4.o
    0x20004a28        -       0x00000001   Zero   RW         1697    .bss.ucMaxSysCallPriority  port.o
    0x20004a29   0x080084d4   0x00000003   PAD
    0x20004a2c        -       0x00000004   Zero   RW         1698    .bss.ulMaxPRIGROUPValue  port.o
    0x20004a30        -       0x00000004   Zero   RW          697    .bss.uwTick         stm32f4xx_hal.o
    0x20004a34        -       0x00000004   Zero   RW         1495    .bss.uxCurrentNumberOfTasks  tasks.o
    0x20004a38        -       0x00000004   Zero   RW         1494    .bss.uxDeletedTasksWaitingCleanUp  tasks.o
    0x20004a3c        -       0x00000004   Zero   RW         1497    .bss.uxSchedulerSuspended  tasks.o
    0x20004a40        -       0x00000004   Zero   RW         1492    .bss.uxTaskNumber   tasks.o
    0x20004a44        -       0x00000004   Zero   RW         1491    .bss.uxTopReadyPriority  tasks.o
    0x20004a48        -       0x00000001   Zero   RW         1656    .bss.xBlockAllocatedBit  heap_4.o
    0x20004a49   0x080084d4   0x00000003   PAD
    0x20004a4c        -       0x00000014   Zero   RW         1508    .bss.xDelayedTaskList1  tasks.o
    0x20004a60        -       0x00000014   Zero   RW         1509    .bss.xDelayedTaskList2  tasks.o
    0x20004a74        -       0x00000004   Zero   RW         1657    .bss.xFreeBytesRemaining  heap_4.o
    0x20004a78        -       0x00000200   Zero   RW           44    .bss.xIdleStack     freertos.o
    0x20004c78        -       0x00000004   Zero   RW         1500    .bss.xIdleTaskHandle  tasks.o
    0x20004c7c        -       0x00000054   Zero   RW           43    .bss.xIdleTaskTCBBuffer  freertos.o
    0x20004cd0        -       0x00000004   Zero   RW         1659    .bss.xMinimumEverFreeBytesRemaining  heap_4.o
    0x20004cd4        -       0x00000004   Zero   RW         1501    .bss.xNextTaskUnblockTime  tasks.o
    0x20004cd8        -       0x00000004   Zero   RW         1507    .bss.xNumOfOverflows  tasks.o
    0x20004cdc        -       0x00000004   Zero   RW         1660    .bss.xNumberOfSuccessfulAllocations  heap_4.o
    0x20004ce0        -       0x00000004   Zero   RW         1661    .bss.xNumberOfSuccessfulFrees  heap_4.o
    0x20004ce4        -       0x00000004   Zero   RW         1504    .bss.xPendedTicks   tasks.o
    0x20004ce8        -       0x00000014   Zero   RW         1499    .bss.xPendingReadyList  tasks.o
    0x20004cfc        -       0x00000004   Zero   RW         1496    .bss.xSchedulerRunning  tasks.o
    0x20004d00        -       0x00000008   Zero   RW         1658    .bss.xStart         heap_4.o
    0x20004d08        -       0x00000014   Zero   RW         1498    .bss.xSuspendedTaskList  tasks.o
    0x20004d1c        -       0x00000014   Zero   RW         1493    .bss.xTasksWaitingTermination  tasks.o
    0x20004d30        -       0x00000004   Zero   RW         1502    .bss.xTickCount     tasks.o
    0x20004d34        -       0x00000004   Zero   RW         1503    .bss.xYieldPending  tasks.o
    0x20004d38        -       0x00000200   Zero   RW            2    HEAP                startup_stm32f427xx.o
    0x20004f38        -       0x00000400   Zero   RW            1    STACK               startup_stm32f427xx.o


==============================================================================

Image component sizes


      Code (inc. data)   RO Data    RW Data    ZI Data      Debug   Object Name

       808         12          0          0          0       5666   adrc.o
        98          0          0          0          0       3610   bsp_can.o
        72          0          0          0          0       1911   bsp_usart.o
       408          0          0          0         84       6695   can.o
       148          0          0          0          0      19563   cmsis_os.o
       256          0          0          0         11       2638   debuglight.o
        70          0          0          0          0       3501   dma.o
       194          0        113          0        608       3329   freertos.o
       548          0          0          0          0       2625   gpio.o
       676          0          0          0      15389       4779   heap_4.o
       748          8          0          0         89       7172   interruptservice.o
      4936        148          0        124       2210      11454   lauchthread.o
       150          0          0          0          0       2253   list.o
       278          0          0          0          0       6139   main.o
      1006         36          0          0        106       6298   motor.o
       790          8          0          0          0       5009   pid.o
       774         16          0          4          5       3959   port.o
       106          0          0          0         88       1324   referee.o
       712          8          0          0         64       5680   remote.o
        64         26        428          0       1536        864   startup_stm32f427xx.o
        92          0          0          5          4       7677   stm32f4xx_hal.o
      1636          6          0          0          0      13142   stm32f4xx_hal_can.o
       204          0          0          0          0      10886   stm32f4xx_hal_cortex.o
      1016         12          0          0          0       9305   stm32f4xx_hal_dma.o
       420          0          0          0          0       5271   stm32f4xx_hal_gpio.o
        70          0          0          0          0       3561   stm32f4xx_hal_msp.o
       122          0          0          0          0       4636   stm32f4xx_hal_pwr_ex.o
      1438          0          0          0          0       7376   stm32f4xx_hal_rcc.o
      2048          4          0          0          0      44875   stm32f4xx_hal_tim.o
       188          0          0          0          0      19267   stm32f4xx_hal_tim_ex.o
       164          0          0          0         72       7372   stm32f4xx_hal_timebase_tim.o
       990          0          0          0          0      24766   stm32f4xx_hal_uart.o
        92          0          0          0          0       2513   stm32f4xx_it.o
        18          0         24          4          0       2711   system_stm32f4xx.o
      2012          8          0          0        300      24815   tasks.o
       424          0          0          0        144       7815   tim.o
       564          0          0          0        328       7372   usart.o
       372          4          0          0          0       2027   user_lib.o

    ----------------------------------------------------------------------
     24956        296        600        140      21068     309856   Object Totals
         0          0         32          0          0          0   (incl. Generated)
       244          0          3          3         30          0   (incl. Padding)

    ----------------------------------------------------------------------

      Code (inc. data)   RO Data    RW Data    ZI Data      Debug   Library Member Name

         8          0          0          0          0         68   __main.o
         0          0          0          0          0          0   __rtentry.o
        12          0          0          0          0          0   __rtentry2.o
         6          0          0          0          0          0   __rtentry4.o
        52          8          0          0          0          0   __scatter.o
        26          0          0          0          0          0   __scatter_copy.o
        28          0          0          0          0          0   __scatter_zi.o
        22          0          0          0          0        100   _rserrno.o
        18          0          0          0          0         80   exit.o
         6          0          0          0          0        152   heapauxi.o
         0          0          0          0          0          0   indicate_semi.o
         2          0          0          0          0          0   libinit.o
         6          0          0          0          0          0   libinit2.o
         2          0          0          0          0          0   libshutdown.o
         2          0          0          0          0          0   libshutdown2.o
         8          4          0          0         96         68   libspace.o
       240          0          0          0          0        100   lludivv7m.o
         8          4          0          0          0         68   rt_errno_addr_intlibspace.o
        78          0          0          0          0         80   rt_memclr_w.o
       138          0          0          0          0         68   rt_memcpy_v6.o
       100          0          0          0          0         80   rt_memcpy_w.o
         2          0          0          0          0          0   rtexit.o
        10          0          0          0          0          0   rtexit2.o
        12          4          0          0          0         68   sys_exit.o
        74          0          0          0          0         80   sys_stackheap_outer.o
         2          0          0          0          0         68   use_no_semi.o
        24          0          0          0          0        164   basic.o
        98          4          0          0          0        140   d2f.o
       834         16          0          0          0        516   daddsub_clz.o
        16          4          0          0          0        116   dcheck1.o
        24          0          0          0          0        116   dcmpi.o
       692        140          0          0          0        264   ddiv.o
        46          0          0          0          0        116   dflt_clz.o
       120          4          0          0          0        140   dleqf.o
       340         12          0          0          0        152   dmul.o
       156          4          0          0          0        140   dnaninf.o
        12          0          0          0          0        116   dretinf.o
       108          0          0          0          0        128   drleqf.o
       408         56          0          0          0        168   dsqrt_umaal.o
        86          4          0          0          0        132   f2d.o
       140          4          0          0          0        132   fnaninf.o
        26          0          0          0          0        116   fpinit.o
        10          0          0          0          0        116   fretinf.o
       100          0          0          0          0        116   retnan.o
        92          0          0          0          0        116   scalbn.o
        48          0          0          0          0        116   trapv.o
         0          0          0          0          0          0   usenofp.o
       164         44          0          0          0        620   dunder.o
        24          0          0          0          0        124   fabs.o
        48          0          0          0          0        124   fpclassify.o
       248          0          0          0          0        152   poly.o
      3168        296        136          0          0        352   pow.o
         0          0          8          0          0          0   qnan.o
       232          0          0          0          0        296   sqrt.o

    ----------------------------------------------------------------------
      8160        608        144          0         96       5868   Library Totals
        34          0          0          0          0          0   (incl. Padding)

    ----------------------------------------------------------------------

      Code (inc. data)   RO Data    RW Data    ZI Data      Debug   Library Name

       862         20          0          0         96       1080   c_w.l
      3380        248          0          0          0       3120   fz_wm.l
      3884        340        144          0          0       1668   m_wm.l

    ----------------------------------------------------------------------
      8160        608        144          0         96       5868   Library Totals

    ----------------------------------------------------------------------

==============================================================================


      Code (inc. data)   RO Data    RW Data    ZI Data      Debug   

     33116        904        744        140      21164     311436   Grand Totals
     33116        904        744        140      21164     311436   ELF Image Totals
     33116        904        744        140          0          0   ROM Totals

==============================================================================

    Total RO  Size (Code + RO Data)                33860 (  33.07kB)
    Total RW  Size (RW Data + ZI Data)             21304 (  20.80kB)
    Total ROM Size (Code + RO Data + RW Data)      34000 (  33.20kB)

==============================================================================

