Component: ARM Compiler 6.16 Tool: armlink [5dfeaa00]

==============================================================================

Section Cross References

    startup_stm32f427xx.o(RESET) refers to startup_stm32f427xx.o(STACK) for __initial_sp
    startup_stm32f427xx.o(RESET) refers to startup_stm32f427xx.o(.text) for Reset_Handler
    startup_stm32f427xx.o(RESET) refers to stm32f4xx_it.o(.text.NMI_Handler) for NMI_Handler
    startup_stm32f427xx.o(RESET) refers to stm32f4xx_it.o(.text.HardFault_Handler) for HardFault_Handler
    startup_stm32f427xx.o(RESET) refers to stm32f4xx_it.o(.text.MemManage_Handler) for MemManage_Handler
    startup_stm32f427xx.o(RESET) refers to stm32f4xx_it.o(.text.BusFault_Handler) for BusFault_Handler
    startup_stm32f427xx.o(RESET) refers to stm32f4xx_it.o(.text.UsageFault_Handler) for UsageFault_Handler
    startup_stm32f427xx.o(RESET) refers to port.o(.text.SVC_Handler) for SVC_Handler
    startup_stm32f427xx.o(RESET) refers to stm32f4xx_it.o(.text.DebugMon_Handler) for DebugMon_Handler
    startup_stm32f427xx.o(RESET) refers to port.o(.text.PendSV_Handler) for PendSV_Handler
    startup_stm32f427xx.o(RESET) refers to port.o(.text.SysTick_Handler) for SysTick_Handler
    startup_stm32f427xx.o(RESET) refers to stm32f4xx_it.o(.text.CAN1_RX0_IRQHandler) for CAN1_RX0_IRQHandler
    startup_stm32f427xx.o(RESET) refers to stm32f4xx_it.o(.text.TIM1_UP_TIM10_IRQHandler) for TIM1_UP_TIM10_IRQHandler
    startup_stm32f427xx.o(RESET) refers to interrupt_service.o(.text.TIM2_IRQHandler) for TIM2_IRQHandler
    startup_stm32f427xx.o(RESET) refers to interrupt_service.o(.text.USART1_IRQHandler) for USART1_IRQHandler
    startup_stm32f427xx.o(RESET) refers to stm32f4xx_it.o(.text.DMA2_Stream1_IRQHandler) for DMA2_Stream1_IRQHandler
    startup_stm32f427xx.o(RESET) refers to stm32f4xx_it.o(.text.DMA2_Stream2_IRQHandler) for DMA2_Stream2_IRQHandler
    startup_stm32f427xx.o(RESET) refers to stm32f4xx_it.o(.text.CAN2_RX0_IRQHandler) for CAN2_RX0_IRQHandler
    startup_stm32f427xx.o(RESET) refers to interrupt_service.o(.text.USART6_IRQHandler) for USART6_IRQHandler
    startup_stm32f427xx.o(.text) refers to system_stm32f4xx.o(.text.SystemInit) for SystemInit
    startup_stm32f427xx.o(.text) refers to entry.o(.ARM.Collect$$$$00000000) for __main
    main.o(.text.main) refers to stm32f4xx_hal.o(.text.HAL_Init) for HAL_Init
    main.o(.text.main) refers to main.o(.text.SystemClock_Config) for SystemClock_Config
    main.o(.text.main) refers to gpio.o(.text.MX_GPIO_Init) for MX_GPIO_Init
    main.o(.text.main) refers to dma.o(.text.MX_DMA_Init) for MX_DMA_Init
    main.o(.text.main) refers to can.o(.text.MX_CAN1_Init) for MX_CAN1_Init
    main.o(.text.main) refers to can.o(.text.MX_CAN2_Init) for MX_CAN2_Init
    main.o(.text.main) refers to spi.o(.text.MX_SPI1_Init) for MX_SPI1_Init
    main.o(.text.main) refers to tim.o(.text.MX_TIM2_Init) for MX_TIM2_Init
    main.o(.text.main) refers to tim.o(.text.MX_TIM4_Init) for MX_TIM4_Init
    main.o(.text.main) refers to tim.o(.text.MX_TIM5_Init) for MX_TIM5_Init
    main.o(.text.main) refers to usart.o(.text.MX_USART1_UART_Init) for MX_USART1_UART_Init
    main.o(.text.main) refers to usart.o(.text.MX_USART6_UART_Init) for MX_USART6_UART_Init
    main.o(.text.main) refers to usart.o(.text.MX_USART3_UART_Init) for MX_USART3_UART_Init
    main.o(.text.main) refers to remote.o(.text.remote_control_init) for remote_control_init
    main.o(.text.main) refers to referee.o(.text.referee_init) for referee_init
    main.o(.text.main) refers to bsp_can.o(.text.can_filter_init) for can_filter_init
    main.o(.text.main) refers to tim.o(.bss.htim2) for htim2
    main.o(.text.main) refers to stm32f4xx_hal_tim.o(.text.HAL_TIM_Base_Start_IT) for HAL_TIM_Base_Start_IT
    main.o(.text.main) refers to tim.o(.bss.htim4) for htim4
    main.o(.text.main) refers to tim.o(.bss.htim5) for htim5
    main.o(.text.main) refers to freertos.o(.text.MX_FREERTOS_Init) for MX_FREERTOS_Init
    main.o(.text.main) refers to cmsis_os.o(.text.osKernelStart) for osKernelStart
    main.o(.ARM.exidx.text.main) refers to main.o(.text.main) for [Anonymous Symbol]
    main.o(.text.SystemClock_Config) refers to memseta.o(.text) for __aeabi_memclr4
    main.o(.text.SystemClock_Config) refers to stm32f4xx_hal_rcc.o(.text.HAL_RCC_OscConfig) for HAL_RCC_OscConfig
    main.o(.text.SystemClock_Config) refers to stm32f4xx_hal_pwr_ex.o(.text.HAL_PWREx_EnableOverDrive) for HAL_PWREx_EnableOverDrive
    main.o(.text.SystemClock_Config) refers to stm32f4xx_hal_rcc.o(.text.HAL_RCC_ClockConfig) for HAL_RCC_ClockConfig
    main.o(.text.SystemClock_Config) refers to main.o(.text.Error_Handler) for Error_Handler
    main.o(.ARM.exidx.text.SystemClock_Config) refers to main.o(.text.SystemClock_Config) for [Anonymous Symbol]
    main.o(.ARM.exidx.text.Error_Handler) refers to main.o(.text.Error_Handler) for [Anonymous Symbol]
[...]
    _float_round                             0x080006b7   Thumb Code    18  fepilogue.o(.text)
    _float_epilogue                          0x080006c9   Thumb Code    92  fepilogue.o(.text)
    _frnd                                    0x08000725   Thumb Code    60  frnd.o(.text)
    _double_round                            0x08000761   Thumb Code    30  depilogue.o(.text)
    _double_epilogue                         0x0800077f   Thumb Code   156  depilogue.o(.text)
    __ARM_scalbn                             0x0800081b   Thumb Code    46  dscalb.o(.text)
    scalbn                                   0x0800081b   Thumb Code     0  dscalb.o(.text)
    _dsqrt                                   0x08000849   Thumb Code   162  dsqrt.o(.text)
    __aeabi_cdrcmple                         0x080008ed   Thumb Code    48  cdrcmple.o(.text)
    __scatterload                            0x0800091d   Thumb Code    28  init.o(.text)
    __scatterload_rt2                        0x0800091d   Thumb Code     0  init.o(.text)
    BusFault_Handler                         0x08000941   Thumb Code     2  stm32f4xx_it.o(.text.BusFault_Handler)
    CAN1_RX0_IRQHandler                      0x08000945   Thumb Code    16  stm32f4xx_it.o(.text.CAN1_RX0_IRQHandler)
    CAN2_RX0_IRQHandler                      0x08000955   Thumb Code    16  stm32f4xx_it.o(.text.CAN2_RX0_IRQHandler)
    CommuniteOfflineCounterUpdate            0x08000965   Thumb Code    68  interrupt_service.o(.text.CommuniteOfflineCounterUpdate)
    CommuniteOfflineStateUpdate              0x080009a9   Thumb Code   156  interrupt_service.o(.text.CommuniteOfflineStateUpdate)
    DMA2_Stream1_IRQHandler                  0x08000a45   Thumb Code    16  stm32f4xx_it.o(.text.DMA2_Stream1_IRQHandler)
    DMA2_Stream2_IRQHandler                  0x08000a55   Thumb Code    16  stm32f4xx_it.o(.text.DMA2_Stream2_IRQHandler)
    DebugLightShow                           0x08000b21   Thumb Code   206  debug_light_thread.o(.text.DebugLightShow)
    DebugLightThread                         0x08000bf1   Thumb Code    26  debug_light_thread.o(.text.DebugLightThread)
    DebugMon_Handler                         0x08000c0d   Thumb Code     2  stm32f4xx_it.o(.text.DebugMon_Handler)
    Error_Handler                            0x08000c11   Thumb Code    10  main.o(.text.Error_Handler)
    HAL_CAN_ActivateNotification             0x08000c1d   Thumb Code    38  stm32f4xx_hal_can.o(.text.HAL_CAN_ActivateNotification)
    HAL_CAN_AddTxMessage                     0x08000c45   Thumb Code   164  stm32f4xx_hal_can.o(.text.HAL_CAN_AddTxMessage)
    HAL_CAN_ConfigFilter                     0x08000ce9   Thumb Code   222  stm32f4xx_hal_can.o(.text.HAL_CAN_ConfigFilter)
    HAL_CAN_ErrorCallback                    0x08000dc9   Thumb Code     2  stm32f4xx_hal_can.o(.text.HAL_CAN_ErrorCallback)
    HAL_CAN_GetRxMessage                     0x08000dcd   Thumb Code   284  stm32f4xx_hal_can.o(.text.HAL_CAN_GetRxMessage)
    HAL_CAN_IRQHandler                       0x08000ee9   Thumb Code   570  stm32f4xx_hal_can.o(.text.HAL_CAN_IRQHandler)
    HAL_CAN_Init                             0x08001125   Thumb Code   244  stm32f4xx_hal_can.o(.text.HAL_CAN_Init)
    HAL_CAN_MspInit                          0x08001219   Thumb Code   288  can.o(.text.HAL_CAN_MspInit)
    HAL_CAN_RxFifo0FullCallback              0x08001339   Thumb Code     2  stm32f4xx_hal_can.o(.text.HAL_CAN_RxFifo0FullCallback)
    HAL_CAN_RxFifo0MsgPendingCallback        0x0800133d   Thumb Code   104  interrupt_service.o(.text.HAL_CAN_RxFifo0MsgPendingCallback)
    HAL_CAN_RxFifo1FullCallback              0x080013a5   Thumb Code     2  stm32f4xx_hal_can.o(.text.HAL_CAN_RxFifo1FullCallback)
    HAL_CAN_RxFifo1MsgPendingCallback        0x080013a9   Thumb Code     2  stm32f4xx_hal_can.o(.text.HAL_CAN_RxFifo1MsgPendingCallback)
    HAL_CAN_SleepCallback                    0x080013ad   Thumb Code     2  stm32f4xx_hal_can.o(.text.HAL_CAN_SleepCallback)
    HAL_CAN_Start                            0x080013b1   Thumb Code    90  stm32f4xx_hal_can.o(.text.HAL_CAN_Start)
    HAL_CAN_TxMailbox0AbortCallback          0x0800140d   Thumb Code     2  stm32f4xx_hal_can.o(.text.HAL_CAN_TxMailbox0AbortCallback)
    HAL_CAN_TxMailbox0CompleteCallback       0x08001411   Thumb Code     2  stm32f4xx_hal_can.o(.text.HAL_CAN_TxMailbox0CompleteCallback)
    HAL_CAN_TxMailbox1AbortCallback          0x08001415   Thumb Code     2  stm32f4xx_hal_can.o(.text.HAL_CAN_TxMailbox1AbortCallback)
    HAL_CAN_TxMailbox1CompleteCallback       0x08001419   Thumb Code     2  stm32f4xx_hal_can.o(.text.HAL_CAN_TxMailbox1CompleteCallback)
    HAL_CAN_TxMailbox2AbortCallback          0x0800141d   Thumb Code     2  stm32f4xx_hal_can.o(.text.HAL_CAN_TxMailbox2AbortCallback)
    HAL_CAN_TxMailbox2CompleteCallback       0x08001421   Thumb Code     2  stm32f4xx_hal_can.o(.text.HAL_CAN_TxMailbox2CompleteCallback)
    HAL_CAN_WakeUpFromRxMsgCallback          0x08001425   Thumb Code     2  stm32f4xx_hal_can.o(.text.HAL_CAN_WakeUpFromRxMsgCallback)
    HAL_DMA_Abort                            0x08001429   Thumb Code   128  stm32f4xx_hal_dma.o(.text.HAL_DMA_Abort)
    HAL_DMA_IRQHandler                       0x080014a9   Thumb Code   396  stm32f4xx_hal_dma.o(.text.HAL_DMA_IRQHandler)
    HAL_DMA_Init                             0x08001635   Thumb Code   206  stm32f4xx_hal_dma.o(.text.HAL_DMA_Init)
    HAL_DMA_Start_IT                         0x08001705   Thumb Code    98  stm32f4xx_hal_dma.o(.text.HAL_DMA_Start_IT)
    HAL_GPIO_Init                            0x08001769   Thumb Code   410  stm32f4xx_hal_gpio.o(.text.HAL_GPIO_Init)
    HAL_GPIO_WritePin                        0x08001905   Thumb Code    10  stm32f4xx_hal_gpio.o(.text.HAL_GPIO_WritePin)
    HAL_GetTick                              0x08001911   Thumb Code    12  stm32f4xx_hal.o(.text.HAL_GetTick)
    HAL_IncTick                              0x0800191d   Thumb Code    26  stm32f4xx_hal.o(.text.HAL_IncTick)
    HAL_Init                                 0x08001939   Thumb Code    54  stm32f4xx_hal.o(.text.HAL_Init)
    HAL_InitTick                             0x08001971   Thumb Code   164  stm32f4xx_hal_timebase_tim.o(.text.HAL_InitTick)
    HAL_MspInit                              0x08001a15   Thumb Code    70  stm32f4xx_hal_msp.o(.text.HAL_MspInit)
    HAL_NVIC_EnableIRQ                       0x08001a5d   Thumb Code     8  stm32f4xx_hal_cortex.o(.text.HAL_NVIC_EnableIRQ)
    HAL_NVIC_SetPriority                     0x08001a65   Thumb Code    30  stm32f4xx_hal_cortex.o(.text.HAL_NVIC_SetPriority)
    HAL_NVIC_SetPriorityGrouping             0x08001a85   Thumb Code     8  stm32f4xx_hal_cortex.o(.text.HAL_NVIC_SetPriorityGrouping)
    HAL_PWREx_EnableOverDrive                0x08001a8d   Thumb Code   122  stm32f4xx_hal_pwr_ex.o(.text.HAL_PWREx_EnableOverDrive)
    HAL_RCC_ClockConfig                      0x08001b09   Thumb Code   352  stm32f4xx_hal_rcc.o(.text.HAL_RCC_ClockConfig)
    HAL_RCC_GetClockConfig                   0x08001c69   Thumb Code    62  stm32f4xx_hal_rcc.o(.text.HAL_RCC_GetClockConfig)
    HAL_RCC_GetHCLKFreq                      0x08001ca9   Thumb Code    12  stm32f4xx_hal_rcc.o(.text.HAL_RCC_GetHCLKFreq)
    HAL_RCC_GetPCLK1Freq                     0x08001cb5   Thumb Code    34  stm32f4xx_hal_rcc.o(.text.HAL_RCC_GetPCLK1Freq)
    HAL_RCC_GetPCLK2Freq                     0x08001cd9   Thumb Code    34  stm32f4xx_hal_rcc.o(.text.HAL_RCC_GetPCLK2Freq)
    HAL_RCC_GetSysClockFreq                  0x08001cfd   Thumb Code   104  stm32f4xx_hal_rcc.o(.text.HAL_RCC_GetSysClockFreq)
    HAL_RCC_OscConfig                        0x08001d65   Thumb Code   840  stm32f4xx_hal_rcc.o(.text.HAL_RCC_OscConfig)
    HAL_SPI_Init                             0x080020ad   Thumb Code   180  stm32f4xx_hal_spi.o(.text.HAL_SPI_Init)
    HAL_SPI_MspInit                          0x08002161   Thumb Code   170  spi.o(.text.HAL_SPI_MspInit)
    HAL_TIMEx_BreakCallback                  0x0800220d   Thumb Code     2  stm32f4xx_hal_tim_ex.o(.text.HAL_TIMEx_BreakCallback)
    HAL_TIMEx_CommutCallback                 0x08002211   Thumb Code     2  stm32f4xx_hal_tim_ex.o(.text.HAL_TIMEx_CommutCallback)
    HAL_TIMEx_MasterConfigSynchronization    0x08002215   Thumb Code   184  stm32f4xx_hal_tim_ex.o(.text.HAL_TIMEx_MasterConfigSynchronization)
    HAL_TIM_Base_Init                        0x080022cd   Thumb Code    90  stm32f4xx_hal_tim.o(.text.HAL_TIM_Base_Init)
    HAL_TIM_Base_MspInit                     0x08002329   Thumb Code   154  tim.o(.text.HAL_TIM_Base_MspInit)
    HAL_TIM_Base_Start_IT                    0x080023c5   Thumb Code   168  stm32f4xx_hal_tim.o(.text.HAL_TIM_Base_Start_IT)
    HAL_TIM_ConfigClockSource                0x0800246d   Thumb Code   222  stm32f4xx_hal_tim.o(.text.HAL_TIM_ConfigClockSource)
    HAL_TIM_IC_CaptureCallback               0x0800254d   Thumb Code     2  stm32f4xx_hal_tim.o(.text.HAL_TIM_IC_CaptureCallback)
    HAL_TIM_IRQHandler                       0x08002551   Thumb Code   362  stm32f4xx_hal_tim.o(.text.HAL_TIM_IRQHandler)
    HAL_TIM_MspPostInit                      0x080026bd   Thumb Code   206  tim.o(.text.HAL_TIM_MspPostInit)
    HAL_TIM_OC_DelayElapsedCallback          0x0800278d   Thumb Code     2  stm32f4xx_hal_tim.o(.text.HAL_TIM_OC_DelayElapsedCallback)
    HAL_TIM_PWM_ConfigChannel                0x08002791   Thumb Code   152  stm32f4xx_hal_tim.o(.text.HAL_TIM_PWM_ConfigChannel)
    HAL_TIM_PWM_Init                         0x08002829   Thumb Code    90  stm32f4xx_hal_tim.o(.text.HAL_TIM_PWM_Init)
    HAL_TIM_PWM_MspInit                      0x08002885   Thumb Code     2  stm32f4xx_hal_tim.o(.text.HAL_TIM_PWM_MspInit)
    HAL_TIM_PWM_PulseFinishedCallback        0x08002889   Thumb Code     2  stm32f4xx_hal_tim.o(.text.HAL_TIM_PWM_PulseFinishedCallback)
    HAL_TIM_PWM_Start                        0x0800288d   Thumb Code   290  stm32f4xx_hal_tim.o(.text.HAL_TIM_PWM_Start)
    HAL_TIM_PWM_Stop                         0x080029b1   Thumb Code   130  stm32f4xx_hal_tim.o(.text.HAL_TIM_PWM_Stop)
    HAL_TIM_PeriodElapsedCallback            0x08002a35   Thumb Code    20  main.o(.text.HAL_TIM_PeriodElapsedCallback)
    HAL_TIM_TriggerCallback                  0x08002a49   Thumb Code     2  stm32f4xx_hal_tim.o(.text.HAL_TIM_TriggerCallback)
    HAL_UARTEx_RxEventCallback               0x08002a4d   Thumb Code     2  stm32f4xx_hal_uart.o(.text.HAL_UARTEx_RxEventCallback)
    HAL_UART_DMAStop                         0x08002a51   Thumb Code   120  stm32f4xx_hal_uart.o(.text.HAL_UART_DMAStop)
    HAL_UART_ErrorCallback                   0x08002ac9   Thumb Code     2  stm32f4xx_hal_uart.o(.text.HAL_UART_ErrorCallback)
    HAL_UART_Init                            0x08002acd   Thumb Code    94  stm32f4xx_hal_uart.o(.text.HAL_UART_Init)
    HAL_UART_MspInit                         0x08002b2d   Thumb Code   490  usart.o(.text.HAL_UART_MspInit)
    HAL_UART_Receive_DMA                     0x08002d19   Thumb Code    56  stm32f4xx_hal_uart.o(.text.HAL_UART_Receive_DMA)
    HAL_UART_RxCpltCallback                  0x08002d51   Thumb Code     2  stm32f4xx_hal_uart.o(.text.HAL_UART_RxCpltCallback)
    HAL_UART_RxHalfCpltCallback              0x08002d55   Thumb Code     2  stm32f4xx_hal_uart.o(.text.HAL_UART_RxHalfCpltCallback)
    HAL_UART_Transmit                        0x08002d59   Thumb Code   204  stm32f4xx_hal_uart.o(.text.HAL_UART_Transmit)
    HardFault_Handler                        0x08002e25   Thumb Code     2  stm32f4xx_it.o(.text.HardFault_Handler)
    MX_CAN1_Init                             0x08002e29   Thumb Code    60  can.o(.text.MX_CAN1_Init)
    MX_CAN2_Init                             0x08002e65   Thumb Code    60  can.o(.text.MX_CAN2_Init)
    MX_DMA_Init                              0x08002ea1   Thumb Code    70  dma.o(.text.MX_DMA_Init)
    MX_FREERTOS_Init                         0x08002ee9   Thumb Code   198  freertos.o(.text.MX_FREERTOS_Init)
    MX_GPIO_Init                             0x08002fb1   Thumb Code   574  gpio.o(.text.MX_GPIO_Init)
    MX_SPI1_Init                             0x080031f1   Thumb Code    78  spi.o(.text.MX_SPI1_Init)
    MX_TIM2_Init                             0x08003241   Thumb Code   120  tim.o(.text.MX_TIM2_Init)
    MX_TIM4_Init                             0x080032b9   Thumb Code   208  tim.o(.text.MX_TIM4_Init)
    MX_TIM5_Init                             0x08003389   Thumb Code   280  tim.o(.text.MX_TIM5_Init)
    MX_USART1_UART_Init                      0x080034a1   Thumb Code    66  usart.o(.text.MX_USART1_UART_Init)
    MX_USART3_UART_Init                      0x080034e5   Thumb Code    56  usart.o(.text.MX_USART3_UART_Init)
    MX_USART6_UART_Init                      0x0800351d   Thumb Code    56  usart.o(.text.MX_USART6_UART_Init)
    MemManage_Handler                        0x08003555   Thumb Code     2  stm32f4xx_it.o(.text.MemManage_Handler)
    NMI_Handler                              0x08003559   Thumb Code     2  stm32f4xx_it.o(.text.NMI_Handler)
    PID_calc                                 0x08003589   Thumb Code   540  pid.o(.text.PID_calc)
    PID_init                                 0x080037a5   Thumb Code    48  pid.o(.text.PID_init)
    PendSV_Handler                           0x080037e1   Thumb Code   100  port.o(.text.PendSV_Handler)
    SVC_Handler                              0x08003851   Thumb Code    36  port.o(.text.SVC_Handler)
    StartDefaultTask                         0x08003875   Thumb Code     8  freertos.o(.text.StartDefaultTask)
    SysTick_Handler                          0x0800387d   Thumb Code    46  port.o(.text.SysTick_Handler)
    SystemClock_Config                       0x080038ad   Thumb Code   174  main.o(.text.SystemClock_Config)
    SystemInit                               0x0800395d   Thumb Code    18  system_stm32f4xx.o(.text.SystemInit)
    TIM1_UP_TIM10_IRQHandler                 0x08003971   Thumb Code    16  stm32f4xx_it.o(.text.TIM1_UP_TIM10_IRQHandler)
    TIM2_IRQHandler                          0x08003981   Thumb Code    20  interrupt_service.o(.text.TIM2_IRQHandler)
    TIM_Base_SetConfig                       0x08003995   Thumb Code   292  stm32f4xx_hal_tim.o(.text.TIM_Base_SetConfig)
    TIM_CCxChannelCmd                        0x08003ab9   Thumb Code    36  stm32f4xx_hal_tim.o(.text.TIM_CCxChannelCmd)
    TIM_ETR_SetConfig                        0x08003add   Thumb Code    22  stm32f4xx_hal_tim.o(.text.TIM_ETR_SetConfig)
    TIM_OC2_SetConfig                        0x08003b69   Thumb Code   106  stm32f4xx_hal_tim.o(.text.TIM_OC2_SetConfig)
    UART_Start_Receive_DMA                   0x08003f05   Thumb Code   154  stm32f4xx_hal_uart.o(.text.UART_Start_Receive_DMA)
    USART1_IRQHandler                        0x0800401d   Thumb Code   112  interrupt_service.o(.text.USART1_IRQHandler)
    USART6_IRQHandler                        0x0800408d   Thumb Code   102  interrupt_service.o(.text.USART6_IRQHandler)
    UsageFault_Handler                       0x080040f5   Thumb Code     2  stm32f4xx_it.o(.text.UsageFault_Handler)
    adjust_motor_offline_counter_update      0x0800416d   Thumb Code    14  interrupt_service.o(.text.adjust_motor_offline_counter_update)
    angle_encoder_measure_update             0x0800417d   Thumb Code   252  motor.o(.text.angle_encoder_measure_update)
    cal_angle                                0x08004279   Thumb Code    48  motor.o(.text.cal_angle)
    can_filter_init                          0x080042a9   Thumb Code    98  bsp_can.o(.text.can_filter_init)
    choose_shortest_path                     0x0800430d   Thumb Code    78  user_lib.o(.text.choose_shortest_path)
    dart_client_cmd_update                   0x0800435d   Thumb Code    32  referee.o(.text.dart_client_cmd_update)
    dart_rack_get_message                    0x0800437d   Thumb Code    38  referee.o(.text.dart_rack_get_message)
    dart_rack_shoot                          0x080043a5   Thumb Code   118  launch_thread.o(.text.dart_rack_shoot)
    dart_rack_state_update                   0x0800441d   Thumb Code   300  launch_thread.o(.text.dart_rack_state_update)
    device_offline_monitor_update            0x08004549   Thumb Code    22  interrupt_service.o(.text.device_offline_monitor_update)
    drag_left_motor_offline_counter_update   0x08004561   Thumb Code    14  interrupt_service.o(.text.drag_left_motor_offline_counter_update)
    drag_right_motor_offline_counter_update  0x08004571   Thumb Code    14  interrupt_service.o(.text.drag_right_motor_offline_counter_update)
    encoder_measure_update                   0x08004581   Thumb Code    20  launch_thread.o(.text.encoder_measure_update)
    fal                                      0x08004595   Thumb Code   196  user_lib.o(.text.fal)
    fp32_normalized_limit                    0x08004659   Thumb Code    44  remote.o(.text.fp32_normalized_limit)
    fp32_to_string                           0x08004685   Thumb Code   186  user_lib.o(.text.fp32_to_string)
    fputc                                    0x08004741   Thumb Code    32  bsp_usart.o(.text.fputc)
    get_encoder_angle                        0x08004761   Thumb Code    22  launch_thread.o(.text.get_encoder_angle)
    get_referee_information                  0x08004779   Thumb Code    18  referee.o(.text.get_referee_information)
    get_remote_control_point                 0x0800478d   Thumb Code    10  remote.o(.text.get_remote_control_point)
    gimbal_motor_control                     0x08004799   Thumb Code    74  motor.o(.text.gimbal_motor_control)
    gimbal_motor_measure_update              0x080047e5   Thumb Code    96  motor.o(.text.gimbal_motor_measure_update)
    handle_gimbal_down                       0x08004845   Thumb Code    24  remote.o(.text.handle_gimbal_down)
    handle_gimbal_left                       0x0800485d   Thumb Code    24  remote.o(.text.handle_gimbal_left)
    handle_gimbal_right                      0x08004875   Thumb Code    24  remote.o(.text.handle_gimbal_right)
    handle_gimbal_up                         0x0800488d   Thumb Code    24  remote.o(.text.handle_gimbal_up)
    int_normalized_limit                     0x080048a5   Thumb Code    12  remote.o(.text.int_normalized_limit)
    int_pow                                  0x080048b1   Thumb Code    24  user_lib.o(.text.int_pow)
    is_zero                                  0x080048c9   Thumb Code    28  user_lib.o(.text.is_zero)
    launch_thread                             0x080048e5   Thumb Code    82  launch_thread.o(.text.launch_thread)
    load_motor_offline_counter_update        0x08004939   Thumb Code    14  interrupt_service.o(.text.load_motor_offline_counter_update)
    main                                     0x08004949   Thumb Code   110  main.o(.text.main)
    motor_algorithm_update                   0x080049c5   Thumb Code   492  launch_thread.o(.text.motor_algorithm_update)
    motor_measure_update                     0x08004bb1   Thumb Code    28  launch_thread.o(.text.motor_measure_update)
    motor_process                            0x08004bcd   Thumb Code   200  motor.o(.text.motor_process)
    oled_enter_one                           0x08004c95   Thumb Code   150  oled.o(.text.oled_enter_one)
    oled_enter_string                        0x08004d2d   Thumb Code   166  oled.o(.text.oled_enter_string)
    oled_new_line                            0x08004dd5   Thumb Code    34  oled.o(.text.oled_new_line)
    oled_reflesh_thread                      0x08004df9   Thumb Code    26  oled_reflesh_thread.o(.text.oled_reflesh_thread)
    oled_reset                               0x08004e15   Thumb Code    24  oled.o(.text.oled_reset)
    oled_show_angle                          0x08004e2d   Thumb Code   108  oled_reflesh_thread.o(.text.oled_show_angle)
    osDelay                                  0x08004ea1   Thumb Code    16  cmsis_os.o(.text.osDelay)
    osKernelStart                            0x08004eb1   Thumb Code    10  cmsis_os.o(.text.osKernelStart)
    osThreadCreate                           0x08004ebd   Thumb Code   110  cmsis_os.o(.text.osThreadCreate)
    pitch_angle_encoder_offline_counter_update 0x08004f2d   Thumb Code    14  interrupt_service.o(.text.pitch_angle_encoder_offline_counter_update)
    pitch_motor_offline_counter_update       0x08004f3d   Thumb Code    14  interrupt_service.o(.text.pitch_motor_offline_counter_update)
    pvPortMalloc                             0x080053a1   Thumb Code   330  heap_4.o(.text.pvPortMalloc)
    pxPortInitialiseStack                    0x080054ed   Thumb Code    40  port.o(.text.pxPortInitialiseStack)
    referee_init                             0x08005515   Thumb Code    18  referee.o(.text.referee_init)
    referee_offline_counter_update           0x08005529   Thumb Code    14  interrupt_service.o(.text.referee_offline_counter_update)
    remote_channel_leftX                     0x08005539   Thumb Code    36  remote.o(.text.remote_channel_leftX)
    remote_channel_leftY                     0x0800555d   Thumb Code    36  remote.o(.text.remote_channel_leftY)
    remote_control_init                      0x08005581   Thumb Code    18  remote.o(.text.remote_control_init)
    remote_dial                              0x08005595   Thumb Code    36  remote.o(.text.remote_dial)
    remote_offline_counter_update            0x080055b9   Thumb Code    14  interrupt_service.o(.text.remote_offline_counter_update)
    sbus_to_rc                               0x080055c9   Thumb Code   322  remote.o(.text.sbus_to_rc)
    shoot_command_update                     0x0800570d   Thumb Code   488  launch_thread.o(.text.shoot_command_update)
    shoot_motor_control                      0x080058f5   Thumb Code   106  motor.o(.text.shoot_motor_control)
    shoot_motor_measure_update               0x08005961   Thumb Code    98  motor.o(.text.shoot_motor_measure_update)
    sign                                     0x080059c5   Thumb Code    36  user_lib.o(.text.sign)
    timer_task_loop_1000Hz                   0x080059e9   Thumb Code    60  interrupt_service.o(.text.timer_task_loop_1000Hz)
    usart1_rx_dma_init                       0x08005a29   Thumb Code    36  bsp_usart.o(.text.usart1_rx_dma_init)
    usart6_rx_dma_init                       0x08005a4d   Thumb Code    36  bsp_usart.o(.text.usart6_rx_dma_init)
    uxListRemove                             0x08005a71   Thumb Code    36  list.o(.text.uxListRemove)
    vApplicationGetIdleTaskMemory            0x08005a95   Thumb Code    26  freertos.o(.text.vApplicationGetIdleTaskMemory)
    vListInitialise                          0x08005ab1   Thumb Code    22  list.o(.text.vListInitialise)
    vListInitialiseItem                      0x08005ac9   Thumb Code     6  list.o(.text.vListInitialiseItem)
    vListInsert                              0x08005ad1   Thumb Code    58  list.o(.text.vListInsert)
    vListInsertEnd                           0x08005b0d   Thumb Code    28  list.o(.text.vListInsertEnd)
    vPortEnterCritical                       0x08005b3d   Thumb Code    70  port.o(.text.vPortEnterCritical)
    vPortExitCritical                        0x08005b85   Thumb Code    46  port.o(.text.vPortExitCritical)
    vPortFree                                0x08005bb5   Thumb Code   138  heap_4.o(.text.vPortFree)
    vPortSetupTimerInterrupt                 0x08005c41   Thumb Code    52  port.o(.text.vPortSetupTimerInterrupt)
    vTaskDelay                               0x08005c75   Thumb Code    84  tasks.o(.text.vTaskDelay)
    vTaskStartScheduler                      0x08005cc9   Thumb Code   120  tasks.o(.text.vTaskStartScheduler)
    vTaskSuspendAll                          0x08005d49   Thumb Code    16  tasks.o(.text.vTaskSuspendAll)
    vTaskSwitchContext                       0x08005d59   Thumb Code   134  tasks.o(.text.vTaskSwitchContext)
    xPortStartScheduler                      0x08005de1   Thumb Code   274  port.o(.text.xPortStartScheduler)
    xTaskCreate                              0x08005ef5   Thumb Code   102  tasks.o(.text.xTaskCreate)
    xTaskCreateStatic                        0x08005f5d   Thumb Code   118  tasks.o(.text.xTaskCreateStatic)
    xTaskIncrementTick                       0x08005fd5   Thumb Code   356  tasks.o(.text.xTaskIncrementTick)
    xTaskResumeAll                           0x08006139   Thumb Code   280  tasks.o(.text.xTaskResumeAll)
    yaw_angle_encoder_offline_counter_update 0x08006251   Thumb Code    14  interrupt_service.o(.text.yaw_angle_encoder_offline_counter_update)
    yaw_motor_offline_counter_update         0x08006261   Thumb Code    14  interrupt_service.o(.text.yaw_motor_offline_counter_update)
    __0printf$1                              0x08006271   Thumb Code    22  printf1.o(i.__0printf$1)
    __1printf$1                              0x08006271   Thumb Code     0  printf1.o(i.__0printf$1)
    __2printf                                0x08006271   Thumb Code     0  printf1.o(i.__0printf$1)
    __ARM_fpclassify                         0x08006291   Thumb Code    48  fpclassify.o(i.__ARM_fpclassify)
    __hardfp_pow                             0x080062c1   Thumb Code  3088  pow.o(i.__hardfp_pow)
    __hardfp_roundf                          0x08006f21   Thumb Code   154  roundf.o(i.__hardfp_roundf)
    __kernel_poly                            0x08006fbb   Thumb Code   248  poly.o(i.__kernel_poly)
    __mathlib_dbl_divzero                    0x080070b9   Thumb Code    28  dunder.o(i.__mathlib_dbl_divzero)
    __mathlib_dbl_infnan2                    0x080070e9   Thumb Code    20  dunder.o(i.__mathlib_dbl_infnan2)
    __mathlib_dbl_invalid                    0x08007101   Thumb Code    24  dunder.o(i.__mathlib_dbl_invalid)
    __mathlib_dbl_overflow                   0x08007121   Thumb Code    24  dunder.o(i.__mathlib_dbl_overflow)
    __mathlib_dbl_underflow                  0x08007141   Thumb Code    24  dunder.o(i.__mathlib_dbl_underflow)
    __scatterload_copy                       0x08007161   Thumb Code    14  handlers.o(i.__scatterload_copy)
    __scatterload_null                       0x0800716f   Thumb Code     2  handlers.o(i.__scatterload_null)
    __scatterload_zeroinit                   0x08007171   Thumb Code    14  handlers.o(i.__scatterload_zeroinit)
    __set_errno                              0x08007181   Thumb Code     6  errno.o(i.__set_errno)
    fabs                                     0x080072e1   Thumb Code    24  fabs.o(i.fabs)
    sqrt                                     0x080072f9   Thumb Code   110  sqrt.o(i.sqrt)
    __ctype_table                            0x080073f0   Data         129  ctype_o.o(.constdata)
    __mathlib_zero                           0x08007478   Data           8  qnan.o(.constdata)
    AHBPrescTable                            0x080074f0   Data          16  system_stm32f4xx.o(.rodata.AHBPrescTable)
    APBPrescTable                            0x08007500   Data           8  system_stm32f4xx.o(.rodata.APBPrescTable)
    OLED_ALPHA_LOWER                         0x08007508   Data         208  oled.o(.rodata.OLED_ALPHA_LOWER)
    OLED_ALPHA_UPPER                         0x080075d8   Data         208  oled.o(.rodata.OLED_ALPHA_UPPER)
    OLED_NUMBER                              0x080076a8   Data          80  oled.o(.rodata.OLED_NUMBER)
    OLED_SPECIAL                             0x080076f8   Data          24  oled.o(.rodata.OLED_SPECIAL)
    Region$$Table$$Base                      0x0800773c   Number         0  anon$$obj.o(Region$$Table)
    Region$$Table$$Limit                     0x0800775c   Number         0  anon$$obj.o(Region$$Table)
    __stdout                                 0x20000000   Data           4  stdout.o(.data)
    DRAG_LEFT_OPERATE                        0x20000008   Data          12  launch_thread.o(.data.DRAG_LEFT_OPERATE)
    DRAG_RIGHT_OPERATE                       0x20000014   Data          12  launch_thread.o(.data.DRAG_RIGHT_OPERATE)
    SystemCoreClock                          0x20000020   Data           4  system_stm32f4xx.o(.data.SystemCoreClock)
    tim_bottom_compare                       0x20000024   Data           2  launch_thread.o(.data.tim_bottom_compare)
    tim_left_compare                         0x20000026   Data           2  launch_thread.o(.data.tim_left_compare)
    tim_right_compare                        0x20000028   Data           2  launch_thread.o(.data.tim_right_compare)
    uwTickFreq                               0x2000002a   Data           1  stm32f4xx_hal.o(.data.uwTickFreq)
    uwTickPrio                               0x2000002c   Data           4  stm32f4xx_hal.o(.data.uwTickPrio)
    DART_RACK_AIM_SHOOT                      0x20000038   Data           1  launch_thread.o(.bss.DART_RACK_AIM_SHOOT)
    DART_RACK_CLIENT_CMD                     0x20000039   Data           1  launch_thread.o(.bss.DART_RACK_CLIENT_CMD)
    SystemTimer                              0x20000450   Data           4  interrupt_service.o(.bss.SystemTimer)
    temp_yaw_cmd                             0x20000454   Data           4  launch_thread.o(.bss.temp_yaw_cmd)
    YAW_TARGET_ANGLE                         0x20000458   Data           4  launch_thread.o(.bss.YAW_TARGET_ANGLE)
    YAW_TOWER_ANGLE                          0x2000045c   Data           4  launch_thread.o(.bss.YAW_TOWER_ANGLE)
    cmd_id                                   0x2000047c   Data           2  referee.o(.bss.cmd_id)
    dart_rack                                0x20000480   Data        1480  launch_thread.o(.bss.dart_rack)
    debug_light_thread_handle                0x20000a48   Data           4  freertos.o(.bss.debug_light_thread_handle)
    defaultTaskHandle                        0x20000a4c   Data           4  freertos.o(.bss.defaultTaskHandle)
    drslast                                  0x20000a54   Data           1  launch_thread.o(.bss.drslast)
    drsthis                                  0x20000a55   Data           1  launch_thread.o(.bss.drsthis)
    hcan1                                    0x20000a78   Data          40  can.o(.bss.hcan1)
    hcan2                                    0x20000aa0   Data          40  can.o(.bss.hcan2)
    hdma_usart1_rx                           0x20000ac8   Data          96  usart.o(.bss.hdma_usart1_rx)
    hdma_usart6_rx                           0x20000b28   Data          96  usart.o(.bss.hdma_usart6_rx)
    hspi1                                    0x20000b88   Data          88  spi.o(.bss.hspi1)
    htim1                                    0x20000be0   Data          72  stm32f4xx_hal_timebase_tim.o(.bss.htim1)
    htim2                                    0x20000c28   Data          72  tim.o(.bss.htim2)
    htim4                                    0x20000c70   Data          72  tim.o(.bss.htim4)
    htim5                                    0x20000cb8   Data          72  tim.o(.bss.htim5)
    huart1                                   0x20000d00   Data          68  usart.o(.bss.huart1)
    huart3                                   0x20000d44   Data          68  usart.o(.bss.huart3)
    huart6                                   0x20000d88   Data          68  usart.o(.bss.huart6)
    key_former_channel                       0x20000dce   Data           2  remote.o(.bss.key_former_channel)
    key_jump_channel                         0x20000dd0   Data           2  remote.o(.bss.key_jump_channel)
    launch_thread_handle                      0x20000dd4   Data           4  freertos.o(.bss.launch_thread_handle)
    offline                                  0x20000dda   Data          10  launch_thread.o(.bss.offline)
    offline_counter                          0x20000df0   Data          40  interrupt_service.o(.bss.offline_counter)
    offline_monitor                          0x20000e18   Data          10  interrupt_service.o(.bss.offline_monitor)
    oled_reflesh_thread_handle               0x20000e24   Data           4  freertos.o(.bss.oled_reflesh_thread_handle)
    pxCurrentTCB                             0x20000e30   Data           4  tasks.o(.bss.pxCurrentTCB)
    rc_ctrl                                  0x20000ecc   Data          24  remote.o(.bss.rc_ctrl)
    referee                                  0x20000ee4   Data           6  launch_thread.o(.bss.referee)
    referee_information                      0x20000eea   Data           6  referee.o(.bss.referee_information)
    referee_rx_buf                           0x20000ef0   Data          80  referee.o(.bss.referee_rx_buf)
    referee_rx_len                           0x20000f40   Data           1  interrupt_service.o(.bss.referee_rx_len)
    remote                                   0x20000f44   Data          24  launch_thread.o(.bss.remote)
    rx_len                                   0x20000f84   Data           1  interrupt_service.o(.bss.rx_len)
    sbus_rx_buf                              0x20000f86   Data          36  remote.o(.bss.sbus_rx_buf)
    uwTick                                   0x20004bbc   Data           4  stm32f4xx_hal.o(.bss.uwTick)
    __initial_sp                             0x200052d0   Data           0  startup_stm32f427xx.o(STACK)



==============================================================================

Memory Map of the image

  Image Entry point : 0x080001ad

  Load Region LR_IROM1 (Base: 0x08000000, Size: 0x00007798, Max: 0x00200000, ABSOLUTE)

    Execution Region ER_IROM1 (Exec base: 0x08000000, Load base: 0x08000000, Size: 0x0000775c, Max: 0x00200000, ABSOLUTE)

    Exec Addr    Load Addr    Size         Type   Attr      Idx    E Section Name        Object

    0x08000000   0x08000000   0x000001ac   Data   RO            3    RESET               startup_stm32f427xx.o
    0x080001ac   0x080001ac   0x00000000   Code   RO         3895  * .ARM.Collect$$$$00000000  mc_w.l(entry.o)
    0x080001ac   0x080001ac   0x00000004   Code   RO         4264    .ARM.Collect$$$$00000001  mc_w.l(entry2.o)
    0x080001b0   0x080001b0   0x00000004   Code   RO         4267    .ARM.Collect$$$$00000004  mc_w.l(entry5.o)
    0x080001b4   0x080001b4   0x00000000   Code   RO         4269    .ARM.Collect$$$$00000008  mc_w.l(entry7b.o)
    0x080001b4   0x080001b4   0x00000000   Code   RO         4271    .ARM.Collect$$$$0000000A  mc_w.l(entry8b.o)
    0x080001b4   0x080001b4   0x00000008   Code   RO         4272    .ARM.Collect$$$$0000000B  mc_w.l(entry9a.o)
    0x080001bc   0x080001bc   0x00000000   Code   RO         4274    .ARM.Collect$$$$0000000D  mc_w.l(entry10a.o)
    0x080001bc   0x080001bc   0x00000000   Code   RO         4276    .ARM.Collect$$$$0000000F  mc_w.l(entry11a.o)
    0x080001bc   0x080001bc   0x00000004   Code   RO         4265    .ARM.Collect$$$$00002712  mc_w.l(entry2.o)
    0x080001c0   0x080001c0   0x00000024   Code   RO            4    .text               startup_stm32f427xx.o
    0x080001e4   0x080001e4   0x00000062   Code   RO         3898    .text               mc_w.l(uldiv.o)
    0x08000246   0x08000246   0x00000002   PAD
    0x08000248   0x08000248   0x00000008   Code   RO         3902    .text               mc_w.l(ctype_o.o)
    0x08000250   0x08000250   0x00000024   Code   RO         3930    .text               mc_w.l(memcpya.o)
    0x08000274   0x08000274   0x00000024   Code   RO         3932    .text               mc_w.l(memseta.o)
    0x08000298   0x08000298   0x0000014e   Code   RO         4197    .text               mf_w.l(dadd.o)
    0x080003e6   0x080003e6   0x000000e4   Code   RO         4199    .text               mf_w.l(dmul.o)
    0x080004ca   0x080004ca   0x000000de   Code   RO         4201    .text               mf_w.l(ddiv.o)
    0x080005a8   0x080005a8   0x00000022   Code   RO         4211    .text               mf_w.l(dflti.o)
    0x080005ca   0x080005ca   0x00000026   Code   RO         4219    .text               mf_w.l(f2d.o)
    0x080005f0   0x080005f0   0x00000038   Code   RO         4221    .text               mf_w.l(d2f.o)
    0x08000628   0x08000628   0x0000002c   Code   RO         4288    .text               mc_w.l(uidiv.o)
    0x08000654   0x08000654   0x0000001e   Code   RO         4290    .text               mc_w.l(llshl.o)
    0x08000672   0x08000672   0x00000020   Code   RO         4292    .text               mc_w.l(llushr.o)
    0x08000692   0x08000692   0x00000024   Code   RO         4294    .text               mc_w.l(llsshr.o)
    0x080006b6   0x080006b6   0x00000000   Code   RO         4303    .text               mc_w.l(iusefp.o)
    0x080006b6   0x080006b6   0x0000006e   Code   RO         4304    .text               mf_w.l(fepilogue.o)
    0x08000724   0x08000724   0x0000003c   Code   RO         4306    .text               mf_w.l(frnd.o)
    0x08000760   0x08000760   0x000000ba   Code   RO         4308    .text               mf_w.l(depilogue.o)
    0x0800081a   0x0800081a   0x0000002e   Code   RO         4312    .text               mf_w.l(dscalb.o)
    0x08000848   0x08000848   0x000000a2   Code   RO         4314    .text               mf_w.l(dsqrt.o)
    0x080008ea   0x080008ea   0x00000002   PAD
    0x080008ec   0x080008ec   0x00000030   Code   RO         4320    .text               mf_w.l(cdrcmple.o)
    0x0800091c   0x0800091c   0x00000024   Code   RO         4324    .text               mc_w.l(init.o)
    0x08000940   0x08000940   0x00000002   Code   RO          157    .text.BusFault_Handler  stm32f4xx_it.o
    0x08000942   0x08000942   0x00000002   PAD
    0x08000944   0x08000944   0x00000010   Code   RO          163    .text.CAN1_RX0_IRQHandler  stm32f4xx_it.o
    0x08000954   0x08000954   0x00000010   Code   RO          171    .text.CAN2_RX0_IRQHandler  stm32f4xx_it.o
    0x08000964   0x08000964   0x00000044   Code   RO         2186    .text.CommuniteOfflineCounterUpdate  interrupt_service.o
    0x080009a8   0x080009a8   0x0000009c   Code   RO         2188    .text.CommuniteOfflineStateUpdate  interrupt_service.o
    0x08000a44   0x08000a44   0x00000010   Code   RO          167    .text.DMA2_Stream1_IRQHandler  stm32f4xx_it.o
    0x08000a54   0x08000a54   0x00000010   Code   RO          169    .text.DMA2_Stream2_IRQHandler  stm32f4xx_it.o
    0x08000a64   0x08000a64   0x0000003c   Code   RO          488    .text.DMA_CalcBaseAndBitshift  stm32f4xx_hal_dma.o
    0x08000aa0   0x08000aa0   0x00000050   Code   RO          486    .text.DMA_CheckFifoParam  stm32f4xx_hal_dma.o
    0x08000af0   0x08000af0   0x00000030   Code   RO          494    .text.DMA_SetConfig  stm32f4xx_hal_dma.o
    0x08000b20   0x08000b20   0x000000ce   Code   RO         2262    .text.DebugLightShow  debug_light_thread.o
    0x08000bee   0x08000bee   0x00000002   PAD
    0x08000bf0   0x08000bf0   0x0000001a   Code   RO         2260    .text.DebugLightThread  debug_light_thread.o
    0x08000c0a   0x08000c0a   0x00000002   PAD
    0x08000c0c   0x08000c0c   0x00000002   Code   RO          161    .text.DebugMon_Handler  stm32f4xx_it.o
    0x08000c0e   0x08000c0e   0x00000002   PAD
    0x08000c10   0x08000c10   0x0000000a   Code   RO           15    .text.Error_Handler  main.o
    0x08000c1a   0x08000c1a   0x00000002   PAD
    0x08000c1c   0x08000c1c   0x00000026   Code   RO          238    .text.HAL_CAN_ActivateNotification  stm32f4xx_hal_can.o
    0x08000c42   0x08000c42   0x00000002   PAD
    0x08000c44   0x08000c44   0x000000a4   Code   RO          224    .text.HAL_CAN_AddTxMessage  stm32f4xx_hal_can.o
    0x08000ce8   0x08000ce8   0x000000de   Code   RO          214    .text.HAL_CAN_ConfigFilter  stm32f4xx_hal_can.o
    0x08000dc6   0x08000dc6   0x00000002   PAD
    0x08000dc8   0x08000dc8   0x00000002   Code   RO          268    .text.HAL_CAN_ErrorCallback  stm32f4xx_hal_can.o
    0x08000dca   0x08000dca   0x00000002   PAD
    0x08000dcc   0x08000dcc   0x0000011c   Code   RO          234    .text.HAL_CAN_GetRxMessage  stm32f4xx_hal_can.o
    0x08000ee8   0x08000ee8   0x0000023a   Code   RO          242    .text.HAL_CAN_IRQHandler  stm32f4xx_hal_can.o
    0x08001122   0x08001122   0x00000002   PAD
    0x08001124   0x08001124   0x000000f4   Code   RO          204    .text.HAL_CAN_Init  stm32f4xx_hal_can.o
    0x08001218   0x08001218   0x00000120   Code   RO           66    .text.HAL_CAN_MspInit  can.o
    0x08001338   0x08001338   0x00000002   Code   RO          256    .text.HAL_CAN_RxFifo0FullCallback  stm32f4xx_hal_can.o
    0x0800133a   0x0800133a   0x00000002   PAD
    0x0800133c   0x0800133c   0x00000068   Code   RO         2156    .text.HAL_CAN_RxFifo0MsgPendingCallback  interrupt_service.o
    0x080013a4   0x080013a4   0x00000002   Code   RO          260    .text.HAL_CAN_RxFifo1FullCallback  stm32f4xx_hal_can.o
    0x080013a6   0x080013a6   0x00000002   PAD
    0x080013a8   0x080013a8   0x00000002   Code   RO          262    .text.HAL_CAN_RxFifo1MsgPendingCallback  stm32f4xx_hal_can.o
    0x080013aa   0x080013aa   0x00000002   PAD
    0x080013ac   0x080013ac   0x00000002   Code   RO          264    .text.HAL_CAN_SleepCallback  stm32f4xx_hal_can.o
    0x080013ae   0x080013ae   0x00000002   PAD
    0x080013b0   0x080013b0   0x0000005a   Code   RO          216    .text.HAL_CAN_Start  stm32f4xx_hal_can.o
    0x0800140a   0x0800140a   0x00000002   PAD
    0x0800140c   0x0800140c   0x00000002   Code   RO          246    .text.HAL_CAN_TxMailbox0AbortCallback  stm32f4xx_hal_can.o
    0x0800140e   0x0800140e   0x00000002   PAD
    0x08001410   0x08001410   0x00000002   Code   RO          244    .text.HAL_CAN_TxMailbox0CompleteCallback  stm32f4xx_hal_can.o
    0x08001412   0x08001412   0x00000002   PAD
    0x08001414   0x08001414   0x00000002   Code   RO          250    .text.HAL_CAN_TxMailbox1AbortCallback  stm32f4xx_hal_can.o
    0x08001416   0x08001416   0x00000002   PAD
    0x08001418   0x08001418   0x00000002   Code   RO          248    .text.HAL_CAN_TxMailbox1CompleteCallback  stm32f4xx_hal_can.o
    0x0800141a   0x0800141a   0x00000002   PAD
    0x0800141c   0x0800141c   0x00000002   Code   RO          254    .text.HAL_CAN_TxMailbox2AbortCallback  stm32f4xx_hal_can.o
    0x0800141e   0x0800141e   0x00000002   PAD
    0x08001420   0x08001420   0x00000002   Code   RO          252    .text.HAL_CAN_TxMailbox2CompleteCallback  stm32f4xx_hal_can.o
    0x08001422   0x08001422   0x00000002   PAD
    0x08001424   0x08001424   0x00000002   Code   RO          266    .text.HAL_CAN_WakeUpFromRxMsgCallback  stm32f4xx_hal_can.o
    0x08001426   0x08001426   0x00000002   PAD
    0x08001428   0x08001428   0x00000080   Code   RO          498    .text.HAL_DMA_Abort  stm32f4xx_hal_dma.o
    0x080014a8   0x080014a8   0x0000018c   Code   RO          504    .text.HAL_DMA_IRQHandler  stm32f4xx_hal_dma.o
    0x08001634   0x08001634   0x000000ce   Code   RO          484    .text.HAL_DMA_Init  stm32f4xx_hal_dma.o
    0x08001702   0x08001702   0x00000002   PAD
    0x08001704   0x08001704   0x00000062   Code   RO          496    .text.HAL_DMA_Start_IT  stm32f4xx_hal_dma.o
    0x08001766   0x08001766   0x00000002   PAD
    0x08001768   0x08001768   0x0000019a   Code   RO          444    .text.HAL_GPIO_Init  stm32f4xx_hal_gpio.o
    0x08001902   0x08001902   0x00000002   PAD
    0x08001904   0x08001904   0x0000000a   Code   RO          450    .text.HAL_GPIO_WritePin  stm32f4xx_hal_gpio.o
    0x0800190e   0x0800190e   0x00000002   PAD
    0x08001910   0x08001910   0x0000000c   Code   RO          674    .text.HAL_GetTick   stm32f4xx_hal.o
    0x0800191c   0x0800191c   0x0000001a   Code   RO          672    .text.HAL_IncTick   stm32f4xx_hal.o
    0x08001936   0x08001936   0x00000002   PAD
    0x08001938   0x08001938   0x00000036   Code   RO          662    .text.HAL_Init      stm32f4xx_hal.o
    0x0800196e   0x0800196e   0x00000002   PAD
    0x08001970   0x08001970   0x000000a4   Code   RO          189    .text.HAL_InitTick  stm32f4xx_hal_timebase_tim.o
    0x08001a14   0x08001a14   0x00000046   Code   RO          180    .text.HAL_MspInit   stm32f4xx_hal_msp.o
    0x08001a5a   0x08001a5a   0x00000002   PAD
    0x08001a5c   0x08001a5c   0x00000008   Code   RO          602    .text.HAL_NVIC_EnableIRQ  stm32f4xx_hal_cortex.o
    0x08001a64   0x08001a64   0x0000001e   Code   RO          594    .text.HAL_NVIC_SetPriority  stm32f4xx_hal_cortex.o
    0x08001a82   0x08001a82   0x00000002   PAD
    0x08001a84   0x08001a84   0x00000008   Code   RO          590    .text.HAL_NVIC_SetPriorityGrouping  stm32f4xx_hal_cortex.o
    0x08001a8c   0x08001a8c   0x0000007a   Code   RO          576    .text.HAL_PWREx_EnableOverDrive  stm32f4xx_hal_pwr_ex.o
    0x08001b06   0x08001b06   0x00000002   PAD
    0x08001b08   0x08001b08   0x00000160   Code   RO          288    .text.HAL_RCC_ClockConfig  stm32f4xx_hal_rcc.o
    0x08001c68   0x08001c68   0x0000003e   Code   RO          306    .text.HAL_RCC_GetClockConfig  stm32f4xx_hal_rcc.o
    0x08001ca6   0x08001ca6   0x00000002   PAD
    0x08001ca8   0x08001ca8   0x0000000c   Code   RO          298    .text.HAL_RCC_GetHCLKFreq  stm32f4xx_hal_rcc.o
    0x08001cb4   0x08001cb4   0x00000022   Code   RO          300    .text.HAL_RCC_GetPCLK1Freq  stm32f4xx_hal_rcc.o
    0x08001cd6   0x08001cd6   0x00000002   PAD
    0x08001cd8   0x08001cd8   0x00000022   Code   RO          302    .text.HAL_RCC_GetPCLK2Freq  stm32f4xx_hal_rcc.o
    0x08001cfa   0x08001cfa   0x00000002   PAD
    0x08001cfc   0x08001cfc   0x00000068   Code   RO          290    .text.HAL_RCC_GetSysClockFreq  stm32f4xx_hal_rcc.o
    0x08001d64   0x08001d64   0x00000348   Code   RO          286    .text.HAL_RCC_OscConfig  stm32f4xx_hal_rcc.o
    0x080020ac   0x080020ac   0x000000b4   Code   RO          757    .text.HAL_SPI_Init  stm32f4xx_hal_spi.o
    0x08002160   0x08002160   0x000000aa   Code   RO           92    .text.HAL_SPI_MspInit  spi.o
    0x0800220a   0x0800220a   0x00000002   PAD
    0x0800220c   0x0800220c   0x00000002   Code   RO         1199    .text.HAL_TIMEx_BreakCallback  stm32f4xx_hal_tim_ex.o
    0x0800220e   0x0800220e   0x00000002   PAD
    0x08002210   0x08002210   0x00000002   Code   RO         1195    .text.HAL_TIMEx_CommutCallback  stm32f4xx_hal_tim_ex.o
    0x08002212   0x08002212   0x00000002   PAD
    0x08002214   0x08002214   0x000000b8   Code   RO         1189    .text.HAL_TIMEx_MasterConfigSynchronization  stm32f4xx_hal_tim_ex.o
    0x080022cc   0x080022cc   0x0000005a   Code   RO          875    .text.HAL_TIM_Base_Init  stm32f4xx_hal_tim.o
    0x08002326   0x08002326   0x00000002   PAD
    0x08002328   0x08002328   0x0000009a   Code   RO          113    .text.HAL_TIM_Base_MspInit  tim.o
    0x080023c2   0x080023c2   0x00000002   PAD
    0x080023c4   0x080023c4   0x000000a8   Code   RO          889    .text.HAL_TIM_Base_Start_IT  stm32f4xx_hal_tim.o
    0x0800246c   0x0800246c   0x000000de   Code   RO         1067    .text.HAL_TIM_ConfigClockSource  stm32f4xx_hal_tim.o
    0x0800254a   0x0800254a   0x00000002   PAD
    0x0800254c   0x0800254c   0x00000002   Code   RO         1011    .text.HAL_TIM_IC_CaptureCallback  stm32f4xx_hal_tim.o
    0x0800254e   0x0800254e   0x00000002   PAD
    0x08002550   0x08002550   0x0000016a   Code   RO         1009    .text.HAL_TIM_IRQHandler  stm32f4xx_hal_tim.o
    0x080026ba   0x080026ba   0x00000002   PAD
    0x080026bc   0x080026bc   0x000000ce   Code   RO          109    .text.HAL_TIM_MspPostInit  tim.o
    0x0800278a   0x0800278a   0x00000002   PAD
    0x0800278c   0x0800278c   0x00000002   Code   RO         1013    .text.HAL_TIM_OC_DelayElapsedCallback  stm32f4xx_hal_tim.o
    0x0800278e   0x0800278e   0x00000002   PAD
    0x08002790   0x08002790   0x00000098   Code   RO         1041    .text.HAL_TIM_PWM_ConfigChannel  stm32f4xx_hal_tim.o
    0x08002828   0x08002828   0x0000005a   Code   RO          929    .text.HAL_TIM_PWM_Init  stm32f4xx_hal_tim.o
    0x08002882   0x08002882   0x00000002   PAD
    0x08002884   0x08002884   0x00000002   Code   RO          931    .text.HAL_TIM_PWM_MspInit  stm32f4xx_hal_tim.o
    0x08002886   0x08002886   0x00000002   PAD
    0x08002888   0x08002888   0x00000002   Code   RO         1015    .text.HAL_TIM_PWM_PulseFinishedCallback  stm32f4xx_hal_tim.o
    0x0800288a   0x0800288a   0x00000002   PAD
    0x0800288c   0x0800288c   0x00000122   Code   RO          937    .text.HAL_TIM_PWM_Start  stm32f4xx_hal_tim.o
    0x080029ae   0x080029ae   0x00000002   PAD
    0x080029b0   0x080029b0   0x00000082   Code   RO          939    .text.HAL_TIM_PWM_Stop  stm32f4xx_hal_tim.o
    0x08002a32   0x08002a32   0x00000002   PAD
    0x08002a34   0x08002a34   0x00000014   Code   RO           17    .text.HAL_TIM_PeriodElapsedCallback  main.o
    0x08002a48   0x08002a48   0x00000002   Code   RO         1019    .text.HAL_TIM_TriggerCallback  stm32f4xx_hal_tim.o
    0x08002a4a   0x08002a4a   0x00000002   PAD
    0x08002a4c   0x08002a4c   0x00000002   Code   RO         1303    .text.HAL_UARTEx_RxEventCallback  stm32f4xx_hal_uart.o
    0x08002a4e   0x08002a4e   0x00000002   PAD
    0x08002a50   0x08002a50   0x00000078   Code   RO         1257    .text.HAL_UART_DMAStop  stm32f4xx_hal_uart.o
    0x08002ac8   0x08002ac8   0x00000002   Code   RO         1301    .text.HAL_UART_ErrorCallback  stm32f4xx_hal_uart.o
    0x08002aca   0x08002aca   0x00000002   PAD
    0x08002acc   0x08002acc   0x0000005e   Code   RO         1213    .text.HAL_UART_Init  stm32f4xx_hal_uart.o
    0x08002b2a   0x08002b2a   0x00000002   PAD
    0x08002b2c   0x08002b2c   0x000001ea   Code   RO          134    .text.HAL_UART_MspInit  usart.o
    0x08002d16   0x08002d16   0x00000002   PAD
    0x08002d18   0x08002d18   0x00000038   Code   RO         1249    .text.HAL_UART_Receive_DMA  stm32f4xx_hal_uart.o
    0x08002d50   0x08002d50   0x00000002   Code   RO         1313    .text.HAL_UART_RxCpltCallback  stm32f4xx_hal_uart.o
    0x08002d52   0x08002d52   0x00000002   PAD
    0x08002d54   0x08002d54   0x00000002   Code   RO         1315    .text.HAL_UART_RxHalfCpltCallback  stm32f4xx_hal_uart.o
    0x08002d56   0x08002d56   0x00000002   PAD
    0x08002d58   0x08002d58   0x000000cc   Code   RO         1229    .text.HAL_UART_Transmit  stm32f4xx_hal_uart.o
    0x08002e24   0x08002e24   0x00000002   Code   RO          153    .text.HardFault_Handler  stm32f4xx_it.o
    0x08002e26   0x08002e26   0x00000002   PAD
    0x08002e28   0x08002e28   0x0000003c   Code   RO           62    .text.MX_CAN1_Init  can.o
    0x08002e64   0x08002e64   0x0000003c   Code   RO           64    .text.MX_CAN2_Init  can.o
    0x08002ea0   0x08002ea0   0x00000046   Code   RO           81    .text.MX_DMA_Init   dma.o
    0x08002ee6   0x08002ee6   0x00000002   PAD
    0x08002ee8   0x08002ee8   0x000000c6   Code   RO           39    .text.MX_FREERTOS_Init  freertos.o
    0x08002fae   0x08002fae   0x00000002   PAD
    0x08002fb0   0x08002fb0   0x0000023e   Code   RO           28    .text.MX_GPIO_Init  gpio.o
    0x080031ee   0x080031ee   0x00000002   PAD
    0x080031f0   0x080031f0   0x0000004e   Code   RO           90    .text.MX_SPI1_Init  spi.o
    0x0800323e   0x0800323e   0x00000002   PAD
    0x08003240   0x08003240   0x00000078   Code   RO          105    .text.MX_TIM2_Init  tim.o
    0x080032b8   0x080032b8   0x000000d0   Code   RO          107    .text.MX_TIM4_Init  tim.o
    0x08003388   0x08003388   0x00000118   Code   RO          111    .text.MX_TIM5_Init  tim.o
    0x080034a0   0x080034a0   0x00000042   Code   RO          128    .text.MX_USART1_UART_Init  usart.o
    0x080034e2   0x080034e2   0x00000002   PAD
    0x080034e4   0x080034e4   0x00000038   Code   RO          130    .text.MX_USART3_UART_Init  usart.o
    0x0800351c   0x0800351c   0x00000038   Code   RO          132    .text.MX_USART6_UART_Init  usart.o
    0x08003554   0x08003554   0x00000002   Code   RO          155    .text.MemManage_Handler  stm32f4xx_it.o
    0x08003556   0x08003556   0x00000002   PAD
    0x08003558   0x08003558   0x00000002   Code   RO          151    .text.NMI_Handler   stm32f4xx_it.o
    0x0800355a   0x0800355a   0x00000002   PAD
    0x0800355c   0x0800355c   0x0000002c   Code   RO          600    .text.NVIC_EncodePriority  stm32f4xx_hal_cortex.o
    0x08003588   0x08003588   0x0000021c   Code   RO         1855    .text.PID_calc      pid.o
    0x080037a4   0x080037a4   0x00000030   Code   RO         1851    .text.PID_init      pid.o
    0x080037d4   0x080037d4   0x0000000c   PAD
    0x080037e0   0x080037e0   0x00000064   Code   RO         1834    .text.PendSV_Handler  port.o
    0x08003844   0x08003844   0x0000000c   PAD
    0x08003850   0x08003850   0x00000024   Code   RO         1818    .text.SVC_Handler   port.o
    0x08003874   0x08003874   0x00000008   Code   RO           41    .text.StartDefaultTask  freertos.o
    0x0800387c   0x0800387c   0x0000002e   Code   RO         1836    .text.SysTick_Handler  port.o
    0x080038aa   0x080038aa   0x00000002   PAD
    0x080038ac   0x080038ac   0x000000ae   Code   RO           13    .text.SystemClock_Config  main.o
    0x0800395a   0x0800395a   0x00000002   PAD
    0x0800395c   0x0800395c   0x00000012   Code   RO         1343    .text.SystemInit    system_stm32f4xx.o
    0x0800396e   0x0800396e   0x00000002   PAD
    0x08003970   0x08003970   0x00000010   Code   RO          165    .text.TIM1_UP_TIM10_IRQHandler  stm32f4xx_it.o
    0x08003980   0x08003980   0x00000014   Code   RO         2190    .text.TIM2_IRQHandler  interrupt_service.o
    0x08003994   0x08003994   0x00000124   Code   RO          879    .text.TIM_Base_SetConfig  stm32f4xx_hal_tim.o
    0x08003ab8   0x08003ab8   0x00000024   Code   RO          913    .text.TIM_CCxChannelCmd  stm32f4xx_hal_tim.o
    0x08003adc   0x08003adc   0x00000016   Code   RO         1065    .text.TIM_ETR_SetConfig  stm32f4xx_hal_tim.o
    0x08003af2   0x08003af2   0x00000002   PAD
    0x08003af4   0x08003af4   0x00000010   Code   RO         1071    .text.TIM_ITRx_SetConfig  stm32f4xx_hal_tim.o
    0x08003b04   0x08003b04   0x00000064   Code   RO         1023    .text.TIM_OC1_SetConfig  stm32f4xx_hal_tim.o
    0x08003b68   0x08003b68   0x0000006a   Code   RO         1025    .text.TIM_OC2_SetConfig  stm32f4xx_hal_tim.o
    0x08003bd2   0x08003bd2   0x00000002   PAD
    0x08003bd4   0x08003bd4   0x00000068   Code   RO         1027    .text.TIM_OC3_SetConfig  stm32f4xx_hal_tim.o
    0x08003c3c   0x08003c3c   0x0000004e   Code   RO         1029    .text.TIM_OC4_SetConfig  stm32f4xx_hal_tim.o
    0x08003c8a   0x08003c8a   0x00000002   PAD
    0x08003c8c   0x08003c8c   0x00000022   Code   RO         1069    .text.TIM_TI1_ConfigInputStage  stm32f4xx_hal_tim.o
    0x08003cae   0x08003cae   0x00000002   PAD
    0x08003cb0   0x08003cb0   0x00000024   Code   RO         1073    .text.TIM_TI2_ConfigInputStage  stm32f4xx_hal_tim.o
    0x08003cd4   0x08003cd4   0x0000004c   Code   RO         1247    .text.UART_DMAError  stm32f4xx_hal_uart.o
    0x08003d20   0x08003d20   0x00000080   Code   RO         1331    .text.UART_DMAReceiveCplt  stm32f4xx_hal_uart.o
    0x08003da0   0x08003da0   0x0000001a   Code   RO         1333    .text.UART_DMARxHalfCplt  stm32f4xx_hal_uart.o
    0x08003dba   0x08003dba   0x00000002   PAD
    0x08003dbc   0x08003dbc   0x00000050   Code   RO         1261    .text.UART_EndRxTransfer  stm32f4xx_hal_uart.o
    0x08003e0c   0x08003e0c   0x0000001c   Code   RO         1259    .text.UART_EndTxTransfer  stm32f4xx_hal_uart.o
    0x08003e28   0x08003e28   0x000000dc   Code   RO         1217    .text.UART_SetConfig  stm32f4xx_hal_uart.o
    0x08003f04   0x08003f04   0x0000009a   Code   RO         1251    .text.UART_Start_Receive_DMA  stm32f4xx_hal_uart.o
    0x08003f9e   0x08003f9e   0x00000002   PAD
    0x08003fa0   0x08003fa0   0x0000007a   Code   RO         1231    .text.UART_WaitOnFlagUntilTimeout  stm32f4xx_hal_uart.o
    0x0800401a   0x0800401a   0x00000002   PAD
    0x0800401c   0x0800401c   0x00000070   Code   RO         2174    .text.USART1_IRQHandler  interrupt_service.o
    0x0800408c   0x0800408c   0x00000066   Code   RO         2178    .text.USART6_IRQHandler  interrupt_service.o
    0x080040f2   0x080040f2   0x00000002   PAD
    0x080040f4   0x080040f4   0x00000002   Code   RO          159    .text.UsageFault_Handler  stm32f4xx_it.o
    0x080040f6   0x080040f6   0x00000002   PAD
    0x080040f8   0x080040f8   0x00000020   Code   RO          604    .text.__NVIC_EnableIRQ  stm32f4xx_hal_cortex.o
    0x08004118   0x08004118   0x00000010   Code   RO          596    .text.__NVIC_GetPriorityGrouping  stm32f4xx_hal_cortex.o
    0x08004128   0x08004128   0x00000022   Code   RO          598    .text.__NVIC_SetPriority  stm32f4xx_hal_cortex.o
    0x0800414a   0x0800414a   0x00000002   PAD
    0x0800414c   0x0800414c   0x00000020   Code   RO          592    .text.__NVIC_SetPriorityGrouping  stm32f4xx_hal_cortex.o
    0x0800416c   0x0800416c   0x0000000e   Code   RO         2164    .text.adjust_motor_offline_counter_update  interrupt_service.o
    0x0800417a   0x0800417a   0x00000002   PAD
    0x0800417c   0x0800417c   0x000000fc   Code   RO         1978    .text.angle_encoder_measure_update  motor.o
    0x08004278   0x08004278   0x00000030   Code   RO         1970    .text.cal_angle     motor.o
    0x080042a8   0x080042a8   0x00000062   Code   RO         1938    .text.can_filter_init  bsp_can.o
    0x0800430a   0x0800430a   0x00000002   PAD
    0x0800430c   0x0800430c   0x0000004e   Code   RO         1919    .text.choose_shortest_path  user_lib.o
    0x0800435a   0x0800435a   0x00000002   PAD
    0x0800435c   0x0800435c   0x00000020   Code   RO         2012    .text.dart_client_cmd_update  referee.o
    0x0800437c   0x0800437c   0x00000026   Code   RO         2010    .text.dart_rack_get_message  referee.o
    0x080043a2   0x080043a2   0x00000002   PAD
    0x080043a4   0x080043a4   0x00000076   Code   RO         2219    .text.dart_rack_shoot  launch_thread.o
    0x0800441a   0x0800441a   0x00000002   PAD
    0x0800441c   0x0800441c   0x0000012c   Code   RO         2209    .text.dart_rack_state_update  launch_thread.o
    0x08004548   0x08004548   0x00000016   Code   RO         2192    .text.device_offline_monitor_update  interrupt_service.o
    0x0800455e   0x0800455e   0x00000002   PAD
    0x08004560   0x08004560   0x0000000e   Code   RO         2158    .text.drag_left_motor_offline_counter_update  interrupt_service.o
    0x0800456e   0x0800456e   0x00000002   PAD
    0x08004570   0x08004570   0x0000000e   Code   RO         2160    .text.drag_right_motor_offline_counter_update  interrupt_service.o
    0x0800457e   0x0800457e   0x00000002   PAD
    0x08004580   0x08004580   0x00000014   Code   RO         2213    .text.encoder_measure_update  launch_thread.o
    0x08004594   0x08004594   0x000000c4   Code   RO         1921    .text.fal           user_lib.o
    0x08004658   0x08004658   0x0000002c   Code   RO         2104    .text.fp32_normalized_limit  remote.o
    0x08004684   0x08004684   0x000000ba   Code   RO         1927    .text.fp32_to_string  user_lib.o
    0x0800473e   0x0800473e   0x00000002   PAD
    0x08004740   0x08004740   0x00000020   Code   RO         1960    .text.fputc         bsp_usart.o
    0x08004760   0x08004760   0x00000016   Code   RO         2221    .text.get_encoder_angle  launch_thread.o
    0x08004776   0x08004776   0x00000002   PAD
    0x08004778   0x08004778   0x00000012   Code   RO         2014    .text.get_referee_information  referee.o
    0x0800478a   0x0800478a   0x00000002   PAD
    0x0800478c   0x0800478c   0x0000000a   Code   RO         2028    .text.get_remote_control_point  remote.o
    0x08004796   0x08004796   0x00000002   PAD
    0x08004798   0x08004798   0x0000004a   Code   RO         1974    .text.gimbal_motor_control  motor.o
    0x080047e2   0x080047e2   0x00000002   PAD
    0x080047e4   0x080047e4   0x00000060   Code   RO         1980    .text.gimbal_motor_measure_update  motor.o
    0x08004844   0x08004844   0x00000018   Code   RO         2072    .text.handle_gimbal_down  remote.o
    0x0800485c   0x0800485c   0x00000018   Code   RO         2076    .text.handle_gimbal_left  remote.o
    0x08004874   0x08004874   0x00000018   Code   RO         2074    .text.handle_gimbal_right  remote.o
    0x0800488c   0x0800488c   0x00000018   Code   RO         2070    .text.handle_gimbal_up  remote.o
    0x080048a4   0x080048a4   0x0000000c   Code   RO         2102    .text.int_normalized_limit  remote.o
    0x080048b0   0x080048b0   0x00000018   Code   RO         1925    .text.int_pow       user_lib.o
    0x080048c8   0x080048c8   0x0000001c   Code   RO         1913    .text.is_zero       user_lib.o
    0x080048e4   0x080048e4   0x00000052   Code   RO         2207    .text.launch_thread  launch_thread.o
    0x08004936   0x08004936   0x00000002   PAD
    0x08004938   0x08004938   0x0000000e   Code   RO         2162    .text.load_motor_offline_counter_update  interrupt_service.o
    0x08004946   0x08004946   0x00000002   PAD
    0x08004948   0x08004948   0x0000006e   Code   RO           11    .text.main          main.o
    0x080049b6   0x080049b6   0x00000002   PAD
    0x080049b8   0x080049b8   0x0000000c   Code   RO         1672    .text.makeFreeRtosPriority  cmsis_os.o
    0x080049c4   0x080049c4   0x000001ec   Code   RO         2215    .text.motor_algorithm_update  launch_thread.o
    0x08004bb0   0x08004bb0   0x0000001c   Code   RO         2211    .text.motor_measure_update  launch_thread.o
    0x08004bcc   0x08004bcc   0x000000c8   Code   RO         1976    .text.motor_process  motor.o
    0x08004c94   0x08004c94   0x00000096   Code   RO         2139    .text.oled_enter_one  oled.o
    0x08004d2a   0x08004d2a   0x00000002   PAD
    0x08004d2c   0x08004d2c   0x000000a6   Code   RO         2137    .text.oled_enter_string  oled.o
    0x08004dd2   0x08004dd2   0x00000002   PAD
    0x08004dd4   0x08004dd4   0x00000022   Code   RO         2135    .text.oled_new_line  oled.o
    0x08004df6   0x08004df6   0x00000002   PAD
    0x08004df8   0x08004df8   0x0000001a   Code   RO         2273    .text.oled_reflesh_thread  oled_reflesh_thread.o
    0x08004e12   0x08004e12   0x00000002   PAD
    0x08004e14   0x08004e14   0x00000018   Code   RO         2133    .text.oled_reset    oled.o
    0x08004e2c   0x08004e2c   0x00000074   Code   RO         2275    .text.oled_show_angle  oled_reflesh_thread.o
    0x08004ea0   0x08004ea0   0x00000010   Code   RO         1686    .text.osDelay       cmsis_os.o
    0x08004eb0   0x08004eb0   0x0000000a   Code   RO         1662    .text.osKernelStart  cmsis_os.o
    0x08004eba   0x08004eba   0x00000002   PAD
    0x08004ebc   0x08004ebc   0x0000006e   Code   RO         1670    .text.osThreadCreate  cmsis_os.o
    0x08004f2a   0x08004f2a   0x00000002   PAD
    0x08004f2c   0x08004f2c   0x0000000e   Code   RO         2172    .text.pitch_angle_encoder_offline_counter_update  interrupt_service.o
    0x08004f3a   0x08004f3a   0x00000002   PAD
    0x08004f3c   0x08004f3c   0x0000000e   Code   RO         2168    .text.pitch_motor_offline_counter_update  interrupt_service.o
    0x08004f4a   0x08004f4a   0x00000002   PAD
    0x08004f4c   0x08004f4c   0x000000a2   Code   RO         1546    .text.prvAddCurrentTaskToDelayedList  tasks.o
    0x08004fee   0x08004fee   0x00000002   PAD
    0x08004ff0   0x08004ff0   0x000000ac   Code   RO         1532    .text.prvAddNewTaskToReadyList  tasks.o
    0x0800509c   0x0800509c   0x0000004e   Code   RO         1630    .text.prvCheckTasksWaitingTermination  tasks.o
    0x080050ea   0x080050ea   0x00000002   PAD
    0x080050ec   0x080050ec   0x00000036   Code   RO         1538    .text.prvDeleteTCB  tasks.o
    0x08005122   0x08005122   0x00000002   PAD
    0x08005124   0x08005124   0x00000076   Code   RO         1784    .text.prvHeapInit   heap_4.o
    0x0800519a   0x0800519a   0x00000002   PAD
    0x0800519c   0x0800519c   0x0000002a   Code   RO         1568    .text.prvIdleTask   tasks.o
    0x080051c6   0x080051c6   0x00000002   PAD
    0x080051c8   0x080051c8   0x00000088   Code   RO         1530    .text.prvInitialiseNewTask  tasks.o
    0x08005250   0x08005250   0x0000006e   Code   RO         1628    .text.prvInitialiseTaskLists  tasks.o
    0x080052be   0x080052be   0x00000002   PAD
    0x080052c0   0x080052c0   0x0000005a   Code   RO         1786    .text.prvInsertBlockIntoFreeList  heap_4.o
    0x0800531a   0x0800531a   0x00000002   PAD
    0x0800531c   0x0800531c   0x00000028   Code   RO         1826    .text.prvPortStartFirstTask  port.o
    0x08005344   0x08005344   0x00000028   Code   RO         1540    .text.prvResetNextTaskUnblockTime  tasks.o
    0x0800536c   0x0800536c   0x00000032   Code   RO         1816    .text.prvTaskExitError  port.o
    0x0800539e   0x0800539e   0x00000002   PAD
    0x080053a0   0x080053a0   0x0000014a   Code   RO         1782    .text.pvPortMalloc  heap_4.o
    0x080054ea   0x080054ea   0x00000002   PAD
    0x080054ec   0x080054ec   0x00000028   Code   RO         1814    .text.pxPortInitialiseStack  port.o
    0x08005514   0x08005514   0x00000012   Code   RO         2008    .text.referee_init  referee.o
    0x08005526   0x08005526   0x00000002   PAD
    0x08005528   0x08005528   0x0000000e   Code   RO         2180    .text.referee_offline_counter_update  interrupt_service.o
    0x08005536   0x08005536   0x00000002   PAD
    0x08005538   0x08005538   0x00000024   Code   RO         2048    .text.remote_channel_leftX  remote.o
    0x0800555c   0x0800555c   0x00000024   Code   RO         2050    .text.remote_channel_leftY  remote.o
    0x08005580   0x08005580   0x00000012   Code   RO         2026    .text.remote_control_init  remote.o
    0x08005592   0x08005592   0x00000002   PAD
    0x08005594   0x08005594   0x00000024   Code   RO         2052    .text.remote_dial   remote.o
    0x080055b8   0x080055b8   0x0000000e   Code   RO         2176    .text.remote_offline_counter_update  interrupt_service.o
    0x080055c6   0x080055c6   0x00000002   PAD
    0x080055c8   0x080055c8   0x00000142   Code   RO         2038    .text.sbus_to_rc    remote.o
    0x0800570a   0x0800570a   0x00000002   PAD
    0x0800570c   0x0800570c   0x000001e8   Code   RO         2217    .text.shoot_command_update  launch_thread.o
    0x080058f4   0x080058f4   0x0000006a   Code   RO         1972    .text.shoot_motor_control  motor.o
    0x0800595e   0x0800595e   0x00000002   PAD
    0x08005960   0x08005960   0x00000062   Code   RO         1982    .text.shoot_motor_measure_update  motor.o
    0x080059c2   0x080059c2   0x00000002   PAD
    0x080059c4   0x080059c4   0x00000024   Code   RO         1915    .text.sign          user_lib.o
    0x080059e8   0x080059e8   0x00000040   Code   RO         2184    .text.timer_task_loop_1000Hz  interrupt_service.o
    0x08005a28   0x08005a28   0x00000024   Code   RO         1952    .text.usart1_rx_dma_init  bsp_usart.o
    0x08005a4c   0x08005a4c   0x00000024   Code   RO         1958    .text.usart6_rx_dma_init  bsp_usart.o
    0x08005a70   0x08005a70   0x00000024   Code   RO         1397    .text.uxListRemove  list.o
    0x08005a94   0x08005a94   0x0000001a   Code   RO           37    .text.vApplicationGetIdleTaskMemory  freertos.o
    0x08005aae   0x08005aae   0x00000002   PAD
    0x08005ab0   0x08005ab0   0x00000016   Code   RO         1389    .text.vListInitialise  list.o
    0x08005ac6   0x08005ac6   0x00000002   PAD
    0x08005ac8   0x08005ac8   0x00000006   Code   RO         1391    .text.vListInitialiseItem  list.o
    0x08005ace   0x08005ace   0x00000002   PAD
    0x08005ad0   0x08005ad0   0x0000003a   Code   RO         1395    .text.vListInsert   list.o
    0x08005b0a   0x08005b0a   0x00000002   PAD
    0x08005b0c   0x08005b0c   0x0000001c   Code   RO         1393    .text.vListInsertEnd  list.o
    0x08005b28   0x08005b28   0x00000014   Code   RO         1824    .text.vPortEnableVFP  port.o
    0x08005b3c   0x08005b3c   0x00000046   Code   RO         1830    .text.vPortEnterCritical  port.o
    0x08005b82   0x08005b82   0x00000002   PAD
    0x08005b84   0x08005b84   0x0000002e   Code   RO         1832    .text.vPortExitCritical  port.o
    0x08005bb2   0x08005bb2   0x00000002   PAD
    0x08005bb4   0x08005bb4   0x0000008a   Code   RO         1788    .text.vPortFree     heap_4.o
    0x08005c3e   0x08005c3e   0x00000002   PAD
    0x08005c40   0x08005c40   0x00000034   Code   RO         1822    .text.vPortSetupTimerInterrupt  port.o
    0x08005c74   0x08005c74   0x00000054   Code   RO         1542    .text.vTaskDelay    tasks.o
    0x08005cc8   0x08005cc8   0x00000080   Code   RO         1566    .text.vTaskStartScheduler  tasks.o
    0x08005d48   0x08005d48   0x00000010   Code   RO         1544    .text.vTaskSuspendAll  tasks.o
    0x08005d58   0x08005d58   0x00000086   Code   RO         1558    .text.vTaskSwitchContext  tasks.o
    0x08005dde   0x08005dde   0x00000002   PAD
    0x08005de0   0x08005de0   0x00000112   Code   RO         1820    .text.xPortStartScheduler  port.o
    0x08005ef2   0x08005ef2   0x00000002   PAD
    0x08005ef4   0x08005ef4   0x00000066   Code   RO         1534    .text.xTaskCreate   tasks.o
    0x08005f5a   0x08005f5a   0x00000002   PAD
    0x08005f5c   0x08005f5c   0x00000076   Code   RO         1528    .text.xTaskCreateStatic  tasks.o
    0x08005fd2   0x08005fd2   0x00000002   PAD
    0x08005fd4   0x08005fd4   0x00000164   Code   RO         1572    .text.xTaskIncrementTick  tasks.o
    0x08006138   0x08006138   0x00000118   Code   RO         1548    .text.xTaskResumeAll  tasks.o
    0x08006250   0x08006250   0x0000000e   Code   RO         2170    .text.yaw_angle_encoder_offline_counter_update  interrupt_service.o
    0x0800625e   0x0800625e   0x00000002   PAD
    0x08006260   0x08006260   0x0000000e   Code   RO         2166    .text.yaw_motor_offline_counter_update  interrupt_service.o
    0x0800626e   0x0800626e   0x00000002   PAD
    0x08006270   0x08006270   0x00000020   Code   RO         3981    i.__0printf$1       mc_w.l(printf1.o)
    0x08006290   0x08006290   0x00000030   Code   RO         4243    i.__ARM_fpclassify  m_wm.l(fpclassify.o)
    0x080062c0   0x080062c0   0x00000c60   Code   RO         3859    i.__hardfp_pow      m_wm.l(pow.o)
    0x08006f20   0x08006f20   0x0000009a   Code   RO         3891    i.__hardfp_roundf   m_wm.l(roundf.o)
    0x08006fba   0x08006fba   0x000000f8   Code   RO         4261    i.__kernel_poly     m_wm.l(poly.o)
    0x080070b2   0x080070b2   0x00000006   PAD
    0x080070b8   0x080070b8   0x00000030   Code   RO         4223    i.__mathlib_dbl_divzero  m_wm.l(dunder.o)
    0x080070e8   0x080070e8   0x00000014   Code   RO         4225    i.__mathlib_dbl_infnan2  m_wm.l(dunder.o)
    0x080070fc   0x080070fc   0x00000004   PAD
    0x08007100   0x08007100   0x00000020   Code   RO         4226    i.__mathlib_dbl_invalid  m_wm.l(dunder.o)
    0x08007120   0x08007120   0x00000020   Code   RO         4227    i.__mathlib_dbl_overflow  m_wm.l(dunder.o)
    0x08007140   0x08007140   0x00000020   Code   RO         4229    i.__mathlib_dbl_underflow  m_wm.l(dunder.o)
    0x08007160   0x08007160   0x0000000e   Code   RO         4328    i.__scatterload_copy  mc_w.l(handlers.o)
    0x0800716e   0x0800716e   0x00000002   Code   RO         4329    i.__scatterload_null  mc_w.l(handlers.o)
    0x08007170   0x08007170   0x0000000e   Code   RO         4330    i.__scatterload_zeroinit  mc_w.l(handlers.o)
    0x0800717e   0x0800717e   0x00000002   PAD
    0x08007180   0x08007180   0x0000000c   Code   RO         4298    i.__set_errno       mc_w.l(errno.o)
    0x0800718c   0x0800718c   0x00000154   Code   RO         3988    i._printf_core      mc_w.l(printf1.o)
    0x080072e0   0x080072e0   0x00000018   Code   RO         4239    i.fabs              m_wm.l(fabs.o)
    0x080072f8   0x080072f8   0x0000006e   Code   RO         3875    i.sqrt              m_wm.l(sqrt.o)
    0x08007366   0x08007366   0x00000002   PAD
    0x08007368   0x08007368   0x00000088   Data   RO         3862    .constdata          m_wm.l(pow.o)
    0x080073f0   0x080073f0   0x00000081   Data   RO         3903    .constdata          mc_w.l(ctype_o.o)
    0x08007471   0x08007471   0x00000003   PAD
    0x08007474   0x08007474   0x00000004   Data   RO         3904    .constdata          mc_w.l(ctype_o.o)
    0x08007478   0x08007478   0x00000008   Data   RO         4263    .constdata          m_wm.l(qnan.o)
    0x08007480   0x08007480   0x0000001c   Data   RO           48    .rodata..L__const.MX_FREERTOS_Init.os_thread_def_launch  freertos.o
    0x0800749c   0x0800749c   0x0000001c   Data   RO           50    .rodata..L__const.MX_FREERTOS_Init.os_thread_def_debug_light  freertos.o
    0x080074b8   0x080074b8   0x0000001c   Data   RO           46    .rodata..L__const.MX_FREERTOS_Init.os_thread_def_defaultTask  freertos.o
    0x080074d4   0x080074d4   0x0000001c   Data   RO           52    .rodata..L__const.MX_FREERTOS_Init.os_thread_def_oled_reflesh  freertos.o
    0x080074f0   0x080074f0   0x00000010   Data   RO         1348    .rodata.AHBPrescTable  system_stm32f4xx.o
    0x08007500   0x08007500   0x00000008   Data   RO         1349    .rodata.APBPrescTable  system_stm32f4xx.o
    0x08007508   0x08007508   0x000000d0   Data   RO         2142    .rodata.OLED_ALPHA_LOWER  oled.o
    0x080075d8   0x080075d8   0x000000d0   Data   RO         2143    .rodata.OLED_ALPHA_UPPER  oled.o
    0x080076a8   0x080076a8   0x00000050   Data   RO         2141    .rodata.OLED_NUMBER  oled.o
    0x080076f8   0x080076f8   0x00000018   Data   RO         2144    .rodata.OLED_SPECIAL  oled.o
    0x08007710   0x08007710   0x0000002b   Data   RO           45    .rodata.str1.1      freertos.o
    0x0800773b   0x0800773b   0x00000001   PAD
    0x0800773c   0x0800773c   0x00000020   Data   RO         4327    Region$$Table       anon$$obj.o


    Execution Region RW_IRAM2 (Exec base: 0x10000000, Load base: 0x08007798, Size: 0x00000000, Max: 0x00010000, ABSOLUTE)

    **** No section assigned to this execution region ****


    Execution Region RW_IRAM1 (Exec base: 0x20000000, Load base: 0x08007760, Size: 0x000052d0, Max: 0x00030000, ABSOLUTE)

    Exec Addr    Load Addr    Size         Type   Attr      Idx    E Section Name        Object

    0x20000000   0x08007760   0x00000004   Data   RW         4278    .data               mc_w.l(stdout.o)
    0x20000004   0x08007764   0x00000004   Data   RW         4299    .data               mc_w.l(errno.o)
    0x20000008   0x08007768   0x0000000c   Data   RW         2227    .data.DRAG_LEFT_OPERATE  launch_thread.o
    0x20000014   0x08007774   0x0000000c   Data   RW         2228    .data.DRAG_RIGHT_OPERATE  launch_thread.o
    0x20000020   0x08007780   0x00000004   Data   RW         1347    .data.SystemCoreClock  system_stm32f4xx.o
    0x20000024   0x08007784   0x00000002   Data   RW         2237    .data.tim_bottom_compare  launch_thread.o
    0x20000026   0x08007786   0x00000002   Data   RW         2236    .data.tim_left_compare  launch_thread.o
    0x20000028   0x08007788   0x00000002   Data   RW         2235    .data.tim_right_compare  launch_thread.o
    0x2000002a   0x0800778a   0x00000001   Data   RW          721    .data.uwTickFreq    stm32f4xx_hal.o
    0x2000002b   0x0800778b   0x00000001   PAD
    0x2000002c   0x0800778c   0x00000004   Data   RW          720    .data.uwTickPrio    stm32f4xx_hal.o
    0x20000030   0x08007790   0x00000004   Data   RW         1842    .data.uxCriticalNesting  port.o
    0x20000034   0x08007794   0x00000004   PAD
    0x20000038        -       0x00000001   Zero   RW         2247    .bss.DART_RACK_AIM_SHOOT  launch_thread.o
    0x20000039        -       0x00000001   Zero   RW         2243    .bss.DART_RACK_CLIENT_CMD  launch_thread.o
    0x2000003a   0x08007794   0x00000002   PAD
    0x2000003c        -       0x00000004   Zero   RW           72    .bss.HAL_RCC_CAN1_CLK_ENABLED  can.o
    0x20000040        -       0x00000010   Zero   RW         1985    .bss.MotorSendBuffer  motor.o
    0x20000050        -       0x00000400   Zero   RW         2145    .bss.OLED_GRAM      oled.o
    0x20000450        -       0x00000004   Zero   RW         2196    .bss.SystemTimer    interrupt_service.o
    0x20000454        -       0x00000004   Zero   RW         2244    .bss.temp_yaw_cmd   launch_thread.o
    0x20000458        -       0x00000004   Zero   RW         2246    .bss.YAW_TARGET_ANGLE  launch_thread.o
    0x2000045c        -       0x00000004   Zero   RW         2245    .bss.YAW_TOWER_ANGLE  launch_thread.o
    0x20000460        -       0x00000002   Zero   RW         1991    .bss.adjust_motor_measure.1  motor.o
    0x20000462   0x08007794   0x00000002   PAD
    0x20000464        -       0x00000018   Zero   RW         1984    .bss.can_tx_message  motor.o
    0x2000047c        -       0x00000002   Zero   RW         2017    .bss.cmd_id         referee.o
    0x2000047e   0x08007794   0x00000002   PAD
    0x20000480        -       0x000005c8   Zero   RW         2241    .bss.dart_rack      launch_thread.o
    0x20000a48        -       0x00000004   Zero   RW           51    .bss.debug_light_thread_handle  freertos.o
    0x20000a4c        -       0x00000004   Zero   RW           47    .bss.defaultTaskHandle  freertos.o
    0x20000a50        -       0x00000002   Zero   RW         1988    .bss.drag_left_motor_measure.1  motor.o
    0x20000a52        -       0x00000002   Zero   RW         1989    .bss.drag_right_motor_measure.1  motor.o
    0x20000a54        -       0x00000001   Zero   RW         2242    .bss.drslast        launch_thread.o
    0x20000a55        -       0x00000001   Zero   RW         2248    .bss.drsthis        launch_thread.o
    0x20000a56   0x08007794   0x00000002   PAD
    0x20000a58        -       0x00000020   Zero   RW         2277    .bss.encoder        oled_reflesh_thread.o
    0x20000a78        -       0x00000028   Zero   RW           70    .bss.hcan1          can.o
    0x20000aa0        -       0x00000028   Zero   RW           71    .bss.hcan2          can.o
    0x20000ac8        -       0x00000060   Zero   RW          141    .bss.hdma_usart1_rx  usart.o
    0x20000b28        -       0x00000060   Zero   RW          142    .bss.hdma_usart6_rx  usart.o
    0x20000b88        -       0x00000058   Zero   RW           96    .bss.hspi1          spi.o
    0x20000be0        -       0x00000048   Zero   RW          195    .bss.htim1          stm32f4xx_hal_timebase_tim.o
    0x20000c28        -       0x00000048   Zero   RW          117    .bss.htim2          tim.o
    0x20000c70        -       0x00000048   Zero   RW          118    .bss.htim4          tim.o
    0x20000cb8        -       0x00000048   Zero   RW          119    .bss.htim5          tim.o
    0x20000d00        -       0x00000044   Zero   RW          138    .bss.huart1         usart.o
    0x20000d44        -       0x00000044   Zero   RW          139    .bss.huart3         usart.o
    0x20000d88        -       0x00000044   Zero   RW          140    .bss.huart6         usart.o
    0x20000dcc        -       0x00000001   Zero   RW         2146    .bss.idx            oled.o
    0x20000dcd        -       0x00000001   Zero   RW         2147    .bss.idy            oled.o
    0x20000dce        -       0x00000002   Zero   RW         2106    .bss.key_former_channel  remote.o
    0x20000dd0        -       0x00000002   Zero   RW         2107    .bss.key_jump_channel  remote.o
    0x20000dd2   0x08007794   0x00000002   PAD
    0x20000dd4        -       0x00000004   Zero   RW           49    .bss.launch_thread_handle  freertos.o
    0x20000dd8        -       0x00000002   Zero   RW         1990    .bss.load_motor_measure.1  motor.o
    0x20000dda        -       0x0000000a   Zero   RW         2239    .bss.offline        launch_thread.o
    0x20000de4        -       0x0000000a   Zero   RW         2264    .bss.offline        debug_light_thread.o
    0x20000dee   0x08007794   0x00000002   PAD
    0x20000df0        -       0x00000028   Zero   RW         2197    .bss.offline_counter  interrupt_service.o
    0x20000e18        -       0x0000000a   Zero   RW         2198    .bss.offline_monitor  interrupt_service.o
    0x20000e22   0x08007794   0x00000002   PAD
    0x20000e24        -       0x00000004   Zero   RW           53    .bss.oled_reflesh_thread_handle  freertos.o
    0x20000e28        -       0x00000002   Zero   RW         1998    .bss.pitch_angle_encoder.0  motor.o
    0x20000e2a        -       0x00000002   Zero   RW         1999    .bss.pitch_angle_encoder.1  motor.o
    0x20000e2c        -       0x00000002   Zero   RW         1994    .bss.pitch_motor_measure.0  motor.o
    0x20000e2e        -       0x00000002   Zero   RW         1995    .bss.pitch_motor_measure.1  motor.o
    0x20000e30        -       0x00000004   Zero   RW         1632    .bss.pxCurrentTCB   tasks.o
    0x20000e34        -       0x00000004   Zero   RW         1648    .bss.pxDelayedTaskList  tasks.o
    0x20000e38        -       0x00000004   Zero   RW         1798    .bss.pxEnd          heap_4.o
    0x20000e3c        -       0x00000004   Zero   RW         1649    .bss.pxOverflowDelayedTaskList  tasks.o
    0x20000e40        -       0x0000008c   Zero   RW         1633    .bss.pxReadyTasksLists  tasks.o
    0x20000ecc        -       0x00000018   Zero   RW         2110    .bss.rc_ctrl        remote.o
    0x20000ee4        -       0x00000006   Zero   RW         2240    .bss.referee        launch_thread.o
    0x20000eea        -       0x00000006   Zero   RW         2018    .bss.referee_information  referee.o
    0x20000ef0        -       0x00000050   Zero   RW         2016    .bss.referee_rx_buf  referee.o
    0x20000f40        -       0x00000001   Zero   RW         2195    .bss.referee_rx_len  interrupt_service.o
    0x20000f41   0x08007794   0x00000003   PAD
    0x20000f44        -       0x00000018   Zero   RW         2238    .bss.remote         launch_thread.o
    0x20000f5c        -       0x00000014   Zero   RW         1929    .bss.rx_buf         user_lib.o
    0x20000f70        -       0x00000014   Zero   RW         2278    .bss.rx_buf         oled_reflesh_thread.o
    0x20000f84        -       0x00000001   Zero   RW         2194    .bss.rx_len         interrupt_service.o
    0x20000f85        -       0x00000001   Zero   RW         2279    .bss.rx_len         oled_reflesh_thread.o
    0x20000f86        -       0x00000024   Zero   RW         2109    .bss.sbus_rx_buf    remote.o
    0x20000faa   0x08007794   0x00000002   PAD
    0x20000fac        -       0x00000004   Zero   RW         1986    .bss.send_mail_box  motor.o
    0x20000fb0        -       0x00000004   Zero   RW         1987    .bss.time_count     motor.o
    0x20000fb4        -       0x00003c00   Zero   RW         1805    .bss.ucHeap         heap_4.o
    0x20004bb4        -       0x00000001   Zero   RW         1840    .bss.ucMaxSysCallPriority  port.o
    0x20004bb5   0x08007794   0x00000003   PAD
    0x20004bb8        -       0x00000004   Zero   RW         1841    .bss.ulMaxPRIGROUPValue  port.o
    0x20004bbc        -       0x00000004   Zero   RW          722    .bss.uwTick         stm32f4xx_hal.o
    0x20004bc0        -       0x00000004   Zero   RW         1638    .bss.uxCurrentNumberOfTasks  tasks.o
    0x20004bc4        -       0x00000004   Zero   RW         1637    .bss.uxDeletedTasksWaitingCleanUp  tasks.o
    0x20004bc8        -       0x00000004   Zero   RW         1640    .bss.uxSchedulerSuspended  tasks.o
    0x20004bcc        -       0x00000004   Zero   RW         1635    .bss.uxTaskNumber   tasks.o
    0x20004bd0        -       0x00000004   Zero   RW         1634    .bss.uxTopReadyPriority  tasks.o
    0x20004bd4        -       0x00000001   Zero   RW         1799    .bss.xBlockAllocatedBit  heap_4.o
    0x20004bd5   0x08007794   0x00000003   PAD
    0x20004bd8        -       0x00000014   Zero   RW         1651    .bss.xDelayedTaskList1  tasks.o
    0x20004bec        -       0x00000014   Zero   RW         1652    .bss.xDelayedTaskList2  tasks.o
    0x20004c00        -       0x00000004   Zero   RW         1800    .bss.xFreeBytesRemaining  heap_4.o
    0x20004c04        -       0x00000200   Zero   RW           44    .bss.xIdleStack     freertos.o
    0x20004e04        -       0x00000004   Zero   RW         1643    .bss.xIdleTaskHandle  tasks.o
    0x20004e08        -       0x00000054   Zero   RW           43    .bss.xIdleTaskTCBBuffer  freertos.o
    0x20004e5c        -       0x00000004   Zero   RW         1802    .bss.xMinimumEverFreeBytesRemaining  heap_4.o
    0x20004e60        -       0x00000004   Zero   RW         1644    .bss.xNextTaskUnblockTime  tasks.o
    0x20004e64        -       0x00000004   Zero   RW         1650    .bss.xNumOfOverflows  tasks.o
    0x20004e68        -       0x00000004   Zero   RW         1803    .bss.xNumberOfSuccessfulAllocations  heap_4.o
    0x20004e6c        -       0x00000004   Zero   RW         1804    .bss.xNumberOfSuccessfulFrees  heap_4.o
    0x20004e70        -       0x00000004   Zero   RW         1647    .bss.xPendedTicks   tasks.o
    0x20004e74        -       0x00000014   Zero   RW         1642    .bss.xPendingReadyList  tasks.o
    0x20004e88        -       0x00000004   Zero   RW         1639    .bss.xSchedulerRunning  tasks.o
    0x20004e8c        -       0x00000008   Zero   RW         1801    .bss.xStart         heap_4.o
    0x20004e94        -       0x00000014   Zero   RW         1641    .bss.xSuspendedTaskList  tasks.o
    0x20004ea8        -       0x00000014   Zero   RW         1636    .bss.xTasksWaitingTermination  tasks.o
    0x20004ebc        -       0x00000004   Zero   RW         1645    .bss.xTickCount     tasks.o
    0x20004ec0        -       0x00000004   Zero   RW         1646    .bss.xYieldPending  tasks.o
    0x20004ec4        -       0x00000002   Zero   RW         1996    .bss.yaw_angle_encoder.0  motor.o
    0x20004ec6        -       0x00000002   Zero   RW         1997    .bss.yaw_angle_encoder.1  motor.o
    0x20004ec8        -       0x00000002   Zero   RW         1992    .bss.yaw_motor_measure.0  motor.o
    0x20004eca        -       0x00000002   Zero   RW         1993    .bss.yaw_motor_measure.1  motor.o
    0x20004ecc   0x08007794   0x00000004   PAD
    0x20004ed0        -       0x00000400   Zero   RW            1    STACK               startup_stm32f427xx.o


==============================================================================

Image component sizes


      Code (inc. data)   RO Data    RW Data    ZI Data      Debug   Object Name

        98          0          0          0          0       3614   bsp_can.o
       104          0          0          0          0       2465   bsp_usart.o
       408          0          0          0         84       6694   can.o
       148          0          0          0          0      19562   cmsis_os.o
       232          0          0          0         10       2638   debug_light_thread.o
        70          0          0          0          0       3500   dma.o
       232          0        155          0        612       3433   freertos.o
       574          0          0          0          0       2616   gpio.o
       676          0          0          0      15389       4778   heap_4.o
       788         10          0          0         56       7195   interrupt_service.o
      1550         48          0         30       1536       8387   launch_thread.o
       150          0          0          0          0       2252   list.o
       314          0          0          0          0       6144   main.o
       874         34          0          0         72       6019   motor.o
       374          6        520          0       1026       4399   oled.o
       142          8          0          0         53       1705   oled_reflesh_thread.o
       588          8          0          0          0       4806   pid.o
       774         16          0          4          5       3958   port.o
       106          0          0          0         88       1351   referee.o
       610         12          0          0         64       5780   remote.o
       248          0          0          0         88       5104   spi.o
        36          8        428          0       1024        856   startup_stm32f427xx.o
        92          0          0          5          4       7676   stm32f4xx_hal.o
      1636          6          0          0          0      13141   stm32f4xx_hal_can.o
       204          0          0          0          0      10885   stm32f4xx_hal_cortex.o
      1016         12          0          0          0       9304   stm32f4xx_hal_dma.o
       420          0          0          0          0       5270   stm32f4xx_hal_gpio.o
        70          0          0          0          0       3560   stm32f4xx_hal_msp.o
       122          0          0          0          0       4635   stm32f4xx_hal_pwr_ex.o
      1438          0          0          0          0       7375   stm32f4xx_hal_rcc.o
       180          0          0          0          0      21699   stm32f4xx_hal_spi.o
      2338          4          0          0          0      44874   stm32f4xx_hal_tim.o
       188          0          0          0          0      19266   stm32f4xx_hal_tim_ex.o
       164          0          0          0         72       7371   stm32f4xx_hal_timebase_tim.o
      1316          0          0          0          0      24765   stm32f4xx_hal_uart.o
        92          0          0          0          0       2512   stm32f4xx_it.o
        18          0         24          4          0       2710   system_stm32f4xx.o
      2012          8          0          0        300      24814   tasks.o
       968          0          0          0        216       9075   tim.o
       668          0          0          0        396       7576   usart.o
       548          4          0          0         20       3172   user_lib.o

    ----------------------------------------------------------------------
     22868        196       1160         44      21148     336936   Object Totals
         0          0         32          0          0          0   (incl. Generated)
       282         12          1          1         33          0   (incl. Padding)

    ----------------------------------------------------------------------

      Code (inc. data)   RO Data    RW Data    ZI Data      Debug   Library Member Name

       164         44          0          0          0        620   dunder.o
        24          0          0          0          0        124   fabs.o
        48          0          0          0          0        124   fpclassify.o
       248          0          0          0          0        152   poly.o
      3168        296        136          0          0        352   pow.o
         0          0          8          0          0          0   qnan.o
       154          0          0          0          0        140   roundf.o
       110          0          0          0          0        148   sqrt.o
         8          4        133          0          0         68   ctype_o.o
         0          0          0          0          0          0   entry.o
         0          0          0          0          0          0   entry10a.o
         0          0          0          0          0          0   entry11a.o
         8          4          0          0          0          0   entry2.o
         4          0          0          0          0          0   entry5.o
         0          0          0          0          0          0   entry7b.o
         0          0          0          0          0          0   entry8b.o
         8          4          0          0          0          0   entry9a.o
        12          6          0          4          0         68   errno.o
        30          0          0          0          0          0   handlers.o
        36          8          0          0          0         68   init.o
         0          0          0          0          0          0   iusefp.o
        30          0          0          0          0         68   llshl.o
        36          0          0          0          0         68   llsshr.o
        32          0          0          0          0         68   llushr.o
        36          0          0          0          0         68   memcpya.o
        36          0          0          0          0        108   memseta.o
       372         14          0          0          0        184   printf1.o
         0          0          0          4          0          0   stdout.o
        44          0          0          0          0         80   uidiv.o
        98          0          0          0          0         92   uldiv.o
        48          0          0          0          0         68   cdrcmple.o
        56          0          0          0          0         88   d2f.o
       334          0          0          0          0        148   dadd.o
       222          0          0          0          0        100   ddiv.o
       186          0          0          0          0        176   depilogue.o
        34          0          0          0          0         76   dflti.o
       228          0          0          0          0         96   dmul.o
        46          0          0          0          0         80   dscalb.o
       162          0          0          0          0        100   dsqrt.o
        38          0          0          0          0         68   f2d.o
       110          0          0          0          0        168   fepilogue.o
        60          0          0          0          0         76   frnd.o

    ----------------------------------------------------------------------
      6248        380        280          8          0       3844   Library Totals
        18          0          3          0          0          0   (incl. Padding)

    ----------------------------------------------------------------------

      Code (inc. data)   RO Data    RW Data    ZI Data      Debug   Library Name

      3916        340        144          0          0       1660   m_wm.l
       790         40        133          8          0        940   mc_w.l
      1524          0          0          0          0       1244   mf_w.l

    ----------------------------------------------------------------------
      6248        380        280          8          0       3844   Library Totals

    ----------------------------------------------------------------------

==============================================================================


      Code (inc. data)   RO Data    RW Data    ZI Data      Debug   

     29116        576       1440         52      21148     338164   Grand Totals
     29116        576       1440         52      21148     338164   ELF Image Totals
     29116        576       1440         52          0          0   ROM Totals

==============================================================================

    Total RO  Size (Code + RO Data)                30556 (  29.84kB)
    Total RW  Size (RW Data + ZI Data)             21200 (  20.70kB)
    Total ROM Size (Code + RO Data + RW Data)      30608 (  29.89kB)

==============================================================================

